#
# There is insufficient memory for the Java Runtime Environment to continue.
# Native memory allocation (mmap) failed to map 50331648 bytes. Error detail: G1 virtual space
# Possible reasons:
#   The system is out of physical RAM or swap space
#   This process is running with CompressedOops enabled, and the Java Heap may be blocking the growth of the native heap
# Possible solutions:
#   Reduce memory load on the system
#   Increase physical memory or swap space
#   Check if swap backing store is full
#   Decrease Java heap size (-Xmx/-Xms)
#   Decrease number of Java threads
#   Decrease Java thread stack sizes (-Xss)
#   Set larger code cache with -XX:ReservedCodeCacheSize=
#   JVM is running with Zero Based Compressed Oops mode in which the Java heap is
#     placed in the first 32GB address space. The Java Heap base address is the
#     maximum limit for the native heap growth. Please use -XX:HeapBaseMinAddress
#     to set the Java Heap base and to place the Java Heap above 32GB virtual address.
# This output file may be truncated or incomplete.
#
#  Out of Memory Error (os_windows.cpp:3714), pid=8452, tid=11052
#
# JRE version: OpenJDK Runtime Environment Temurin-21.0.10+7 (21.0.10+7) (build 21.0.10+7-LTS)
# Java VM: OpenJDK 64-Bit Server VM Temurin-21.0.10+7 (21.0.10+7-LTS, mixed mode, sharing, tiered, compressed oops, compressed class ptrs, g1 gc, windows-amd64)
# No core dump will be written. Minidumps are not enabled by default on client versions of Windows
#

---------------  S U M M A R Y ------------

Command Line: --add-opens=java.base/java.lang=ALL-UNNAMED --add-opens=java.base/java.lang.invoke=ALL-UNNAMED --add-opens=java.base/java.util=ALL-UNNAMED --add-opens=java.prefs/java.util.prefs=ALL-UNNAMED --add-exports=jdk.compiler/com.sun.tools.javac.api=ALL-UNNAMED --add-exports=jdk.compiler/com.sun.tools.javac.util=ALL-UNNAMED --add-opens=java.base/java.util=ALL-UNNAMED --add-opens=java.prefs/java.util.prefs=ALL-UNNAMED --add-opens=java.base/java.nio.charset=ALL-UNNAMED --add-opens=java.base/java.net=ALL-UNNAMED --add-opens=java.base/java.util.concurrent.atomic=ALL-UNNAMED --add-opens=java.xml/javax.xml.namespace=ALL-UNNAMED -XX:MaxMetaspaceSize=4G -XX:ReservedCodeCacheSize=512m -XX:+HeapDumpOnOutOfMemoryError -Xmx8G -Dfile.encoding=UTF-8 -Duser.country=US -Duser.language=en -Duser.variant -javaagent:C:\Users\admin\.gradle\wrapper\dists\gradle-8.14-all\c2qonpi39x1mddn7hk5gh9iqj\gradle-8.14\lib\agents\gradle-instrumentation-agent-8.14.jar org.gradle.launcher.daemon.bootstrap.GradleDaemon 8.14

Host: Intel(R) Core(TM) i5-3470S CPU @ 2.90GHz, 4 cores, 7G,  Windows 10 , 64 bit Build 18362 (10.0.18362.1500)
Time: Sat May 30 17:53:23 2026 India Standard Time elapsed time: 99.465766 seconds (0d 0h 1m 39s)

---------------  T H R E A D  ---------------

Current thread (0x000001e66d000ff0):  VMThread "VM Thread"          [id=11052, stack(0x000000dd17500000,0x000000dd17600000) (1024K)]

Stack: [0x000000dd17500000,0x000000dd17600000]
Native frames: (J=compiled Java code, j=interpreted, Vv=VM code, C=native code)
V  [jvm.dll+0x6d7a39]
V  [jvm.dll+0x8b4b26]
V  [jvm.dll+0x8b70de]
V  [jvm.dll+0x8b77c3]
V  [jvm.dll+0x284346]
V  [jvm.dll+0x6d4355]
V  [jvm.dll+0x6c808a]
V  [jvm.dll+0x35edb8]
V  [jvm.dll+0x3669f6]
V  [jvm.dll+0x3b7afe]
V  [jvm.dll+0x3b7da8]
V  [jvm.dll+0x332fbc]
V  [jvm.dll+0x333047]
V  [jvm.dll+0x376e1c]
V  [jvm.dll+0x3755be]
V  [jvm.dll+0x332701]
V  [jvm.dll+0x374c2a]
V  [jvm.dll+0x8bd4b0]
V  [jvm.dll+0x8be824]
V  [jvm.dll+0x8bed50]
V  [jvm.dll+0x8beff3]
V  [jvm.dll+0x85f59d]
V  [jvm.dll+0x6d626d]
C  [ucrtbase.dll+0x210b2]
C  [KERNEL32.DLL+0x17c24]
C  [ntdll.dll+0x6d721]

VM_Operation (0x000000dd189f0770): G1CollectForAllocation, mode: safepoint, requested by thread 0x000001e6b3f9ec50


---------------  P R O C E S S  ---------------

Threads class SMR info:
_java_thread_list=0x000001e6bd321620, length=80, elements={
0x000001e65b635580, 0x000001e66d01aa90, 0x000001e66d01db70, 0x000001e66d022120,
0x000001e66d023190, 0x000001e66d023bf0, 0x000001e66d024ce0, 0x000001e66d025a70,
0x000001e66d2b0f00, 0x000001e66d41cba0, 0x000001e66d47aeb0, 0x000001e6b3cb4cf0,
0x000001e6b3dc8ad0, 0x000001e6b3efb530, 0x000001e6b3ffb9e0, 0x000001e6b400eb50,
0x000001e6b3f26e40, 0x000001e6b3f9ec50, 0x000001e6b3fa13b0, 0x000001e6b3f9e5c0,
0x000001e6b3fa0690, 0x000001e6b3fa0d20, 0x000001e6b3f9f970, 0x000001e6b3f9df30,
0x000001e6b3f9f2e0, 0x000001e6b643f670, 0x000001e6b643dc30, 0x000001e6b64386e0,
0x000001e6b643efe0, 0x000001e6b643fd00, 0x000001e6b643a7b0, 0x000001e6b6439400,
0x000001e6b643c1f0, 0x000001e6b643ae40, 0x000001e6b643d5a0, 0x000001e6b643cf10,
0x000001e6b48fda20, 0x000001e6b48f8b60, 0x000001e6b48ff460, 0x000001e6b48f91f0,
0x000001e6b48fe0b0, 0x000001e6b48fe740, 0x000001e6b48fedd0, 0x000001e6b48ffaf0,
0x000001e6b48fb2c0, 0x000001e6b48fac30, 0x000001e6b630a670, 0x000001e6b63057b0,
0x000001e6b6306b60, 0x000001e6b6304400, 0x000001e6b63092c0, 0x000001e6b630ba20,
0x000001e6b6309fe0, 0x000001e6b6305120, 0x000001e6b6304a90, 0x000001e6b6307880,
0x000001e6b630ad00, 0x000001e6b6305e40, 0x000001e6b63064d0, 0x000001e6b63071f0,
0x000001e6b63085a0, 0x000001e6b630b390, 0x000001e6b7de9cb0, 0x000001e6b7dea340,
0x000001e6b7deeb70, 0x000001e6b7deb060, 0x000001e6b7deb6f0, 0x000001e6b7dec410,
0x000001e6b7decaa0, 0x000001e6b7de7be0, 0x000001e6b7def200, 0x000001e6b7ded130,
0x000001e6b7ded7c0, 0x000001e6b7dede50, 0x000001e6b7de8270, 0x000001e6b7de8900,
0x000001e6b4e0af00, 0x000001e6b4e06d60, 0x000001e6b4e09b50, 0x000001e6be1a3a70
}

Java Threads: ( => current thread )
  0x000001e65b635580 JavaThread "main"                              [_thread_blocked, id=11844, stack(0x000000dd16d00000,0x000000dd16e00000) (1024K)]
  0x000001e66d01aa90 JavaThread "Reference Handler"          daemon [_thread_blocked, id=11096, stack(0x000000dd17600000,0x000000dd17700000) (1024K)]
  0x000001e66d01db70 JavaThread "Finalizer"                  daemon [_thread_blocked, id=13160, stack(0x000000dd17700000,0x000000dd17800000) (1024K)]
  0x000001e66d022120 JavaThread "Signal Dispatcher"          daemon [_thread_blocked, id=1460, stack(0x000000dd17800000,0x000000dd17900000) (1024K)]
  0x000001e66d023190 JavaThread "Attach Listener"            daemon [_thread_blocked, id=13032, stack(0x000000dd17900000,0x000000dd17a00000) (1024K)]
  0x000001e66d023bf0 JavaThread "Service Thread"             daemon [_thread_blocked, id=13288, stack(0x000000dd17a00000,0x000000dd17b00000) (1024K)]
  0x000001e66d024ce0 JavaThread "Monitor Deflation Thread"   daemon [_thread_blocked, id=7832, stack(0x000000dd17b00000,0x000000dd17c00000) (1024K)]
  0x000001e66d025a70 JavaThread "C2 CompilerThread0"         daemon [_thread_blocked, id=8776, stack(0x000000dd17c00000,0x000000dd17d00000) (1024K)]
  0x000001e66d2b0f00 JavaThread "C1 CompilerThread0"         daemon [_thread_blocked, id=12732, stack(0x000000dd17d00000,0x000000dd17e00000) (1024K)]
  0x000001e66d41cba0 JavaThread "Common-Cleaner"             daemon [_thread_blocked, id=13192, stack(0x000000dd17e00000,0x000000dd17f00000) (1024K)]
  0x000001e66d47aeb0 JavaThread "Notification Thread"        daemon [_thread_blocked, id=12256, stack(0x000000dd17f00000,0x000000dd18000000) (1024K)]
  0x000001e6b3cb4cf0 JavaThread "Daemon health stats"               [_thread_blocked, id=2712, stack(0x000000dd18300000,0x000000dd18400000) (1024K)]
  0x000001e6b3dc8ad0 JavaThread "Incoming local TCP Connector on port 51876"        [_thread_in_native, id=11900, stack(0x000000dd18400000,0x000000dd18500000) (1024K)]
  0x000001e6b3efb530 JavaThread "Daemon periodic checks"            [_thread_blocked, id=12560, stack(0x000000dd18500000,0x000000dd18600000) (1024K)]
  0x000001e6b3ffb9e0 JavaThread "Daemon"                            [_thread_blocked, id=12552, stack(0x000000dd18600000,0x000000dd18700000) (1024K)]
  0x000001e6b400eb50 JavaThread "Handler for socket connection from /127.0.0.1:51876 to /127.0.0.1:51877"        [_thread_in_native, id=13100, stack(0x000000dd18700000,0x000000dd18800000) (1024K)]
  0x000001e6b3f26e40 JavaThread "Cancel handler"                    [_thread_blocked, id=13060, stack(0x000000dd18800000,0x000000dd18900000) (1024K)]
  0x000001e6b3f9ec50 JavaThread "Daemon worker"                     [_thread_blocked, id=5612, stack(0x000000dd18900000,0x000000dd18a00000) (1024K)]
  0x000001e6b3fa13b0 JavaThread "Asynchronous log dispatcher for DefaultDaemonConnection: socket connection from /127.0.0.1:51876 to /127.0.0.1:51877"        [_thread_blocked, id=5592, stack(0x000000dd18a00000,0x000000dd18b00000) (1024K)]
  0x000001e6b3f9e5c0 JavaThread "Stdin handler"                     [_thread_blocked, id=13172, stack(0x000000dd18b00000,0x000000dd18c00000) (1024K)]
  0x000001e6b3fa0690 JavaThread "Daemon client event forwarder"        [_thread_blocked, id=3428, stack(0x000000dd18c00000,0x000000dd18d00000) (1024K)]
  0x000001e6b3fa0d20 JavaThread "Cache worker for journal cache (C:\Users\admin\.gradle\caches\journal-1)"        [_thread_blocked, id=13252, stack(0x000000dd18d00000,0x000000dd18e00000) (1024K)]
  0x000001e6b3f9f970 JavaThread "File lock request listener"        [_thread_in_native, id=12652, stack(0x000000dd18e00000,0x000000dd18f00000) (1024K)]
  0x000001e6b3f9df30 JavaThread "Cache worker for file hash cache (C:\Users\admin\.gradle\caches\8.14\fileHashes)"        [_thread_blocked, id=13240, stack(0x000000dd18f00000,0x000000dd19000000) (1024K)]
  0x000001e6b3f9f2e0 JavaThread "Cache worker for file hash cache (C:\Users\admin\Desktop\Bigiluu-DMK\dmk_project\android\.gradle\8.14\fileHashes)"        [_thread_blocked, id=5256, stack(0x000000dd19100000,0x000000dd19200000) (1024K)]
  0x000001e6b643f670 JavaThread "Cache worker for Build Output Cleanup Cache (C:\Users\admin\Desktop\Bigiluu-DMK\dmk_project\android\.gradle\buildOutputCleanup)"        [_thread_blocked, id=788, stack(0x000000dd19200000,0x000000dd19300000) (1024K)]
  0x000001e6b643dc30 JavaThread "File watcher server"        daemon [_thread_in_native, id=12352, stack(0x000000dd19300000,0x000000dd19400000) (1024K)]
  0x000001e6b64386e0 JavaThread "File watcher consumer"      daemon [_thread_blocked, id=12028, stack(0x000000dd19400000,0x000000dd19500000) (1024K)]
  0x000001e6b643efe0 JavaThread "jar transforms"                    [_thread_blocked, id=12296, stack(0x000000dd19500000,0x000000dd19600000) (1024K)]
  0x000001e6b643fd00 JavaThread "jar transforms Thread 2"           [_thread_blocked, id=316, stack(0x000000dd19600000,0x000000dd19700000) (1024K)]
  0x000001e6b643a7b0 JavaThread "Cache worker for checksums cache (C:\Users\admin\Desktop\Bigiluu-DMK\dmk_project\android\.gradle\8.14\checksums)"        [_thread_blocked, id=12104, stack(0x000000dd19700000,0x000000dd19800000) (1024K)]
  0x000001e6b6439400 JavaThread "Cache worker for file content cache (C:\Users\admin\.gradle\caches\8.14\fileContent)"        [_thread_blocked, id=11756, stack(0x000000dd19800000,0x000000dd19900000) (1024K)]
  0x000001e6b643c1f0 JavaThread "Cache worker for cache directory md-supplier (C:\Users\admin\.gradle\caches\8.14\md-supplier)"        [_thread_blocked, id=13116, stack(0x000000dd19000000,0x000000dd19100000) (1024K)]
  0x000001e6b643ae40 JavaThread "Cache worker for cache directory md-rule (C:\Users\admin\.gradle\caches\8.14\md-rule)"        [_thread_blocked, id=12116, stack(0x000000dd19900000,0x000000dd19a00000) (1024K)]
  0x000001e6b643d5a0 JavaThread "Cache worker for Build Output Cleanup Cache (C:\flutter\packages\flutter_tools\gradle\.gradle\buildOutputCleanup)"        [_thread_blocked, id=9896, stack(0x000000dd19b00000,0x000000dd19c00000) (1024K)]
  0x000001e6b643cf10 JavaThread "Unconstrained build operations"        [_thread_blocked, id=10988, stack(0x000000dd19c00000,0x000000dd19d00000) (1024K)]
  0x000001e6b48fda20 JavaThread "Unconstrained build operations Thread 2"        [_thread_blocked, id=12840, stack(0x000000dd19d00000,0x000000dd19e00000) (1024K)]
  0x000001e6b48f8b60 JavaThread "Unconstrained build operations Thread 3"        [_thread_blocked, id=12772, stack(0x000000dd19e00000,0x000000dd19f00000) (1024K)]
  0x000001e6b48ff460 JavaThread "Unconstrained build operations Thread 4"        [_thread_blocked, id=9496, stack(0x000000dd19f00000,0x000000dd1a000000) (1024K)]
  0x000001e6b48f91f0 JavaThread "Unconstrained build operations Thread 5"        [_thread_blocked, id=8312, stack(0x000000dd1a000000,0x000000dd1a100000) (1024K)]
  0x000001e6b48fe0b0 JavaThread "Unconstrained build operations Thread 6"        [_thread_blocked, id=12800, stack(0x000000dd1a100000,0x000000dd1a200000) (1024K)]
  0x000001e6b48fe740 JavaThread "Unconstrained build operations Thread 7"        [_thread_blocked, id=11972, stack(0x000000dd1a200000,0x000000dd1a300000) (1024K)]
  0x000001e6b48fedd0 JavaThread "Unconstrained build operations Thread 8"        [_thread_blocked, id=12424, stack(0x000000dd1a300000,0x000000dd1a400000) (1024K)]
  0x000001e6b48ffaf0 JavaThread "Unconstrained build operations Thread 9"        [_thread_blocked, id=476, stack(0x000000dd1a400000,0x000000dd1a500000) (1024K)]
  0x000001e6b48fb2c0 JavaThread "Memory manager"                    [_thread_blocked, id=12192, stack(0x000000dd1a500000,0x000000dd1a600000) (1024K)]
  0x000001e6b48fac30 JavaThread "build event listener"              [_thread_blocked, id=13128, stack(0x000000dd1a600000,0x000000dd1a700000) (1024K)]
  0x000001e6b630a670 JavaThread "included builds"                   [_thread_blocked, id=12536, stack(0x000000dd1a700000,0x000000dd1a800000) (1024K)]
  0x000001e6b63057b0 JavaThread "Execution worker"                  [_thread_blocked, id=13236, stack(0x000000dd1a800000,0x000000dd1a900000) (1024K)]
  0x000001e6b6306b60 JavaThread "Execution worker Thread 2"         [_thread_blocked, id=712, stack(0x000000dd1a900000,0x000000dd1aa00000) (1024K)]
  0x000001e6b6304400 JavaThread "Execution worker Thread 3"         [_thread_blocked, id=11960, stack(0x000000dd1aa00000,0x000000dd1ab00000) (1024K)]
  0x000001e6b63092c0 JavaThread "Cache worker for execution history cache (C:\flutter\packages\flutter_tools\gradle\.gradle\8.14\executionHistory)"        [_thread_blocked, id=12108, stack(0x000000dd1ab00000,0x000000dd1ac00000) (1024K)]
  0x000001e6b630ba20 JavaThread "Unconstrained build operations Thread 10"        [_thread_blocked, id=9620, stack(0x000000dd1ac00000,0x000000dd1ad00000) (1024K)]
  0x000001e6b6309fe0 JavaThread "Unconstrained build operations Thread 11"        [_thread_blocked, id=5668, stack(0x000000dd1ad00000,0x000000dd1ae00000) (1024K)]
  0x000001e6b6305120 JavaThread "Unconstrained build operations Thread 12"        [_thread_blocked, id=9356, stack(0x000000dd1ae00000,0x000000dd1af00000) (1024K)]
  0x000001e6b6304a90 JavaThread "Unconstrained build operations Thread 13"        [_thread_blocked, id=9988, stack(0x000000dd1af00000,0x000000dd1b000000) (1024K)]
  0x000001e6b6307880 JavaThread "Unconstrained build operations Thread 14"        [_thread_blocked, id=5180, stack(0x000000dd1b000000,0x000000dd1b100000) (1024K)]
  0x000001e6b630ad00 JavaThread "Unconstrained build operations Thread 15"        [_thread_blocked, id=10104, stack(0x000000dd1b100000,0x000000dd1b200000) (1024K)]
  0x000001e6b6305e40 JavaThread "Unconstrained build operations Thread 16"        [_thread_blocked, id=7676, stack(0x000000dd1b200000,0x000000dd1b300000) (1024K)]
  0x000001e6b63064d0 JavaThread "Unconstrained build operations Thread 17"        [_thread_blocked, id=4784, stack(0x000000dd1b300000,0x000000dd1b400000) (1024K)]
  0x000001e6b63071f0 JavaThread "Unconstrained build operations Thread 18"        [_thread_blocked, id=11788, stack(0x000000dd1b400000,0x000000dd1b500000) (1024K)]
  0x000001e6b63085a0 JavaThread "Unconstrained build operations Thread 19"        [_thread_blocked, id=12600, stack(0x000000dd1b500000,0x000000dd1b600000) (1024K)]
  0x000001e6b630b390 JavaThread "Unconstrained build operations Thread 20"        [_thread_blocked, id=1088, stack(0x000000dd1b600000,0x000000dd1b700000) (1024K)]
  0x000001e6b7de9cb0 JavaThread "WorkerExecutor Queue"              [_thread_blocked, id=2416, stack(0x000000dd19a00000,0x000000dd19b00000) (1024K)]
  0x000001e6b7dea340 JavaThread "RMI Scheduler(0)"           daemon [_thread_blocked, id=10828, stack(0x000000dd1b700000,0x000000dd1b800000) (1024K)]
  0x000001e6b7deeb70 JavaThread "RMI GC Daemon"              daemon [_thread_blocked, id=9244, stack(0x000000dd1b900000,0x000000dd1ba00000) (1024K)]
  0x000001e6b7deb060 JavaThread "RMI TCP Accept-0"           daemon [_thread_in_native, id=10904, stack(0x000000dd1ba00000,0x000000dd1bb00000) (1024K)]
  0x000001e6b7deb6f0 JavaThread "RMI Reaper"                        [_thread_blocked, id=10120, stack(0x000000dd1bb00000,0x000000dd1bc00000) (1024K)]
  0x000001e6b7dec410 JavaThread "RMI TCP Connection(2)-127.0.0.1" daemon [_thread_in_native, id=13088, stack(0x000000dd1bc00000,0x000000dd1bd00000) (1024K)]
  0x000001e6b7decaa0 JavaThread "File lock release action executor"        [_thread_blocked, id=7704, stack(0x000000dd16c00000,0x000000dd16d00000) (1024K)]
  0x000001e6b7de7be0 JavaThread "Unconstrained build operations Thread 21"        [_thread_blocked, id=11880, stack(0x000000dd1b800000,0x000000dd1b900000) (1024K)]
  0x000001e6b7def200 JavaThread "Unconstrained build operations Thread 22"        [_thread_blocked, id=8472, stack(0x000000dd1bf00000,0x000000dd1c000000) (1024K)]
  0x000001e6b7ded130 JavaThread "Unconstrained build operations Thread 23"        [_thread_blocked, id=8552, stack(0x000000dd1c000000,0x000000dd1c100000) (1024K)]
  0x000001e6b7ded7c0 JavaThread "Unconstrained build operations Thread 24"        [_thread_blocked, id=5980, stack(0x000000dd1c100000,0x000000dd1c200000) (1024K)]
  0x000001e6b7dede50 JavaThread "Unconstrained build operations Thread 25"        [_thread_blocked, id=12324, stack(0x000000dd1c200000,0x000000dd1c300000) (1024K)]
  0x000001e6b7de8270 JavaThread "Unconstrained build operations Thread 26"        [_thread_blocked, id=2568, stack(0x000000dd1c300000,0x000000dd1c400000) (1024K)]
  0x000001e6b7de8900 JavaThread "Unconstrained build operations Thread 27"        [_thread_blocked, id=4024, stack(0x000000dd1c400000,0x000000dd1c500000) (1024K)]
  0x000001e6b4e0af00 JavaThread "Unconstrained build operations Thread 28"        [_thread_blocked, id=13064, stack(0x000000dd1c500000,0x000000dd1c600000) (1024K)]
  0x000001e6b4e06d60 JavaThread "Unconstrained build operations Thread 29"        [_thread_blocked, id=11776, stack(0x000000dd1c600000,0x000000dd1c700000) (1024K)]
  0x000001e6b4e09b50 JavaThread "build event listener"              [_thread_blocked, id=10604, stack(0x000000dd16e00000,0x000000dd16f00000) (1024K)]
  0x000001e6be1a3a70 JavaThread "C2 CompilerThread1"         daemon [_thread_blocked, id=8992, stack(0x000000dd1c700000,0x000000dd1c800000) (1024K)]
Total: 80

Other Threads:
=>0x000001e66d000ff0 VMThread "VM Thread"                           [id=11052, stack(0x000000dd17500000,0x000000dd17600000) (1024K)]
  0x000001e66cfee1e0 WatcherThread "VM Periodic Task Thread"        [id=12364, stack(0x000000dd17400000,0x000000dd17500000) (1024K)]
  0x000001e65d9d3d70 WorkerThread "GC Thread#0"                     [id=13268, stack(0x000000dd16f00000,0x000000dd17000000) (1024K)]
  0x000001e66d564800 WorkerThread "GC Thread#1"                     [id=13256, stack(0x000000dd18000000,0x000000dd18100000) (1024K)]
  0x000001e66d564bb0 WorkerThread "GC Thread#2"                     [id=12060, stack(0x000000dd18100000,0x000000dd18200000) (1024K)]
  0x000001e6b3291400 WorkerThread "GC Thread#3"                     [id=228, stack(0x000000dd18200000,0x000000dd18300000) (1024K)]
  0x000001e65d9e4c70 ConcurrentGCThread "G1 Main Marker"            [id=13156, stack(0x000000dd17000000,0x000000dd17100000) (1024K)]
  0x000001e65d9e62a0 WorkerThread "G1 Conc#0"                       [id=12168, stack(0x000000dd17100000,0x000000dd17200000) (1024K)]
  0x000001e66ce95f10 ConcurrentGCThread "G1 Refine#0"               [id=10108, stack(0x000000dd17200000,0x000000dd17300000) (1024K)]
  0x000001e66ce97750 ConcurrentGCThread "G1 Service"                [id=13248, stack(0x000000dd17300000,0x000000dd17400000) (1024K)]
Total: 10

Threads with active compile tasks:
C2 CompilerThread0  99510 14439   !   4       org.jetbrains.kotlin.metadata.ProtoBuf$Type::<init> (875 bytes)
C2 CompilerThread1  99510 14456       4       org.jetbrains.kotlin.metadata.ProtoBuf$Type::initFields (79 bytes)
Total: 2

VM state: at safepoint (normal execution)

VM Mutex/Monitor currently owned by a thread:  ([mutex/lock_event])
[0x00007ffab4f8e560] Threads_lock - owner thread: 0x000001e66d000ff0
[0x00007ffab4f8e660] Heap_lock - owner thread: 0x000001e6b3f9ec50

Heap address: 0x0000000600000000, size: 8192 MB, Compressed Oops mode: Zero based, Oop shift amount: 3

CDS archive(s) mapped at: [0x000001e66e000000-0x000001e66eba0000-0x000001e66eba0000), size 12189696, SharedBaseAddress: 0x000001e66e000000, ArchiveRelocationMode: 1.
Compressed class space mapped at: 0x000001e66f000000-0x000001e6af000000, reserved size: 1073741824
Narrow klass base: 0x000001e66e000000, Narrow klass shift: 0, Narrow klass range: 0x100000000

GC Precious Log:
 CardTable entry size: 512
 Card Set container configuration: InlinePtr #cards 4 size 8 Array Of Cards #cards 32 size 80 Howl #buckets 8 coarsen threshold 7372 Howl Bitmap #cards 1024 size 144 coarsen threshold 921 Card regions per heap region 1 cards per card region 8192
 CPUs: 4 total, 4 available
 Memory: 8079M
 Large Page Support: Disabled
 NUMA Support: Disabled
 Compressed Oops: Enabled (Zero based)
 Heap Region Size: 4M
 Heap Min Capacity: 8M
 Heap Initial Capacity: 128M
 Heap Max Capacity: 8G
 Pre-touch: Disabled
 Parallel Workers: 4
 Concurrent Workers: 1
 Concurrent Refinement Workers: 4
 Periodic GC: Disabled

Heap:
 garbage-first heap   total 245760K, used 165782K [0x0000000600000000, 0x0000000800000000)
  region size 4096K, 2 young (8192K), 2 survivors (8192K)
 Metaspace       used 131944K, committed 134720K, reserved 1179648K
  class space    used 18312K, committed 19712K, reserved 1048576K

Heap Regions: E=young(eden), S=young(survivor), O=old, HS=humongous(starts), HC=humongous(continues), CS=collection set, F=free, TAMS=top-at-mark-start, PB=parsable bottom
|   0|0x0000000600000000, 0x0000000600400000, 0x0000000600400000|100%|HS|  |TAMS 0x0000000600400000| PB 0x0000000600000000| Complete 
|   1|0x0000000600400000, 0x0000000600800000, 0x0000000600800000|100%| O|  |TAMS 0x0000000600800000| PB 0x0000000600400000| Untracked 
|   2|0x0000000600800000, 0x0000000600c00000, 0x0000000600c00000|100%| O|  |TAMS 0x0000000600c00000| PB 0x0000000600800000| Untracked 
|   3|0x0000000600c00000, 0x0000000601000000, 0x0000000601000000|100%| O|  |TAMS 0x0000000601000000| PB 0x0000000600c00000| Untracked 
|   4|0x0000000601000000, 0x0000000601400000, 0x0000000601400000|100%| O|  |TAMS 0x0000000601400000| PB 0x0000000601000000| Untracked 
|   5|0x0000000601400000, 0x0000000601800000, 0x0000000601800000|100%| O|  |TAMS 0x0000000601800000| PB 0x0000000601400000| Untracked 
|   6|0x0000000601800000, 0x0000000601c00000, 0x0000000601c00000|100%| O|  |TAMS 0x0000000601c00000| PB 0x0000000601800000| Untracked 
|   7|0x0000000601c00000, 0x0000000602000000, 0x0000000602000000|100%| O|  |TAMS 0x0000000602000000| PB 0x0000000601c00000| Untracked 
|   8|0x0000000602000000, 0x0000000602400000, 0x0000000602400000|100%| O|  |TAMS 0x0000000602400000| PB 0x0000000602000000| Untracked 
|   9|0x0000000602400000, 0x0000000602800000, 0x0000000602800000|100%| O|  |TAMS 0x0000000602800000| PB 0x0000000602400000| Untracked 
|  10|0x0000000602800000, 0x0000000602c00000, 0x0000000602c00000|100%|HS|  |TAMS 0x0000000602c00000| PB 0x0000000602800000| Complete 
|  11|0x0000000602c00000, 0x0000000603000000, 0x0000000603000000|100%| O|  |TAMS 0x0000000603000000| PB 0x0000000602c00000| Untracked 
|  12|0x0000000603000000, 0x0000000603400000, 0x0000000603400000|100%| O|  |TAMS 0x0000000603400000| PB 0x0000000603000000| Untracked 
|  13|0x0000000603400000, 0x0000000603800000, 0x0000000603800000|100%|HS|  |TAMS 0x0000000603800000| PB 0x0000000603400000| Complete 
|  14|0x0000000603800000, 0x0000000603c00000, 0x0000000603c00000|100%| O|  |TAMS 0x0000000603c00000| PB 0x0000000603800000| Untracked 
|  15|0x0000000603c00000, 0x0000000604000000, 0x0000000604000000|100%| O|  |TAMS 0x0000000604000000| PB 0x0000000603c00000| Untracked 
|  16|0x0000000604000000, 0x0000000604400000, 0x0000000604400000|100%| O|  |TAMS 0x0000000604400000| PB 0x0000000604000000| Untracked 
|  17|0x0000000604400000, 0x0000000604800000, 0x0000000604800000|100%| O|  |TAMS 0x0000000604800000| PB 0x0000000604400000| Untracked 
|  18|0x0000000604800000, 0x0000000604c00000, 0x0000000604c00000|100%| O|  |TAMS 0x0000000604c00000| PB 0x0000000604800000| Untracked 
|  19|0x0000000604c00000, 0x0000000605000000, 0x0000000605000000|100%| O|  |TAMS 0x0000000605000000| PB 0x0000000604c00000| Untracked 
|  20|0x0000000605000000, 0x0000000605400000, 0x0000000605400000|100%| O|  |TAMS 0x0000000605400000| PB 0x0000000605000000| Untracked 
|  21|0x0000000605400000, 0x0000000605800000, 0x0000000605800000|100%| O|  |TAMS 0x0000000605800000| PB 0x0000000605400000| Untracked 
|  22|0x0000000605800000, 0x0000000605c00000, 0x0000000605c00000|100%| O|  |TAMS 0x0000000605c00000| PB 0x0000000605800000| Untracked 
|  23|0x0000000605c00000, 0x0000000606000000, 0x0000000606000000|100%| O|  |TAMS 0x0000000606000000| PB 0x0000000605c00000| Untracked 
|  24|0x0000000606000000, 0x0000000606400000, 0x0000000606400000|100%| O|  |TAMS 0x0000000606400000| PB 0x0000000606000000| Untracked 
|  25|0x0000000606400000, 0x0000000606800000, 0x0000000606800000|100%| O|  |TAMS 0x0000000606800000| PB 0x0000000606400000| Untracked 
|  26|0x0000000606800000, 0x0000000606c00000, 0x0000000606c00000|100%| O|  |TAMS 0x0000000606c00000| PB 0x0000000606800000| Untracked 
|  27|0x0000000606c00000, 0x0000000606de5880, 0x0000000607000000| 47%| O|  |TAMS 0x0000000606c00000| PB 0x0000000606c00000| Untracked 
|  28|0x0000000607000000, 0x0000000607400000, 0x0000000607400000|100%| O|  |TAMS 0x0000000607400000| PB 0x0000000607000000| Untracked 
|  29|0x0000000607400000, 0x0000000607800000, 0x0000000607800000|100%| O|  |TAMS 0x0000000607800000| PB 0x0000000607400000| Untracked 
|  30|0x0000000607800000, 0x0000000607c00000, 0x0000000607c00000|100%| O|  |TAMS 0x0000000607c00000| PB 0x0000000607800000| Untracked 
|  31|0x0000000607c00000, 0x0000000608000000, 0x0000000608000000|100%| O|  |TAMS 0x0000000608000000| PB 0x0000000607c00000| Untracked 
|  32|0x0000000608000000, 0x0000000608400000, 0x0000000608400000|100%|HS|  |TAMS 0x0000000608400000| PB 0x0000000608000000| Complete 
|  33|0x0000000608400000, 0x0000000608800000, 0x0000000608800000|100%|HC|  |TAMS 0x0000000608800000| PB 0x0000000608400000| Complete 
|  34|0x0000000608800000, 0x0000000608c00000, 0x0000000608c00000|100%| O|  |TAMS 0x0000000608c00000| PB 0x0000000608800000| Untracked 
|  35|0x0000000608c00000, 0x0000000609000000, 0x0000000609000000|100%| O|  |TAMS 0x0000000609000000| PB 0x0000000608c00000| Untracked 
|  36|0x0000000609000000, 0x0000000609400000, 0x0000000609400000|100%| O|  |TAMS 0x000000060915f600| PB 0x0000000609000000| Untracked 
|  37|0x0000000609400000, 0x0000000609400000, 0x0000000609800000|  0%| F|  |TAMS 0x0000000609400000| PB 0x0000000609400000| Untracked 
|  38|0x0000000609800000, 0x0000000609c00000, 0x0000000609c00000|100%| O|  |TAMS 0x0000000609c00000| PB 0x0000000609800000| Untracked 
|  39|0x0000000609c00000, 0x0000000609c00000, 0x000000060a000000|  0%| F|  |TAMS 0x0000000609c00000| PB 0x0000000609c00000| Untracked 
|  40|0x000000060a000000, 0x000000060a000000, 0x000000060a400000|  0%| F|  |TAMS 0x000000060a000000| PB 0x000000060a000000| Untracked 
|  41|0x000000060a400000, 0x000000060a800000, 0x000000060a800000|100%| S|CS|TAMS 0x000000060a400000| PB 0x000000060a400000| Complete 
|  42|0x000000060a800000, 0x000000060a800000, 0x000000060ac00000|  0%| F|  |TAMS 0x000000060a800000| PB 0x000000060a800000| Untracked 
|  43|0x000000060ac00000, 0x000000060ac00000, 0x000000060b000000|  0%| F|  |TAMS 0x000000060ac00000| PB 0x000000060ac00000| Untracked 
|  44|0x000000060b000000, 0x000000060b400000, 0x000000060b400000|100%| S|CS|TAMS 0x000000060b000000| PB 0x000000060b000000| Complete 
|  45|0x000000060b400000, 0x000000060b400000, 0x000000060b800000|  0%| F|  |TAMS 0x000000060b400000| PB 0x000000060b400000| Untracked 
|  46|0x000000060b800000, 0x000000060b800000, 0x000000060bc00000|  0%| F|  |TAMS 0x000000060b800000| PB 0x000000060b800000| Untracked 
|  47|0x000000060bc00000, 0x000000060bc00000, 0x000000060c000000|  0%| F|  |TAMS 0x000000060bc00000| PB 0x000000060bc00000| Untracked 
|  48|0x000000060c000000, 0x000000060c000000, 0x000000060c400000|  0%| F|  |TAMS 0x000000060c000000| PB 0x000000060c000000| Untracked 
|  49|0x000000060c400000, 0x000000060c400000, 0x000000060c800000|  0%| F|  |TAMS 0x000000060c400000| PB 0x000000060c400000| Untracked 
|  50|0x000000060c800000, 0x000000060c800000, 0x000000060cc00000|  0%| F|  |TAMS 0x000000060c800000| PB 0x000000060c800000| Untracked 
|  51|0x000000060cc00000, 0x000000060cc00000, 0x000000060d000000|  0%| F|  |TAMS 0x000000060cc00000| PB 0x000000060cc00000| Untracked 
|  52|0x000000060d000000, 0x000000060d000000, 0x000000060d400000|  0%| F|  |TAMS 0x000000060d000000| PB 0x000000060d000000| Untracked 
|  53|0x000000060d400000, 0x000000060d400000, 0x000000060d800000|  0%| F|  |TAMS 0x000000060d400000| PB 0x000000060d400000| Untracked 
|  54|0x000000060d800000, 0x000000060d800000, 0x000000060dc00000|  0%| F|  |TAMS 0x000000060d800000| PB 0x000000060d800000| Untracked 
|  55|0x000000060dc00000, 0x000000060dc00000, 0x000000060e000000|  0%| F|  |TAMS 0x000000060dc00000| PB 0x000000060dc00000| Untracked 
|2044|0x00000007ff000000, 0x00000007ff400000, 0x00000007ff400000|100%| O|  |TAMS 0x00000007ff400000| PB 0x00000007ff000000| Untracked 
|2045|0x00000007ff400000, 0x00000007ff400000, 0x00000007ff800000|  0%| F|  |TAMS 0x00000007ff400000| PB 0x00000007ff400000| Untracked 
|2046|0x00000007ff800000, 0x00000007ff800000, 0x00000007ffc00000|  0%| F|  |TAMS 0x00000007ff800000| PB 0x00000007ff800000| Untracked 
|2047|0x00000007ffc00000, 0x00000007ffc00000, 0x0000000800000000|  0%| F|  |TAMS 0x00000007ffc00000| PB 0x00000007ffc00000| Untracked 

Card table byte_map: [0x000001e661c40000,0x000001e662c40000] _byte_map_base: 0x000001e65ec40000

Marking Bits: (CMBitMap*) 0x000001e65d9d4390
 Bits: [0x000001e662c40000, 0x000001e66ac40000)

Polling page: 0x000001e65b8f0000

Metaspace:

Usage:
  Non-class:    110.97 MB used.
      Class:     17.88 MB used.
       Both:    128.85 MB used.

Virtual space:
  Non-class space:      128.00 MB reserved,     112.31 MB ( 88%) committed,  2 nodes.
      Class space:        1.00 GB reserved,      19.25 MB (  2%) committed,  1 nodes.
             Both:        1.13 GB reserved,     131.56 MB ( 11%) committed. 

Chunk freelists:
   Non-Class:  15.09 MB
       Class:  12.70 MB
        Both:  27.79 MB

MaxMetaspaceSize: 4.00 GB
CompressedClassSpaceSize: 1.00 GB
Initial GC threshold: 21.00 MB
Current GC threshold: 193.44 MB
CDS: on
 - commit_granule_bytes: 65536.
 - commit_granule_words: 8192.
 - virtual_space_node_default_size: 8388608.
 - enlarge_chunks_in_place: 1.
 - use_allocation_guard: 0.


Internal statistics:

num_allocs_failed_limit: 9.
num_arena_births: 5198.
num_arena_deaths: 0.
num_vsnodes_births: 3.
num_vsnodes_deaths: 0.
num_space_committed: 2103.
num_space_uncommitted: 0.
num_chunks_returned_to_freelist: 9.
num_chunks_taken_from_freelist: 11199.
num_chunk_merges: 9.
num_chunk_splits: 7515.
num_chunks_enlarged: 4870.
num_inconsistent_stats: 0.

CodeHeap 'non-profiled nmethods': size=259264Kb used=7024Kb max_used=7024Kb free=252240Kb
 bounds [0x000001e6102d0000, 0x000001e6109b0000, 0x000001e620000000]
CodeHeap 'profiled nmethods': size=259264Kb used=23565Kb max_used=23565Kb free=235698Kb
 bounds [0x000001e600000000, 0x000001e601710000, 0x000001e60fd30000]
CodeHeap 'non-nmethods': size=5760Kb used=2825Kb max_used=2835Kb free=2935Kb
 bounds [0x000001e60fd30000, 0x000001e610000000, 0x000001e6102d0000]
CodeCache: size=524288Kb, used=33414Kb, max_used=33424Kb, free=490873Kb
 total_blobs=13176, nmethods=12104, adapters=975, full_count=0
Compilation: enabled, stopped_count=0, restarted_count=0

Compilation events (20 events):
Event: 99.443 Thread 0x000001e66d2b0f00 nmethod 14451 0x000001e601701510 code [0x000001e6017016e0, 0x000001e601701a00]
Event: 99.443 Thread 0x000001e66d2b0f00 14452       3       org.jetbrains.kotlin.metadata.jvm.JvmProtoBuf$JvmMethodSignature::<init> (24 bytes)
Event: 99.443 Thread 0x000001e66d2b0f00 nmethod 14452 0x000001e601701b90 code [0x000001e601701d40, 0x000001e601702000]
Event: 99.443 Thread 0x000001e66d2b0f00 14453       3       org.jetbrains.kotlin.metadata.jvm.JvmProtoBuf$JvmMethodSignature::access$2002 (7 bytes)
Event: 99.443 Thread 0x000001e66d2b0f00 nmethod 14453 0x000001e601702110 code [0x000001e6017022a0, 0x000001e601702398]
Event: 99.443 Thread 0x000001e66d2b0f00 14454       3       org.jetbrains.kotlin.metadata.jvm.JvmProtoBuf$JvmMethodSignature::access$2102 (7 bytes)
Event: 99.443 Thread 0x000001e66d2b0f00 nmethod 14454 0x000001e601702490 code [0x000001e601702620, 0x000001e601702718]
Event: 99.443 Thread 0x000001e66d2b0f00 14455       3       org.jetbrains.kotlin.metadata.jvm.JvmProtoBuf$JvmMethodSignature::access$2202 (7 bytes)
Event: 99.443 Thread 0x000001e66d2b0f00 nmethod 14455 0x000001e601702810 code [0x000001e6017029a0, 0x000001e601702a98]
Event: 99.443 Thread 0x000001e66d2b0f00 14457       3       org.jetbrains.kotlin.metadata.jvm.JvmProtoBuf$JvmMethodSignature$1::parsePartialFrom (11 bytes)
Event: 99.444 Thread 0x000001e66d2b0f00 nmethod 14457 0x000001e601702b90 code [0x000001e601702d40, 0x000001e601702f48]
Event: 99.444 Thread 0x000001e66d2b0f00 14458       3       org.jetbrains.kotlin.protobuf.CodedInputStream::readRawVarint64 (305 bytes)
Event: 99.444 Thread 0x000001e66d2b0f00 nmethod 14458 0x000001e601703090 code [0x000001e601703280, 0x000001e6017039f0]
Event: 99.444 Thread 0x000001e66d2b0f00 14459   !   3       org.jetbrains.kotlin.metadata.jvm.JvmProtoBuf$JvmMethodSignature$Builder::mergeFrom (60 bytes)
Event: 99.444 Thread 0x000001e6be1a3a70 14442       4       org.jetbrains.kotlin.metadata.ProtoBuf$Annotation$Argument$Value$Type::valueOf (122 bytes)
Event: 99.445 Thread 0x000001e66d2b0f00 nmethod 14459 0x000001e601703c10 code [0x000001e601703e20, 0x000001e601704438]
Event: 99.445 Thread 0x000001e66d2b0f00 14460       3       org.jetbrains.kotlin.metadata.ProtoBuf$Type$Argument$Projection::valueOf (50 bytes)
Event: 99.445 Thread 0x000001e66d2b0f00 nmethod 14460 0x000001e601704690 code [0x000001e601704860, 0x000001e601704ab0]
Event: 99.445 Thread 0x000001e6be1a3a70 nmethod 14442 0x000001e6109abc10 code [0x000001e6109abdc0, 0x000001e6109abf60]
Event: 99.445 Thread 0x000001e6be1a3a70 14456       4       org.jetbrains.kotlin.metadata.ProtoBuf$Type::initFields (79 bytes)

GC Heap History (20 events):
Event: 85.907 GC heap after
{Heap after GC invocations=35 (full 0):
 garbage-first heap   total 192512K, used 110566K [0x0000000600000000, 0x0000000800000000)
  region size 4096K, 2 young (8192K), 2 survivors (8192K)
 Metaspace       used 92267K, committed 94528K, reserved 1179648K
  class space    used 13419K, committed 14528K, reserved 1048576K
}
Event: 87.953 GC heap before
{Heap before GC invocations=35 (full 0):
 garbage-first heap   total 192512K, used 163814K [0x0000000600000000, 0x0000000800000000)
  region size 4096K, 15 young (61440K), 2 survivors (8192K)
 Metaspace       used 95401K, committed 97728K, reserved 1179648K
  class space    used 13835K, committed 14976K, reserved 1048576K
}
Event: 87.960 GC heap after
{Heap after GC invocations=36 (full 0):
 garbage-first heap   total 192512K, used 113162K [0x0000000600000000, 0x0000000800000000)
  region size 4096K, 1 young (4096K), 1 survivors (4096K)
 Metaspace       used 95401K, committed 97728K, reserved 1179648K
  class space    used 13835K, committed 14976K, reserved 1048576K
}
Event: 89.942 GC heap before
{Heap before GC invocations=37 (full 0):
 garbage-first heap   total 192512K, used 170506K [0x0000000600000000, 0x0000000800000000)
  region size 4096K, 15 young (61440K), 1 survivors (4096K)
 Metaspace       used 99850K, committed 102208K, reserved 1179648K
  class space    used 14440K, committed 15616K, reserved 1048576K
}
Event: 89.947 GC heap after
{Heap after GC invocations=38 (full 0):
 garbage-first heap   total 192512K, used 114979K [0x0000000600000000, 0x0000000800000000)
  region size 4096K, 2 young (8192K), 2 survivors (8192K)
 Metaspace       used 99850K, committed 102208K, reserved 1179648K
  class space    used 14440K, committed 15616K, reserved 1048576K
}
Event: 91.097 GC heap before
{Heap before GC invocations=38 (full 0):
 garbage-first heap   total 192512K, used 168227K [0x0000000600000000, 0x0000000800000000)
  region size 4096K, 15 young (61440K), 2 survivors (8192K)
 Metaspace       used 101659K, committed 104000K, reserved 1179648K
  class space    used 14711K, committed 15872K, reserved 1048576K
}
Event: 91.111 GC heap after
{Heap after GC invocations=39 (full 0):
 garbage-first heap   total 192512K, used 117229K [0x0000000600000000, 0x0000000800000000)
  region size 4096K, 2 young (8192K), 2 survivors (8192K)
 Metaspace       used 101659K, committed 104000K, reserved 1179648K
  class space    used 14711K, committed 15872K, reserved 1048576K
}
Event: 93.490 GC heap before
{Heap before GC invocations=39 (full 0):
 garbage-first heap   total 192512K, used 170477K [0x0000000600000000, 0x0000000800000000)
  region size 4096K, 15 young (61440K), 2 survivors (8192K)
 Metaspace       used 107073K, committed 109440K, reserved 1179648K
  class space    used 15398K, committed 16576K, reserved 1048576K
}
Event: 93.500 GC heap after
{Heap after GC invocations=40 (full 0):
 garbage-first heap   total 192512K, used 119327K [0x0000000600000000, 0x0000000800000000)
  region size 4096K, 1 young (4096K), 1 survivors (4096K)
 Metaspace       used 107073K, committed 109440K, reserved 1179648K
  class space    used 15398K, committed 16576K, reserved 1048576K
}
Event: 94.928 GC heap before
{Heap before GC invocations=41 (full 0):
 garbage-first heap   total 204800K, used 176671K [0x0000000600000000, 0x0000000800000000)
  region size 4096K, 13 young (53248K), 1 survivors (4096K)
 Metaspace       used 112873K, committed 115328K, reserved 1179648K
  class space    used 16096K, committed 17280K, reserved 1048576K
}
Event: 94.939 GC heap after
{Heap after GC invocations=42 (full 0):
 garbage-first heap   total 204800K, used 130768K [0x0000000600000000, 0x0000000800000000)
  region size 4096K, 2 young (8192K), 2 survivors (8192K)
 Metaspace       used 112873K, committed 115328K, reserved 1179648K
  class space    used 16096K, committed 17280K, reserved 1048576K
}
Event: 95.493 GC heap before
{Heap before GC invocations=42 (full 0):
 garbage-first heap   total 204800K, used 184016K [0x0000000600000000, 0x0000000800000000)
  region size 4096K, 15 young (61440K), 2 survivors (8192K)
 Metaspace       used 113016K, committed 115456K, reserved 1179648K
  class space    used 16101K, committed 17280K, reserved 1048576K
}
Event: 95.514 GC heap after
{Heap after GC invocations=43 (full 0):
 garbage-first heap   total 208896K, used 135168K [0x0000000600000000, 0x0000000800000000)
  region size 4096K, 2 young (8192K), 2 survivors (8192K)
 Metaspace       used 113016K, committed 115456K, reserved 1179648K
  class space    used 16101K, committed 17280K, reserved 1048576K
}
Event: 96.354 GC heap before
{Heap before GC invocations=43 (full 0):
 garbage-first heap   total 208896K, used 184320K [0x0000000600000000, 0x0000000800000000)
  region size 4096K, 14 young (57344K), 2 survivors (8192K)
 Metaspace       used 115827K, committed 118208K, reserved 1179648K
  class space    used 16439K, committed 17600K, reserved 1048576K
}
Event: 96.370 GC heap after
{Heap after GC invocations=44 (full 0):
 garbage-first heap   total 208896K, used 144976K [0x0000000600000000, 0x0000000800000000)
  region size 4096K, 2 young (8192K), 2 survivors (8192K)
 Metaspace       used 115827K, committed 118208K, reserved 1179648K
  class space    used 16439K, committed 17600K, reserved 1048576K
}
Event: 97.343 GC heap before
{Heap before GC invocations=45 (full 0):
 garbage-first heap   total 245760K, used 194128K [0x0000000600000000, 0x0000000800000000)
  region size 4096K, 12 young (49152K), 2 survivors (8192K)
 Metaspace       used 119627K, committed 121984K, reserved 1179648K
  class space    used 16842K, committed 17984K, reserved 1048576K
}
Event: 97.352 GC heap after
{Heap after GC invocations=46 (full 0):
 garbage-first heap   total 245760K, used 159534K [0x0000000600000000, 0x0000000800000000)
  region size 4096K, 2 young (8192K), 2 survivors (8192K)
 Metaspace       used 119627K, committed 121984K, reserved 1179648K
  class space    used 16842K, committed 17984K, reserved 1048576K
}
Event: 98.184 GC heap before
{Heap before GC invocations=46 (full 0):
 garbage-first heap   total 245760K, used 208686K [0x0000000600000000, 0x0000000800000000)
  region size 4096K, 15 young (61440K), 2 survivors (8192K)
 Metaspace       used 126003K, committed 128704K, reserved 1179648K
  class space    used 17541K, committed 18880K, reserved 1048576K
}
Event: 98.194 GC heap after
{Heap after GC invocations=47 (full 0):
 garbage-first heap   total 245760K, used 160239K [0x0000000600000000, 0x0000000800000000)
  region size 4096K, 2 young (8192K), 2 survivors (8192K)
 Metaspace       used 126003K, committed 128704K, reserved 1179648K
  class space    used 17541K, committed 18880K, reserved 1048576K
}
Event: 99.448 GC heap before
{Heap before GC invocations=47 (full 0):
 garbage-first heap   total 245760K, used 217583K [0x0000000600000000, 0x0000000800000000)
  region size 4096K, 16 young (65536K), 2 survivors (8192K)
 Metaspace       used 131944K, committed 134720K, reserved 1179648K
  class space    used 18312K, committed 19712K, reserved 1048576K
}

Dll operation events (15 events):
Event: 0.009 Loaded shared library C:\Users\admin\.vscode\extensions\redhat.java-1.54.0-win32-x64\jre\21.0.10-win32-x86_64\bin\java.dll
Event: 0.101 Loaded shared library C:\Users\admin\.vscode\extensions\redhat.java-1.54.0-win32-x64\jre\21.0.10-win32-x86_64\bin\zip.dll
Event: 0.123 Loaded shared library C:\Users\admin\.vscode\extensions\redhat.java-1.54.0-win32-x64\jre\21.0.10-win32-x86_64\bin\instrument.dll
Event: 0.130 Loaded shared library C:\Users\admin\.vscode\extensions\redhat.java-1.54.0-win32-x64\jre\21.0.10-win32-x86_64\bin\net.dll
Event: 0.132 Loaded shared library C:\Users\admin\.vscode\extensions\redhat.java-1.54.0-win32-x64\jre\21.0.10-win32-x86_64\bin\nio.dll
Event: 0.138 Loaded shared library C:\Users\admin\.vscode\extensions\redhat.java-1.54.0-win32-x64\jre\21.0.10-win32-x86_64\bin\zip.dll
Event: 0.514 Loaded shared library C:\Users\admin\.vscode\extensions\redhat.java-1.54.0-win32-x64\jre\21.0.10-win32-x86_64\bin\jimage.dll
Event: 0.953 Loaded shared library C:\Users\admin\.vscode\extensions\redhat.java-1.54.0-win32-x64\jre\21.0.10-win32-x86_64\bin\verify.dll
Event: 1.063 Loaded shared library C:\Users\admin\.gradle\native\1def1411415f61bf3af743bc5b6707747c0891f09f0c88961ee8f79bc544acac\windows-amd64\native-platform.dll
Event: 1.092 Loaded shared library C:\Users\admin\.gradle\native\0.2.7\x86_64-windows-gnu\gradle-fileevents.dll
Event: 2.850 Loaded shared library C:\Users\admin\.vscode\extensions\redhat.java-1.54.0-win32-x64\jre\21.0.10-win32-x86_64\bin\management.dll
Event: 2.858 Loaded shared library C:\Users\admin\.vscode\extensions\redhat.java-1.54.0-win32-x64\jre\21.0.10-win32-x86_64\bin\management_ext.dll
Event: 3.161 Loaded shared library C:\Users\admin\.vscode\extensions\redhat.java-1.54.0-win32-x64\jre\21.0.10-win32-x86_64\bin\extnet.dll
Event: 3.486 Loaded shared library C:\Users\admin\.vscode\extensions\redhat.java-1.54.0-win32-x64\jre\21.0.10-win32-x86_64\bin\sunmscapi.dll
Event: 22.208 Loaded shared library C:\Users\admin\.vscode\extensions\redhat.java-1.54.0-win32-x64\jre\21.0.10-win32-x86_64\bin\rmi.dll

Deoptimization events (20 events):
Event: 98.287 Thread 0x000001e6b3f9ec50 Uncommon trap: trap_request=0xffffffc6 fr.pc=0x000001e610612468 relative=0x0000000000000b28
Event: 98.287 Thread 0x000001e6b3f9ec50 Uncommon trap: reason=bimorphic_or_optimized_type_check action=maybe_recompile pc=0x000001e610612468 method=org.jetbrains.kotlin.protobuf.CodedInputStream.tryRefillBuffer(I)Z @ 177 c2
Event: 98.287 Thread 0x000001e6b3f9ec50 DEOPT PACKING pc=0x000001e610612468 sp=0x000000dd189f1f30
Event: 98.287 Thread 0x000001e6b3f9ec50 DEOPT UNPACKING pc=0x000001e60fd84422 sp=0x000000dd189f1e70 mode 2
Event: 98.290 Thread 0x000001e6b3f9ec50 Uncommon trap: trap_request=0xffffffc6 fr.pc=0x000001e610612468 relative=0x0000000000000b28
Event: 98.290 Thread 0x000001e6b3f9ec50 Uncommon trap: reason=bimorphic_or_optimized_type_check action=maybe_recompile pc=0x000001e610612468 method=org.jetbrains.kotlin.protobuf.CodedInputStream.tryRefillBuffer(I)Z @ 177 c2
Event: 98.290 Thread 0x000001e6b3f9ec50 DEOPT PACKING pc=0x000001e610612468 sp=0x000000dd189f1f30
Event: 98.290 Thread 0x000001e6b3f9ec50 DEOPT UNPACKING pc=0x000001e60fd84422 sp=0x000000dd189f1e70 mode 2
Event: 98.300 Thread 0x000001e6b3f9ec50 Uncommon trap: trap_request=0xffffff45 fr.pc=0x000001e6106a8f58 relative=0x00000000000005f8
Event: 98.300 Thread 0x000001e6b3f9ec50 Uncommon trap: reason=unstable_if action=reinterpret pc=0x000001e6106a8f58 method=org.jetbrains.org.objectweb.asm.ClassReader.readUtf(II[C)Ljava/lang/String; @ 41 c2
Event: 98.300 Thread 0x000001e6b3f9ec50 DEOPT PACKING pc=0x000001e6106a8f58 sp=0x000000dd189f1710
Event: 98.300 Thread 0x000001e6b3f9ec50 DEOPT UNPACKING pc=0x000001e60fd84422 sp=0x000000dd189f16d8 mode 2
Event: 98.998 Thread 0x000001e6b3f9ec50 Uncommon trap: trap_request=0xffffffbe fr.pc=0x000001e61083ad48 relative=0x00000000000002e8
Event: 98.998 Thread 0x000001e6b3f9ec50 Uncommon trap: reason=profile_predicate action=maybe_recompile pc=0x000001e61083ad48 method=java.util.regex.Pattern$BnM.optimize(Ljava/util/regex/Pattern$Node;)Ljava/util/regex/Pattern$Node; @ 67 c2
Event: 98.998 Thread 0x000001e6b3f9ec50 DEOPT PACKING pc=0x000001e61083ad48 sp=0x000000dd189efb30
Event: 98.998 Thread 0x000001e6b3f9ec50 DEOPT UNPACKING pc=0x000001e60fd84422 sp=0x000000dd189efad8 mode 2
Event: 99.088 Thread 0x000001e6b3f9ec50 Uncommon trap: trap_request=0xffffff45 fr.pc=0x000001e610986ad4 relative=0x0000000000000114
Event: 99.088 Thread 0x000001e6b3f9ec50 Uncommon trap: reason=unstable_if action=reinterpret pc=0x000001e610986ad4 method=java.text.StringCharacterIterator.current()C @ 19 c2
Event: 99.088 Thread 0x000001e6b3f9ec50 DEOPT PACKING pc=0x000001e610986ad4 sp=0x000000dd189efc80
Event: 99.088 Thread 0x000001e6b3f9ec50 DEOPT UNPACKING pc=0x000001e60fd84422 sp=0x000000dd189efc18 mode 2

Classes loaded (20 events):
Event: 94.605 Loading class java/beans/ChangeListenerMap done
Event: 94.605 Loading class java/beans/PropertyChangeSupport$PropertyChangeListenerMap done
Event: 94.681 Loading class java/util/zip/ZipFile$ZipEntryIterator
Event: 94.681 Loading class java/util/zip/ZipFile$ZipEntryIterator done
Event: 95.756 Loading class java/util/regex/Pattern$Bound
Event: 95.756 Loading class java/util/regex/Pattern$Bound done
Event: 98.373 Loading class java/text/StringCharacterIterator
Event: 98.373 Loading class java/text/CharacterIterator
Event: 98.373 Loading class java/text/CharacterIterator done
Event: 98.373 Loading class java/text/StringCharacterIterator done
Event: 98.871 Loading class java/util/function/IntUnaryOperator
Event: 98.871 Loading class java/util/function/IntUnaryOperator done
Event: 99.124 Loading class java/util/EnumMap$EntrySet
Event: 99.124 Loading class java/util/EnumMap$EntrySet done
Event: 99.124 Loading class java/util/EnumMap$EntryIterator
Event: 99.124 Loading class java/util/EnumMap$EnumMapIterator
Event: 99.124 Loading class java/util/EnumMap$EnumMapIterator done
Event: 99.124 Loading class java/util/EnumMap$EntryIterator done
Event: 99.124 Loading class java/util/EnumMap$EntryIterator$Entry
Event: 99.124 Loading class java/util/EnumMap$EntryIterator$Entry done

Classes unloaded (0 events):
No events

Classes redefined (0 events):
No events

Internal exceptions (20 events):
Event: 92.824 Thread 0x000001e6b3f9ec50 Exception <a 'java/lang/NoSuchMethodError'{0x0000000609655220}: 'int java.lang.invoke.DelegatingMethodHandle$Holder.reinvoke_L(java.lang.Object, java.lang.Object, java.lang.Object, long, int)'> (0x0000000609655220) 
thrown [s\src\hotspot\share\interpreter\linkResolver.cpp, line 773]
Event: 92.825 Thread 0x000001e6b3f9ec50 Exception <a 'java/lang/NoSuchMethodError'{0x000000060966bad8}: 'void java.lang.invoke.DelegatingMethodHandle$Holder.reinvoke_L(java.lang.Object, java.lang.Object, java.lang.Object, long, java.lang.Object, long, long)'> (0x000000060966bad8) 
thrown [s\src\hotspot\share\interpreter\linkResolver.cpp, line 773]
Event: 92.826 Thread 0x000001e6b3f9ec50 Exception <a 'java/lang/NoSuchMethodError'{0x0000000609673ec0}: 'long java.lang.invoke.Invokers$Holder.invokeExact_MT(java.lang.Object, java.lang.Object, java.lang.Object)'> (0x0000000609673ec0) 
thrown [s\src\hotspot\share\interpreter\linkResolver.cpp, line 773]
Event: 92.826 Thread 0x000001e6b3f9ec50 Exception <a 'java/lang/NoSuchMethodError'{0x00000006096791b8}: 'int java.lang.invoke.Invokers$Holder.invokeExact_MT(java.lang.Object, java.lang.Object, java.lang.Object)'> (0x00000006096791b8) 
thrown [s\src\hotspot\share\interpreter\linkResolver.cpp, line 773]
Event: 94.108 Thread 0x000001e6b3f9ec50 Exception <a 'java/lang/NoSuchMethodError'{0x000000060b095cc0}: 'java.lang.Object java.lang.invoke.DirectMethodHandle$Holder.invokeStatic(java.lang.Object, java.lang.Object, java.lang.Object, java.lang.Object, int, java.lang.Object)'> (0x000000060b095cc0) 
thrown [s\src\hotspot\share\interpreter\linkResolver.cpp, line 773]
Event: 94.143 Thread 0x000001e6b3f9ec50 Exception <a 'java/lang/NoSuchMethodError'{0x000000060b1948c0}: 'long java.lang.invoke.DirectMethodHandle$Holder.invokeStatic(java.lang.Object, java.lang.Object, int)'> (0x000000060b1948c0) 
thrown [s\src\hotspot\share\interpreter\linkResolver.cpp, line 773]
Event: 94.143 Thread 0x000001e6b3f9ec50 Exception <a 'java/lang/NoSuchMethodError'{0x000000060b1a1130}: 'java.lang.Object java.lang.invoke.DelegatingMethodHandle$Holder.reinvoke_L(java.lang.Object, int, long, java.lang.Object, java.lang.Object, int, java.lang.Object)'> (0x000000060b1a1130) 
thrown [s\src\hotspot\share\interpreter\linkResolver.cpp, line 773]
Event: 94.530 Thread 0x000001e6b3f9ec50 Exception <a 'java/lang/NoSuchMethodError'{0x0000000609c42908}: 'java.lang.Object java.lang.invoke.Invokers$Holder.invokeExact_MT(java.lang.Object, java.lang.Object, long, java.lang.Object)'> (0x0000000609c42908) 
thrown [s\src\hotspot\share\interpreter\linkResolver.cpp, line 773]
Event: 94.532 Thread 0x000001e6b3f9ec50 Exception <a 'java/lang/NoSuchMethodError'{0x0000000609c57b68}: 'void java.lang.invoke.Invokers$Holder.invokeExact_MT(java.lang.Object, java.lang.Object, long, java.lang.Object, java.lang.Object)'> (0x0000000609c57b68) 
thrown [s\src\hotspot\share\interpreter\linkResolver.cpp, line 773]
Event: 94.681 Thread 0x000001e6b3f9ec50 Implicit null exception at 0x000001e6104bb615 to 0x000001e6104bc594
Event: 95.339 Thread 0x000001e6b3f9ec50 Implicit null exception at 0x000001e61044f62c to 0x000001e610450590
Event: 97.755 Thread 0x000001e6b3f9ec50 Exception <a 'java/lang/NoSuchMethodError'{0x000000060d1f3158}: 'java.lang.Object java.lang.invoke.DirectMethodHandle$Holder.newInvokeSpecial(java.lang.Object, java.lang.Object, java.lang.Object, java.lang.Object, java.lang.Object, java.lang.Object, java.lang.Object, java.lang.Object, java.lang.Object, java.lang.Object, java.lang.Object, java.lang.Object, java.lang.Object, java.lang.Object)'> (0x000000060d1f3158) 
thrown [s\src\hotspot\share\interpreter\linkResolver.cpp, line 773]
Event: 97.768 Thread 0x000001e6b3f9ec50 Exception <a 'java/lang/NoSuchMethodError'{0x000000060d319a18}: 'java.lang.Object java.lang.invoke.DirectMethodHandle$Holder.newInvokeSpecial(java.lang.Object, java.lang.Object, java.lang.Object, java.lang.Object, java.lang.Object, java.lang.Object, java.lang.Object, java.lang.Object, java.lang.Object, java.lang.Object, java.lang.Object, java.lang.Object, java.lang.Object, java.lang.Object, java.lang.Object, java.lang.Object, java.lang.Object, java.lang.Object, java.lang.Object, java.lang.Object, java.lang
Event: 97.768 Thread 0x000001e6b3f9ec50 Exception <a 'java/lang/NoSuchMethodError'{0x000000060d321738}: 'java.lang.Object java.lang.invoke.DelegatingMethodHandle$Holder.reinvoke_L(java.lang.Object, java.lang.Object, java.lang.Object, java.lang.Object, java.lang.Object, java.lang.Object, java.lang.Object, java.lang.Object, java.lang.Object, java.lang.Object, java.lang.Object, java.lang.Object, java.lang.Object, java.lang.Object, java.lang.Object, java.lang.Object, java.lang.Object, java.lang.Object, java.lang.Object, java.lang.Object, java.lang.O
Event: 97.786 Thread 0x000001e6b3f9ec50 Exception <a 'java/lang/NoSuchMethodError'{0x000000060cd128b8}: 'java.lang.Object java.lang.invoke.DirectMethodHandle$Holder.newInvokeSpecial(java.lang.Object, java.lang.Object, java.lang.Object, java.lang.Object, java.lang.Object, java.lang.Object, java.lang.Object, java.lang.Object, java.lang.Object, java.lang.Object, java.lang.Object, java.lang.Object, java.lang.Object, java.lang.Object, java.lang.Object, java.lang.Object, java.lang.Object, java.lang.Object, java.lang.Object, java.lang.Object)'> (0x0000
Event: 97.787 Thread 0x000001e6b3f9ec50 Exception <a 'java/lang/NoSuchMethodError'{0x000000060cd1a7d8}: 'java.lang.Object java.lang.invoke.DirectMethodHandle$Holder.invokeSpecial(java.lang.Object, java.lang.Object, java.lang.Object, java.lang.Object, java.lang.Object, java.lang.Object, java.lang.Object, java.lang.Object, java.lang.Object, java.lang.Object, java.lang.Object, java.lang.Object, java.lang.Object, java.lang.Object, java.lang.Object, java.lang.Object, java.lang.Object, java.lang.Object, java.lang.Object, java.lang.Object, java.lang.Ob
Event: 97.787 Thread 0x000001e6b3f9ec50 Exception <a 'java/lang/NoSuchMethodError'{0x000000060cd21248}: 'java.lang.Object java.lang.invoke.DelegatingMethodHandle$Holder.reinvoke_L(java.lang.Object, java.lang.Object, java.lang.Object, java.lang.Object, java.lang.Object, java.lang.Object, java.lang.Object, java.lang.Object, java.lang.Object, java.lang.Object, java.lang.Object, java.lang.Object, java.lang.Object, java.lang.Object, java.lang.Object, java.lang.Object, java.lang.Object, java.lang.Object, java.lang.Object, java.lang.Object)'> (0x000000
Event: 99.311 Thread 0x000001e6b3f9ec50 Exception <a 'java/lang/NoSuchMethodError'{0x000000060bcad4b8}: 'java.lang.Object java.lang.invoke.DirectMethodHandle$Holder.invokeStatic(java.lang.Object, java.lang.Object, java.lang.Object, java.lang.Object, java.lang.Object, int, java.lang.Object)'> (0x000000060bcad4b8) 
thrown [s\src\hotspot\share\interpreter\linkResolver.cpp, line 773]
Event: 99.312 Thread 0x000001e6b3f9ec50 Exception <a 'java/lang/NoSuchMethodError'{0x000000060bcb7c30}: 'java.lang.Object java.lang.invoke.DirectMethodHandle$Holder.newInvokeSpecial(java.lang.Object, java.lang.Object, java.lang.Object, java.lang.Object, java.lang.Object, int, java.lang.Object)'> (0x000000060bcb7c30) 
thrown [s\src\hotspot\share\interpreter\linkResolver.cpp, line 773]
Event: 99.312 Thread 0x000001e6b3f9ec50 Exception <a 'java/lang/NoSuchMethodError'{0x000000060bcc1038}: 'java.lang.Object java.lang.invoke.Invokers$Holder.linkToTargetMethod(java.lang.Object, java.lang.Object, java.lang.Object, java.lang.Object, int, java.lang.Object, java.lang.Object)'> (0x000000060bcc1038) 
thrown [s\src\hotspot\share\interpreter\linkResolver.cpp, line 773]

ZGC Phase Switch (0 events):
No events

VM Operations (20 events):
Event: 96.631 Executing safepoint VM operation: G1PauseCleanup done
Event: 97.343 Executing safepoint VM operation: G1CollectForAllocation (G1 Evacuation Pause)
Event: 97.352 Executing safepoint VM operation: G1CollectForAllocation (G1 Evacuation Pause) done
Event: 98.118 Executing non-safepoint VM operation: HandshakeAllThreads (Deoptimize)
Event: 98.118 Executing non-safepoint VM operation: HandshakeAllThreads (Deoptimize) done
Event: 98.177 Executing non-safepoint VM operation: HandshakeAllThreads (Deoptimize)
Event: 98.178 Executing non-safepoint VM operation: HandshakeAllThreads (Deoptimize) done
Event: 98.184 Executing safepoint VM operation: G1CollectForAllocation (G1 Evacuation Pause)
Event: 98.194 Executing safepoint VM operation: G1CollectForAllocation (G1 Evacuation Pause) done
Event: 98.279 Executing non-safepoint VM operation: HandshakeAllThreads (Deoptimize)
Event: 98.280 Executing non-safepoint VM operation: HandshakeAllThreads (Deoptimize) done
Event: 98.895 Executing non-safepoint VM operation: HandshakeAllThreads (Deoptimize)
Event: 98.895 Executing non-safepoint VM operation: HandshakeAllThreads (Deoptimize) done
Event: 98.931 Executing non-safepoint VM operation: HandshakeAllThreads (Deoptimize)
Event: 98.932 Executing non-safepoint VM operation: HandshakeAllThreads (Deoptimize) done
Event: 99.043 Executing safepoint VM operation: ICBufferFull
Event: 99.043 Executing safepoint VM operation: ICBufferFull done
Event: 99.064 Executing non-safepoint VM operation: HandshakeAllThreads (Deoptimize)
Event: 99.065 Executing non-safepoint VM operation: HandshakeAllThreads (Deoptimize) done
Event: 99.448 Executing safepoint VM operation: G1CollectForAllocation (G1 Evacuation Pause)

Memory protections (0 events):
No events

Nmethod flushes (20 events):
Event: 96.551 Thread 0x000001e66d000ff0 flushing  nmethod 0x000001e600487d90
Event: 96.551 Thread 0x000001e66d000ff0 flushing  nmethod 0x000001e60050cc10
Event: 96.551 Thread 0x000001e66d000ff0 flushing  nmethod 0x000001e6006ed710
Event: 96.551 Thread 0x000001e66d000ff0 flushing  nmethod 0x000001e600862f10
Event: 96.551 Thread 0x000001e66d000ff0 flushing  nmethod 0x000001e600938390
Event: 96.551 Thread 0x000001e66d000ff0 flushing  nmethod 0x000001e60099df10
Event: 96.551 Thread 0x000001e66d000ff0 flushing  nmethod 0x000001e600ad5490
Event: 96.551 Thread 0x000001e66d000ff0 flushing  nmethod 0x000001e600ae8f10
Event: 96.551 Thread 0x000001e66d000ff0 flushing  nmethod 0x000001e600b36090
Event: 96.551 Thread 0x000001e66d000ff0 flushing  nmethod 0x000001e600b3b290
Event: 96.551 Thread 0x000001e66d000ff0 flushing  nmethod 0x000001e600b3b710
Event: 96.551 Thread 0x000001e66d000ff0 flushing  nmethod 0x000001e600b69590
Event: 96.551 Thread 0x000001e66d000ff0 flushing  nmethod 0x000001e600b6af90
Event: 96.551 Thread 0x000001e66d000ff0 flushing  nmethod 0x000001e600c6b390
Event: 96.551 Thread 0x000001e66d000ff0 flushing  nmethod 0x000001e600c71110
Event: 96.551 Thread 0x000001e66d000ff0 flushing  nmethod 0x000001e6012e4f90
Event: 96.551 Thread 0x000001e66d000ff0 flushing  nmethod 0x000001e6012e6290
Event: 96.551 Thread 0x000001e66d000ff0 flushing  nmethod 0x000001e6012eac10
Event: 96.551 Thread 0x000001e66d000ff0 flushing  nmethod 0x000001e60140c210
Event: 96.551 Thread 0x000001e66d000ff0 flushing  nmethod 0x000001e601411a90

Events (20 events):
Event: 75.952 Thread 0x000001e6b7dea9d0 Thread exited: 0x000001e6b7dea9d0
Event: 77.467 Thread 0x000001e66d2b0f00 Thread added: 0x000001e6b40185b0
Event: 77.915 Thread 0x000001e6b3f9ec50 Thread added: 0x000001e6b7de7be0
Event: 77.915 Thread 0x000001e6b3f9ec50 Thread added: 0x000001e6b7def200
Event: 77.916 Thread 0x000001e6b3f9ec50 Thread added: 0x000001e6b7ded130
Event: 77.994 Thread 0x000001e6b3f9ec50 Thread added: 0x000001e6b7ded7c0
Event: 77.994 Thread 0x000001e6b3f9ec50 Thread added: 0x000001e6b7dede50
Event: 78.000 Thread 0x000001e6b3f9ec50 Thread added: 0x000001e6b7de8270
Event: 78.496 Thread 0x000001e6b3f9ec50 Thread added: 0x000001e6b7de8900
Event: 78.497 Thread 0x000001e6b3f9ec50 Thread added: 0x000001e6b4e0af00
Event: 78.497 Thread 0x000001e6b3f9ec50 Thread added: 0x000001e6b4e06d60
Event: 79.044 Thread 0x000001e6b40185b0 Thread exited: 0x000001e6b40185b0
Event: 85.770 Thread 0x000001e66d2b0f00 Thread added: 0x000001e6b58e8080
Event: 86.585 Thread 0x000001e6b58e8080 Thread exited: 0x000001e6b58e8080
Event: 88.970 Thread 0x000001e6b3f9ec50 Thread added: 0x000001e6b4e09b50
Event: 94.578 Thread 0x000001e66d2b0f00 Thread added: 0x000001e6bd4c2cd0
Event: 95.988 Thread 0x000001e6bd4c2cd0 Thread exited: 0x000001e6bd4c2cd0
Event: 98.656 Thread 0x000001e66d2b0f00 Thread added: 0x000001e6be1a3a70
Event: 98.939 Thread 0x000001e6be1a3a70 Thread exited: 0x000001e6be1a3a70
Event: 99.444 Thread 0x000001e66d2b0f00 Thread added: 0x000001e6be1a3a70


Dynamic libraries:
0x00007ff7f6740000 - 0x00007ff7f674e000 	C:\Users\admin\.vscode\extensions\redhat.java-1.54.0-win32-x64\jre\21.0.10-win32-x86_64\bin\java.exe
0x00007ffb1c560000 - 0x00007ffb1c750000 	C:\Windows\SYSTEM32\ntdll.dll
0x00007ffb1ad30000 - 0x00007ffb1ade2000 	C:\Windows\System32\KERNEL32.DLL
0x00007ffb194d0000 - 0x00007ffb19775000 	C:\Windows\System32\KERNELBASE.dll
0x00007ffb1a3c0000 - 0x00007ffb1a4ba000 	C:\Windows\System32\ucrtbase.dll
0x00007ffaee9d0000 - 0x00007ffaee9e8000 	C:\Users\admin\.vscode\extensions\redhat.java-1.54.0-win32-x64\jre\21.0.10-win32-x86_64\bin\jli.dll
0x00007ffb1be70000 - 0x00007ffb1c004000 	C:\Windows\System32\USER32.dll
0x00007ffb1a550000 - 0x00007ffb1a571000 	C:\Windows\System32\win32u.dll
0x00007ffb1ad00000 - 0x00007ffb1ad26000 	C:\Windows\System32\GDI32.dll
0x00007ffb19820000 - 0x00007ffb199b8000 	C:\Windows\System32\gdi32full.dll
0x00007ffb19780000 - 0x00007ffb1981e000 	C:\Windows\System32\msvcp_win.dll
0x00007ffaedcd0000 - 0x00007ffaedcee000 	C:\Users\admin\.vscode\extensions\redhat.java-1.54.0-win32-x64\jre\21.0.10-win32-x86_64\bin\VCRUNTIME140.dll
0x00007ffb0dbe0000 - 0x00007ffb0de64000 	C:\Windows\WinSxS\amd64_microsoft.windows.common-controls_6595b64144ccf1df_6.0.18362.1556_none_9e7e372fe45e41d5\COMCTL32.dll
0x00007ffb1b150000 - 0x00007ffb1b1ee000 	C:\Windows\System32\msvcrt.dll
0x00007ffb1b990000 - 0x00007ffb1bcc6000 	C:\Windows\System32\combase.dll
0x00007ffb1c380000 - 0x00007ffb1c49f000 	C:\Windows\System32\RPCRT4.dll
0x00007ffb1a580000 - 0x00007ffb1a601000 	C:\Windows\System32\bcryptPrimitives.dll
0x00007ffb1b8a0000 - 0x00007ffb1b8ce000 	C:\Windows\System32\IMM32.DLL
0x00007ffb079b0000 - 0x00007ffb079bc000 	C:\Users\admin\.vscode\extensions\redhat.java-1.54.0-win32-x64\jre\21.0.10-win32-x86_64\bin\vcruntime140_1.dll
0x00007ffac1730000 - 0x00007ffac17bd000 	C:\Users\admin\.vscode\extensions\redhat.java-1.54.0-win32-x64\jre\21.0.10-win32-x86_64\bin\msvcp140.dll
0x00007ffab42d0000 - 0x00007ffab5071000 	C:\Users\admin\.vscode\extensions\redhat.java-1.54.0-win32-x64\jre\21.0.10-win32-x86_64\bin\server\jvm.dll
0x00007ffb1adf0000 - 0x00007ffb1ae93000 	C:\Windows\System32\ADVAPI32.dll
0x00007ffb1c0f0000 - 0x00007ffb1c187000 	C:\Windows\System32\sechost.dll
0x00007ffb19480000 - 0x00007ffb194ca000 	C:\Windows\System32\POWRPROF.dll
0x00007ffb19410000 - 0x00007ffb19420000 	C:\Windows\System32\UMPDC.dll
0x00007ffb1bcd0000 - 0x00007ffb1bd3f000 	C:\Windows\System32\WS2_32.dll
0x00007ffb174a0000 - 0x00007ffb174c4000 	C:\Windows\SYSTEM32\WINMM.dll
0x00007ffb11e50000 - 0x00007ffb11e5a000 	C:\Windows\SYSTEM32\VERSION.dll
0x00007ffb17340000 - 0x00007ffb1736d000 	C:\Windows\SYSTEM32\WINMMBASE.dll
0x00007ffb1a1f0000 - 0x00007ffb1a23a000 	C:\Windows\System32\cfgmgr32.dll
0x00007ffb19420000 - 0x00007ffb19431000 	C:\Windows\System32\kernel.appcore.dll
0x00007ffb07930000 - 0x00007ffb0793a000 	C:\Users\admin\.vscode\extensions\redhat.java-1.54.0-win32-x64\jre\21.0.10-win32-x86_64\bin\jimage.dll
0x00007ffb0e1d0000 - 0x00007ffb0e3c4000 	C:\Windows\SYSTEM32\DBGHELP.DLL
0x00007ffb0afe0000 - 0x00007ffb0b00a000 	C:\Windows\SYSTEM32\dbgcore.DLL
0x00007ffb068c0000 - 0x00007ffb068cf000 	C:\Users\admin\.vscode\extensions\redhat.java-1.54.0-win32-x64\jre\21.0.10-win32-x86_64\bin\instrument.dll
0x00007ffaecc10000 - 0x00007ffaecc30000 	C:\Users\admin\.vscode\extensions\redhat.java-1.54.0-win32-x64\jre\21.0.10-win32-x86_64\bin\java.dll
0x00007ffb1a610000 - 0x00007ffb1acf7000 	C:\Windows\System32\SHELL32.dll
0x00007ffb1b040000 - 0x00007ffb1b0e8000 	C:\Windows\System32\shcore.dll
0x00007ffb199c0000 - 0x00007ffb1a13b000 	C:\Windows\System32\windows.storage.dll
0x00007ffb19460000 - 0x00007ffb1947e000 	C:\Windows\System32\profapi.dll
0x00007ffb1b0f0000 - 0x00007ffb1b142000 	C:\Windows\System32\shlwapi.dll
0x00007ffb1a3a0000 - 0x00007ffb1a3b7000 	C:\Windows\System32\cryptsp.dll
0x00007ffad97e0000 - 0x00007ffad97f8000 	C:\Users\admin\.vscode\extensions\redhat.java-1.54.0-win32-x64\jre\21.0.10-win32-x86_64\bin\zip.dll
0x00007ffb073a0000 - 0x00007ffb073b0000 	C:\Users\admin\.vscode\extensions\redhat.java-1.54.0-win32-x64\jre\21.0.10-win32-x86_64\bin\net.dll
0x00007ffb140f0000 - 0x00007ffb141ea000 	C:\Windows\SYSTEM32\WINHTTP.dll
0x00007ffb18bf0000 - 0x00007ffb18c57000 	C:\Windows\system32\mswsock.dll
0x00007ffad97c0000 - 0x00007ffad97d6000 	C:\Users\admin\.vscode\extensions\redhat.java-1.54.0-win32-x64\jre\21.0.10-win32-x86_64\bin\nio.dll
0x00007ffb03530000 - 0x00007ffb03540000 	C:\Users\admin\.vscode\extensions\redhat.java-1.54.0-win32-x64\jre\21.0.10-win32-x86_64\bin\verify.dll
0x00007ffab4050000 - 0x00007ffab4077000 	C:\Users\admin\.gradle\native\1def1411415f61bf3af743bc5b6707747c0891f09f0c88961ee8f79bc544acac\windows-amd64\native-platform.dll
0x00007ffab31f0000 - 0x00007ffab3268000 	C:\Users\admin\.gradle\native\0.2.7\x86_64-windows-gnu\gradle-fileevents.dll
0x00007ffaf5a90000 - 0x00007ffaf5a9a000 	C:\Users\admin\.vscode\extensions\redhat.java-1.54.0-win32-x64\jre\21.0.10-win32-x86_64\bin\management.dll
0x00007ffaf57e0000 - 0x00007ffaf57ec000 	C:\Users\admin\.vscode\extensions\redhat.java-1.54.0-win32-x64\jre\21.0.10-win32-x86_64\bin\management_ext.dll
0x00007ffb1c0e0000 - 0x00007ffb1c0e8000 	C:\Windows\System32\PSAPI.DLL
0x00007ffb18900000 - 0x00007ffb1893a000 	C:\Windows\SYSTEM32\IPHLPAPI.DLL
0x00007ffb1b980000 - 0x00007ffb1b988000 	C:\Windows\System32\NSI.dll
0x00007ffaf6fb0000 - 0x00007ffaf6fb9000 	C:\Users\admin\.vscode\extensions\redhat.java-1.54.0-win32-x64\jre\21.0.10-win32-x86_64\bin\extnet.dll
0x00007ffb18770000 - 0x00007ffb187a3000 	C:\Windows\system32\rsaenh.dll
0x00007ffb1a4c0000 - 0x00007ffb1a4e6000 	C:\Windows\System32\bcrypt.dll
0x00007ffb19330000 - 0x00007ffb19355000 	C:\Windows\SYSTEM32\USERENV.dll
0x00007ffb18dc0000 - 0x00007ffb18dcc000 	C:\Windows\SYSTEM32\CRYPTBASE.dll
0x00007ffafb290000 - 0x00007ffafb29e000 	C:\Users\admin\.vscode\extensions\redhat.java-1.54.0-win32-x64\jre\21.0.10-win32-x86_64\bin\sunmscapi.dll
0x00007ffb1a240000 - 0x00007ffb1a391000 	C:\Windows\System32\CRYPT32.dll
0x00007ffb19440000 - 0x00007ffb19452000 	C:\Windows\System32\MSASN1.dll
0x00007ffb18ed0000 - 0x00007ffb18ef6000 	C:\Windows\SYSTEM32\ncrypt.dll
0x00007ffb18e90000 - 0x00007ffb18ecb000 	C:\Windows\SYSTEM32\NTASN1.dll
0x00007ffaf9c80000 - 0x00007ffaf9c87000 	C:\Windows\system32\wshunix.dll
0x00007ffb06f80000 - 0x00007ffb06f96000 	C:\Windows\system32\napinsp.dll
0x00007ffb06f60000 - 0x00007ffb06f7a000 	C:\Windows\system32\pnrpnsp.dll
0x00007ffb18940000 - 0x00007ffb18a0b000 	C:\Windows\SYSTEM32\DNSAPI.dll
0x00007ffb07890000 - 0x00007ffb0789e000 	C:\Windows\System32\winrnr.dll
0x00007ffb15ab0000 - 0x00007ffb15acc000 	C:\Windows\system32\NLAapi.dll
0x00007ffb06f00000 - 0x00007ffb06f15000 	C:\Windows\system32\wshbth.dll
0x00007ffb10400000 - 0x00007ffb1040a000 	C:\Windows\System32\rasadhlp.dll
0x00007ffb136c0000 - 0x00007ffb13737000 	C:\Windows\System32\fwpuclnt.dll
0x00007ffb14430000 - 0x00007ffb14437000 	C:\Users\admin\.vscode\extensions\redhat.java-1.54.0-win32-x64\jre\21.0.10-win32-x86_64\bin\rmi.dll

JVMTI agents:
C:\Users\admin\.gradle\wrapper\dists\gradle-8.14-all\c2qonpi39x1mddn7hk5gh9iqj\gradle-8.14\lib\agents\gradle-instrumentation-agent-8.14.jar path:C:\Users\admin\.vscode\extensions\redhat.java-1.54.0-win32-x64\jre\21.0.10-win32-x86_64\bin\instrument.dll, loaded, initialized, instrumentlib options:none

dbghelp: loaded successfully - version: 4.0.5 - missing functions: none
symbol engine: initialized successfully - sym options: 0x614 - pdb path: .;C:\Users\admin\.vscode\extensions\redhat.java-1.54.0-win32-x64\jre\21.0.10-win32-x86_64\bin;C:\Windows\SYSTEM32;C:\Windows\WinSxS\amd64_microsoft.windows.common-controls_6595b64144ccf1df_6.0.18362.1556_none_9e7e372fe45e41d5;C:\Users\admin\.vscode\extensions\redhat.java-1.54.0-win32-x64\jre\21.0.10-win32-x86_64\bin\server;C:\Users\admin\.gradle\native\1def1411415f61bf3af743bc5b6707747c0891f09f0c88961ee8f79bc544acac\windows-amd64;C:\Users\admin\.gradle\native\0.2.7\x86_64-windows-gnu

VM Arguments:
jvm_args: --add-opens=java.base/java.lang=ALL-UNNAMED --add-opens=java.base/java.lang.invoke=ALL-UNNAMED --add-opens=java.base/java.util=ALL-UNNAMED --add-opens=java.prefs/java.util.prefs=ALL-UNNAMED --add-exports=jdk.compiler/com.sun.tools.javac.api=ALL-UNNAMED --add-exports=jdk.compiler/com.sun.tools.javac.util=ALL-UNNAMED --add-opens=java.base/java.util=ALL-UNNAMED --add-opens=java.prefs/java.util.prefs=ALL-UNNAMED --add-opens=java.base/java.nio.charset=ALL-UNNAMED --add-opens=java.base/java.net=ALL-UNNAMED --add-opens=java.base/java.util.concurrent.atomic=ALL-UNNAMED --add-opens=java.xml/javax.xml.namespace=ALL-UNNAMED -XX:MaxMetaspaceSize=4G -XX:ReservedCodeCacheSize=512m -XX:+HeapDumpOnOutOfMemoryError -Xmx8G -Dfile.encoding=UTF-8 -Duser.country=US -Duser.language=en -Duser.variant -javaagent:C:\Users\admin\.gradle\wrapper\dists\gradle-8.14-all\c2qonpi39x1mddn7hk5gh9iqj\gradle-8.14\lib\agents\gradle-instrumentation-agent-8.14.jar 
java_command: org.gradle.launcher.daemon.bootstrap.GradleDaemon 8.14
java_class_path (initial): C:\Users\admin\.gradle\wrapper\dists\gradle-8.14-all\c2qonpi39x1mddn7hk5gh9iqj\gradle-8.14\lib\gradle-daemon-main-8.14.jar
Launcher Type: SUN_STANDARD

[Global flags]
     intx CICompilerCount                          = 3                                         {product} {ergonomic}
     uint ConcGCThreads                            = 1                                         {product} {ergonomic}
     uint G1ConcRefinementThreads                  = 4                                         {product} {ergonomic}
   size_t G1HeapRegionSize                         = 4194304                                   {product} {ergonomic}
    uintx GCDrainStackTargetSize                   = 64                                        {product} {ergonomic}
     bool HeapDumpOnOutOfMemoryError               = true                                   {manageable} {command line}
   size_t InitialHeapSize                          = 134217728                                 {product} {ergonomic}
   size_t MarkStackSize                            = 4194304                                   {product} {ergonomic}
   size_t MaxHeapSize                              = 8589934592                                {product} {command line}
   size_t MaxMetaspaceSize                         = 4294967296                                {product} {command line}
   size_t MaxNewSize                               = 5150605312                                {product} {ergonomic}
   size_t MinHeapDeltaBytes                        = 4194304                                   {product} {ergonomic}
   size_t MinHeapSize                              = 8388608                                   {product} {ergonomic}
    uintx NonNMethodCodeHeapSize                   = 5832780                                {pd product} {ergonomic}
    uintx NonProfiledCodeHeapSize                  = 265519066                              {pd product} {ergonomic}
    uintx ProfiledCodeHeapSize                     = 265519066                              {pd product} {ergonomic}
    uintx ReservedCodeCacheSize                    = 536870912                              {pd product} {command line}
     bool SegmentedCodeCache                       = true                                      {product} {ergonomic}
   size_t SoftMaxHeapSize                          = 8589934592                             {manageable} {ergonomic}
     bool UseCompressedOops                        = true                           {product lp64_product} {ergonomic}
     bool UseG1GC                                  = true                                      {product} {ergonomic}
     bool UseLargePagesIndividualAllocation        = false                                  {pd product} {ergonomic}

Logging:
Log output configuration:
 #0: stdout all=warning uptime,level,tags foldmultilines=false
 #1: stderr all=off uptime,level,tags foldmultilines=false

Release file:
JAVA_VERSION="21.0.10" 
MODULES="java.base java.compiler java.datatransfer java.xml java.prefs java.desktop java.instrument java.logging java.management java.security.sasl java.naming java.rmi java.management.rmi java.net.http java.scripting java.security.jgss java.transaction.xa java.sql java.sql.rowset java.xml.crypto java.se java.smartcardio jdk.accessibility jdk.internal.jvmstat jdk.attach jdk.charsets jdk.internal.opt jdk.zipfs jdk.compiler jdk.crypto.ec jdk.crypto.cryptoki jdk.crypto.mscapi jdk.dynalink jdk.internal.ed jdk.editpad jdk.hotspot.agent jdk.httpserver jdk.internal.le jdk.internal.vm.ci jdk.internal.vm.compiler jdk.internal.vm.compiler.management jdk.jartool jdk.javadoc jdk.jcmd jdk.management jdk.management.agent jdk.jconsole jdk.jdeps jdk.jdwp.agent jdk.jdi jdk.jfr jdk.jshell jdk.jsobject jdk.jstatd jdk.localedata jdk.management.jfr jdk.naming.dns jdk.naming.rmi jdk.net jdk.nio.mapmode jdk.random jdk.sctp jdk.security.auth jdk.security.jgss jdk.unsupported jdk.unsupported.desktop jdk.xml.dom" 

Environment Variables:
JAVA_HOME=C:\Program Files\Java\jdk-17
PATH=C:\Python314\Scripts\;C:\Python314\;C:\Windows\system32;C:\Windows;C:\Windows\System32\Wbem;C:\Windows\System32\WindowsPowerShell\v1.0\;C:\Windows\System32\OpenSSH\;C:\Program Files (x86)\Microsoft SQL Server\170\Tools\Binn\;C:\Program Files\Microsoft SQL Server\170\Tools\Binn\;C:\Program Files\Microsoft SQL Server\Client SDK\ODBC\180\Tools\Binn\;C:\Program Files\Microsoft SQL Server\170\DTS\Binn\;C:\Program Files\nodejs\;C:\ProgramData\chocolatey\bin;C:\Program Files\dotnet\;C:\Program Files\MySQL\MySQL Server 9.6\bin;C:\Program Files\Git\cmd;C:\Program Files\Java\jdk-17\bin;C:\Program Files\Common Files\Oracle\Java\javapath;C:\Program Files\Java\jdk-17\bin;C:\Users\admin\Downloads\Release-26.02.0-0\poppler-26.02.0\Library\bin;D:\program Files\cursor\resources\app\bin;C:\Users\admin\AppData\Local\Microsoft\WindowsApps;d:\Users\admin\AppData\Local\Programs\Microsoft VS Code\bin;C:\Users\admin\AppData\Roaming\npm;C:\Users\admin\.dotnet\tools;C:\flutter\bin;C:\Users\admin\AppData\Local\Programs\Antigravity\bin
USERNAME=admin
OS=Windows_NT
PROCESSOR_IDENTIFIER=Intel64 Family 6 Model 58 Stepping 9, GenuineIntel
TMP=C:\Users\admin\AppData\Local\Temp
TEMP=C:\Users\admin\AppData\Local\Temp




Periodic native trim disabled

---------------  S Y S T E M  ---------------

OS:
 Windows 10 , 64 bit Build 18362 (10.0.18362.1500)
OS uptime: 0 days 1:43 hours

CPU: total 4 (initial active 4) (4 cores per cpu, 1 threads per core) family 6 model 58 stepping 9 microcode 0x20, cx8, cmov, fxsr, mmx, sse, sse2, sse3, ssse3, sse4.1, sse4.2, popcnt, tsc, tscinvbit, avx, aes, erms, clmul, vzeroupper, clflush, rdtscp, f16c
Processor Information for the first 4 processors :
  Max Mhz: 2901, Current Mhz: 2901, Mhz Limit: 2901

Memory: 4k page, system-wide physical 8079M (494M free)
TotalPageFile size 16025M (AvailPageFile size 8M)
current process WorkingSet (physical memory assigned to process): 516M, peak: 516M
current process commit charge ("private bytes"): 591M, peak: 639M

vm_info: OpenJDK 64-Bit Server VM (21.0.10+7-LTS) for windows-amd64 JRE (21.0.10+7-LTS), built on 2026-01-20T00:00:00Z by "admin" with MS VC++ 17.12 (VS2022)

END.
