#
# There is insufficient memory for the Java Runtime Environment to continue.
# Native memory allocation (mmap) failed to map 65536 bytes for Failed to commit metaspace.
# Possible reasons:
#   The system is out of physical RAM or swap space
#   The process is running with CompressedOops enabled, and the Java Heap may be blocking the growth of the native heap
# Possible solutions:
#   Reduce memory load on the system
#   Increase physical memory or swap space
#   Check if swap backing store is full
#   Decrease Java heap size (-Xmx/-Xms)
#   Decrease number of Java threads
#   Decrease Java thread stack sizes (-Xss)
#   Set larger code cache with -XX:ReservedCodeCacheSize=
#   JVM is running with Unscaled Compressed Oops mode in which the Java heap is
#     placed in the first 4GB address space. The Java Heap base address is the
#     maximum limit for the native heap growth. Please use -XX:HeapBaseMinAddress
#     to set the Java Heap base and to place the Java Heap above 4GB virtual address.
# This output file may be truncated or incomplete.
#
#  Out of Memory Error (virtualSpaceNode.cpp:110), pid=12028, tid=8320
#
# JRE version: Java(TM) SE Runtime Environment (17.0.12+8) (build 17.0.12+8-LTS-286)
# Java VM: Java HotSpot(TM) 64-Bit Server VM (17.0.12+8-LTS-286, mixed mode, sharing, tiered, compressed oops, compressed class ptrs, g1 gc, windows-amd64)
# No core dump will be written. Minidumps are not enabled by default on client versions of Windows
#

---------------  S U M M A R Y ------------

Command Line: --add-opens=java.base/java.lang=ALL-UNNAMED --add-opens=java.base/java.lang.invoke=ALL-UNNAMED --add-opens=java.base/java.util=ALL-UNNAMED --add-opens=java.prefs/java.util.prefs=ALL-UNNAMED --add-exports=jdk.compiler/com.sun.tools.javac.api=ALL-UNNAMED --add-exports=jdk.compiler/com.sun.tools.javac.util=ALL-UNNAMED --add-opens=java.base/java.util=ALL-UNNAMED --add-opens=java.prefs/java.util.prefs=ALL-UNNAMED --add-opens=java.base/java.nio.charset=ALL-UNNAMED --add-opens=java.base/java.net=ALL-UNNAMED --add-opens=java.base/java.util.concurrent.atomic=ALL-UNNAMED --add-opens=java.xml/javax.xml.namespace=ALL-UNNAMED -XX:MaxMetaspaceSize=512m -XX:+HeapDumpOnOutOfMemoryError -Xmx2048m -Dfile.encoding=UTF-8 -Duser.country=US -Duser.language=en -Duser.variant -javaagent:C:\Users\admin\.gradle\wrapper\dists\gradle-8.14-all\c2qonpi39x1mddn7hk5gh9iqj\gradle-8.14\lib\agents\gradle-instrumentation-agent-8.14.jar org.gradle.launcher.daemon.bootstrap.GradleDaemon 8.14

Host: Intel(R) Core(TM) i5-3470S CPU @ 2.90GHz, 4 cores, 7G,  Windows 10 , 64 bit Build 18362 (10.0.18362.1500)
Time: Fri Jun 19 13:03:29 2026 India Standard Time elapsed time: 61.655583 seconds (0d 0h 1m 1s)

---------------  T H R E A D  ---------------

Current thread (0x000001c761f633d0):  JavaThread "WorkerExecutor Queue" [_thread_in_vm, id=8320, stack(0x000000b240700000,0x000000b240800000)]

Stack: [0x000000b240700000,0x000000b240800000]
Native frames: (J=compiled Java code, j=interpreted, Vv=VM code, C=native code)
V  [jvm.dll+0x67a04a]
V  [jvm.dll+0x7da4ed]
V  [jvm.dll+0x7dbe33]
V  [jvm.dll+0x7dc4a3]
V  [jvm.dll+0x24508f]
V  [jvm.dll+0x7d60bb]
V  [jvm.dll+0x6206c6]
V  [jvm.dll+0x62072a]
V  [jvm.dll+0x622f4d]
V  [jvm.dll+0x621086]
V  [jvm.dll+0x631f09]
V  [jvm.dll+0x62b264]
V  [jvm.dll+0x37d8f1]
C  0x000001c72ed0c6b3

Java frames: (J=compiled Java code, j=interpreted, Vv=VM code)
j  sun.rmi.transport.DGCImpl$$Lambda$3024+0x000001c73ff6bf68.<init>()V+0 java.rmi@17.0.12
v  ~StubRoutines::call_stub
J 2231  jdk.internal.reflect.NativeConstructorAccessorImpl.newInstance0(Ljava/lang/reflect/Constructor;[Ljava/lang/Object;)Ljava/lang/Object; java.base@17.0.12 (0 bytes) @ 0x000001c72f3ada8e [0x000001c72f3ada20+0x000000000000006e]
J 2230 c1 jdk.internal.reflect.NativeConstructorAccessorImpl.newInstance([Ljava/lang/Object;)Ljava/lang/Object; java.base@17.0.12 (122 bytes) @ 0x000001c727c39734 [0x000001c727c38de0+0x0000000000000954]
J 11054 c2 java.lang.reflect.Constructor.newInstanceWithCaller([Ljava/lang/Object;ZLjava/lang/Class;)Ljava/lang/Object; java.base@17.0.12 (75 bytes) @ 0x000001c72f7f6f84 [0x000001c72f7f6e00+0x0000000000000184]
J 10949 c1 java.lang.invoke.InnerClassLambdaMetafactory.buildCallSite()Ljava/lang/invoke/CallSite; java.base@17.0.12 (201 bytes) @ 0x000001c728c035f4 [0x000001c728c02700+0x0000000000000ef4]
J 2618 c1 java.lang.invoke.LambdaMetafactory.metafactory(Ljava/lang/invoke/MethodHandles$Lookup;Ljava/lang/String;Ljava/lang/invoke/MethodType;Ljava/lang/invoke/MethodType;Ljava/lang/invoke/MethodHandle;Ljava/lang/invoke/MethodType;)Ljava/lang/invoke/CallSite; java.base@17.0.12 (71 bytes) @ 0x000001c727d2265c [0x000001c727d221a0+0x00000000000004bc]
J 3111 c1 java.lang.invoke.LambdaForm$DMH+0x000001c73f1c4000.invokeStatic(Ljava/lang/Object;Ljava/lang/Object;Ljava/lang/Object;Ljava/lang/Object;Ljava/lang/Object;Ljava/lang/Object;Ljava/lang/Object;)Ljava/lang/Object; java.base@17.0.12 (31 bytes) @ 0x000001c727e3b8ec [0x000001c727e3b5e0+0x000000000000030c]
J 3053 c1 java.lang.invoke.BootstrapMethodInvoker.invoke(Ljava/lang/Class;Ljava/lang/invoke/MethodHandle;Ljava/lang/String;Ljava/lang/Object;Ljava/lang/Object;Ljava/lang/Class;)Ljava/lang/Object; java.base@17.0.12 (974 bytes) @ 0x000001c727dfdc6c [0x000001c727df7620+0x000000000000664c]
J 2540 c1 java.lang.invoke.CallSite.makeSite(Ljava/lang/invoke/MethodHandle;Ljava/lang/String;Ljava/lang/invoke/MethodType;Ljava/lang/Object;Ljava/lang/Class;)Ljava/lang/invoke/CallSite; java.base@17.0.12 (91 bytes) @ 0x000001c727cf2dc4 [0x000001c727cf2d40+0x0000000000000084]
J 2539 c1 java.lang.invoke.MethodHandleNatives.linkCallSiteImpl(Ljava/lang/Class;Ljava/lang/invoke/MethodHandle;Ljava/lang/String;Ljava/lang/invoke/MethodType;Ljava/lang/Object;[Ljava/lang/Object;)Ljava/lang/invoke/MemberName; java.base@17.0.12 (44 bytes) @ 0x000001c727cf1dac [0x000001c727cf1d40+0x000000000000006c]
J 2538 c1 java.lang.invoke.MethodHandleNatives.linkCallSite(Ljava/lang/Object;ILjava/lang/Object;Ljava/lang/Object;Ljava/lang/Object;Ljava/lang/Object;[Ljava/lang/Object;)Ljava/lang/invoke/MemberName; java.base@17.0.12 (66 bytes) @ 0x000001c727cf1824 [0x000001c727cf13e0+0x0000000000000444]
v  ~StubRoutines::call_stub
j  sun.rmi.transport.DGCImpl.<clinit>()V+26 java.rmi@17.0.12
v  ~StubRoutines::call_stub
j  sun.rmi.transport.ConnectionInputStream.done(Lsun/rmi/transport/Connection;)V+14 java.rmi@17.0.12
j  sun.rmi.transport.StreamRemoteCall.releaseInputStream()V+33 java.rmi@17.0.12
j  sun.rmi.transport.StreamRemoteCall.done()V+1 java.rmi@17.0.12
j  sun.rmi.server.UnicastRef.done(Ljava/rmi/server/RemoteCall;)V+18 java.rmi@17.0.12
j  sun.rmi.registry.RegistryImpl_Stub.lookup(Ljava/lang/String;)Ljava/rmi/Remote;+80 java.rmi@17.0.12
j  org.jetbrains.kotlin.daemon.common.ClientUtilsKt.walkDaemons$lambda$6(Ljava/io/File;Lkotlin/jvm/functions/Function2;Lkotlin/Pair;)Lorg/jetbrains/kotlin/daemon/common/DaemonWithMetadata;+191
j  org.jetbrains.kotlin.daemon.common.ClientUtilsKt$$Lambda$2998+0x000001c74015cc60.invoke(Ljava/lang/Object;)Ljava/lang/Object;+12
J 5463 c1 kotlin.sequences.TransformingSequence$iterator$1.next()Ljava/lang/Object; (22 bytes) @ 0x000001c727bfdd9c [0x000001c727bfdbc0+0x00000000000001dc]
J 5751 c1 kotlin.sequences.FilteringSequence$iterator$1.calcNext()V (68 bytes) @ 0x000001c72819e114 [0x000001c72819e000+0x0000000000000114]
J 5464 c1 kotlin.sequences.FilteringSequence$iterator$1.hasNext()Z (26 bytes) @ 0x000001c727bfd7fc [0x000001c727bfd740+0x00000000000000bc]
J 11804 c1 kotlin.sequences.SequencesKt___SequencesKt.toList(Lkotlin/sequences/Sequence;)Ljava/util/List; (89 bytes) @ 0x000001c728daa0c4 [0x000001c728da9ca0+0x0000000000000424]
j  org.jetbrains.kotlin.daemon.client.KotlinCompilerClient.tryFindSuitableDaemonOrNewOpts(Ljava/io/File;Lorg/jetbrains/kotlin/daemon/common/CompilerId;Lorg/jetbrains/kotlin/daemon/common/DaemonJVMOptions;Ljava/util/Set;Lkotlin/jvm/functions/Function2;)Lorg/jetbrains/kotlin/daemon/client/KotlinCompilerClient$DaemonSearchResult;+57
j  org.jetbrains.kotlin.daemon.client.KotlinCompilerClient.connectAndLease(Lorg/jetbrains/kotlin/daemon/common/CompilerId;Ljava/io/File;Lorg/jetbrains/kotlin/daemon/common/DaemonJVMOptions;Lorg/jetbrains/kotlin/daemon/common/DaemonOptions;Lorg/jetbrains/kotlin/daemon/client/DaemonReportingTargets;ZZLjava/io/File;)Lorg/jetbrains/kotlin/daemon/client/CompileServiceSession;+133
j  org.jetbrains.kotlin.compilerRunner.KotlinCompilerRunnerUtils.newDaemonConnection(Lorg/jetbrains/kotlin/daemon/common/CompilerId;Ljava/io/File;Ljava/io/File;Lorg/jetbrains/kotlin/cli/common/messages/MessageCollector;ZLorg/jetbrains/kotlin/daemon/common/DaemonOptions;Lorg/jetbrains/kotlin/daemon/common/DaemonJVMOptions;)Lorg/jetbrains/kotlin/daemon/client/CompileServiceSession;+139
j  org.jetbrains.kotlin.compilerRunner.KotlinCompilerRunnerUtils.newDaemonConnection$default(Lorg/jetbrains/kotlin/daemon/common/CompilerId;Ljava/io/File;Ljava/io/File;Lorg/jetbrains/kotlin/cli/common/messages/MessageCollector;ZLorg/jetbrains/kotlin/daemon/common/DaemonOptions;Lorg/jetbrains/kotlin/daemon/common/DaemonJVMOptions;ILjava/lang/Object;)Lorg/jetbrains/kotlin/daemon/client/CompileServiceSession;+23
j  org.jetbrains.kotlin.compilerRunner.GradleCompilerRunner$Companion.getDaemonConnectionImpl$kotlin_gradle_plugin_common(Ljava/io/File;Ljava/io/File;Ljava/util/List;Lorg/jetbrains/kotlin/cli/common/messages/MessageCollector;Ljava/util/List;Z)Lorg/jetbrains/kotlin/daemon/client/CompileServiceSession;+134
j  org.jetbrains.kotlin.compilerRunner.GradleKotlinCompilerWork.compileWithDaemon(Lorg/jetbrains/kotlin/cli/common/messages/MessageCollector;)Lorg/jetbrains/kotlin/cli/common/ExitCode;+149
j  org.jetbrains.kotlin.compilerRunner.GradleKotlinCompilerWork.compileWithDaemonOrFallbackImpl(Lorg/jetbrains/kotlin/cli/common/messages/MessageCollector;Lorg/jetbrains/kotlin/compilerRunner/KotlinCompilerArgumentsLogLevel;)Lkotlin/Pair;+253
j  org.jetbrains.kotlin.compilerRunner.GradleKotlinCompilerWork.run()V+88
j  org.jetbrains.kotlin.compilerRunner.GradleCompilerRunnerWithWorkers$GradleKotlinCompilerWorkAction.execute()V+130
j  org.gradle.workers.internal.DefaultWorkerServer.execute(Lorg/gradle/workers/internal/SimpleActionExecutionSpec;)Lorg/gradle/workers/internal/DefaultWorkResult;+128
j  org.gradle.workers.internal.NoIsolationWorkerFactory$1$1.create()Lorg/gradle/workers/internal/DefaultWorkResult;+29
j  org.gradle.workers.internal.NoIsolationWorkerFactory$1$1.create()Ljava/lang/Object;+1
j  org.gradle.internal.classloader.ClassLoaderUtils.executeInClassloader(Ljava/lang/ClassLoader;Lorg/gradle/internal/Factory;)Ljava/lang/Object;+15
j  org.gradle.workers.internal.NoIsolationWorkerFactory$1.lambda$execute$0(Ljava/lang/ClassLoader;Lorg/gradle/workers/WorkerExecutor;Lorg/gradle/workers/internal/IsolatedParametersActionExecutionSpec;)Lorg/gradle/workers/internal/DefaultWorkResult;+10
j  org.gradle.workers.internal.NoIsolationWorkerFactory$1$$Lambda$2976+0x000001c7401491f8.execute(Lorg/gradle/workers/internal/IsolatedParametersActionExecutionSpec;)Lorg/gradle/workers/internal/DefaultWorkResult;+13
j  org.gradle.workers.internal.AbstractWorker$1.call(Lorg/gradle/internal/operations/BuildOperationContext;)Lorg/gradle/workers/internal/DefaultWorkResult;+8
j  org.gradle.workers.internal.AbstractWorker$1.call(Lorg/gradle/internal/operations/BuildOperationContext;)Ljava/lang/Object;+2
J 10680 c1 org.gradle.internal.operations.DefaultBuildOperationRunner$CallableBuildOperationWorker.execute(Lorg/gradle/internal/operations/BuildOperation;Lorg/gradle/internal/operations/BuildOperationContext;)V (10 bytes) @ 0x000001c728b613ac [0x000001c728b61140+0x000000000000026c]
J 10724 c1 org.gradle.internal.operations.DefaultBuildOperationRunner$2.execute(Lorg/gradle/internal/operations/BuildOperationDescriptor;Lorg/gradle/internal/operations/BuildOperationState;Lorg/gradle/internal/operations/BuildOperationState;Lorg/gradle/internal/operations/DefaultBuildOperationRunner$ReadableBuildOperationContext;Lorg/gradle/internal/operations/DefaultBuildOperationRunner$BuildOperationExecutionListener;)Lorg/gradle/internal/operations/BuildOperation; (110 bytes) @ 0x000001c728b84734 [0x000001c728b84540+0x00000000000001f4]
J 10885 c1 org.gradle.internal.operations.DefaultBuildOperationRunner$2.execute(Lorg/gradle/internal/operations/BuildOperationDescriptor;Lorg/gradle/internal/operations/BuildOperationState;Lorg/gradle/internal/operations/BuildOperationState;Lorg/gradle/internal/operations/DefaultBuildOperationRunner$ReadableBuildOperationContext;Lorg/gradle/internal/operations/DefaultBuildOperationRunner$BuildOperationExecutionListener;)Ljava/lang/Object; (12 bytes) @ 0x000001c728be0494 [0x000001c728be0420+0x0000000000000074]
J 12774 c1 org.gradle.internal.operations.DefaultBuildOperationRunner.execute(Lorg/gradle/internal/operations/BuildOperationDescriptor$Builder;Lorg/gradle/internal/operations/BuildOperationState;Lorg/gradle/internal/operations/DefaultBuildOperationRunner$BuildOperationExecution;)Ljava/lang/Object; (147 bytes) @ 0x000001c728f6bbb4 [0x000001c728f6b060+0x0000000000000b54]
J 10470 c1 org.gradle.internal.operations.DefaultBuildOperationRunner.execute(Lorg/gradle/internal/operations/BuildOperation;Lorg/gradle/internal/operations/BuildOperationWorker;Lorg/gradle/internal/operations/BuildOperationState;)V (23 bytes) @ 0x000001c728b09004 [0x000001c728b08d60+0x00000000000002a4]
J 10682 c1 org.gradle.internal.operations.DefaultBuildOperationRunner.call(Lorg/gradle/internal/operations/CallableBuildOperation;)Ljava/lang/Object; (24 bytes) @ 0x000001c728b625d4 [0x000001c728b62100+0x00000000000004d4]
j  org.gradle.workers.internal.AbstractWorker.executeWrappedInBuildOperation(Lorg/gradle/workers/internal/IsolatedParametersActionExecutionSpec;Lorg/gradle/internal/operations/BuildOperationRef;Lorg/gradle/workers/internal/AbstractWorker$Work;)Lorg/gradle/workers/internal/DefaultWorkResult;+15
j  org.gradle.workers.internal.NoIsolationWorkerFactory$1.execute(Lorg/gradle/workers/internal/IsolatedParametersActionExecutionSpec;Lorg/gradle/internal/operations/BuildOperationRef;)Lorg/gradle/workers/internal/DefaultWorkResult;+17
j  org.gradle.workers.internal.DefaultWorkerExecutor.lambda$submitWork$0(Lorg/gradle/workers/internal/WorkerFactory;Lorg/gradle/workers/internal/WorkerRequirement;Lorg/gradle/workers/internal/IsolatedParametersActionExecutionSpec;Lorg/gradle/internal/operations/BuildOperationRef;)Lorg/gradle/workers/internal/DefaultWorkResult;+13
j  org.gradle.workers.internal.DefaultWorkerExecutor$$Lambda$2960+0x000001c7400eac48.call()Ljava/lang/Object;+16
J 10349 c1 java.util.concurrent.FutureTask.run()V java.base@17.0.12 (123 bytes) @ 0x000001c728ac683c [0x000001c728ac5fe0+0x000000000000085c]
j  org.gradle.internal.work.DefaultConditionalExecutionQueue$ExecutionRunner.runExecution(Lorg/gradle/internal/work/ConditionalExecution;)V+6
j  org.gradle.internal.work.DefaultConditionalExecutionQueue$ExecutionRunner.access$700(Lorg/gradle/internal/work/DefaultConditionalExecutionQueue$ExecutionRunner;Lorg/gradle/internal/work/ConditionalExecution;)V+2
j  org.gradle.internal.work.DefaultConditionalExecutionQueue$ExecutionRunner$1.run()V+14
j  org.gradle.internal.Factories$1.create()Ljava/lang/Object;+4
j  org.gradle.internal.work.DefaultWorkerLeaseService.withLocks(Ljava/util/Collection;Lorg/gradle/internal/Factory;)Ljava/lang/Object;+28
j  org.gradle.internal.work.DefaultWorkerLeaseService.runAsWorkerThread(Lorg/gradle/internal/Factory;)Ljava/lang/Object;+33
j  org.gradle.internal.work.DefaultWorkerLeaseService.runAsWorkerThread(Ljava/lang/Runnable;)V+5
j  org.gradle.internal.work.DefaultConditionalExecutionQueue$ExecutionRunner.runBatch(Lorg/gradle/internal/work/ConditionalExecution;)V+16
j  org.gradle.internal.work.DefaultConditionalExecutionQueue$ExecutionRunner.run()V+11
j  java.util.concurrent.Executors$RunnableAdapter.call()Ljava/lang/Object;+4 java.base@17.0.12
J 10349 c1 java.util.concurrent.FutureTask.run()V java.base@17.0.12 (123 bytes) @ 0x000001c728ac683c [0x000001c728ac5fe0+0x000000000000085c]
J 10109 c1 org.gradle.internal.concurrent.ExecutorPolicy$CatchAndRecordFailures.onExecute(Ljava/lang/Runnable;)V (29 bytes) @ 0x000001c728a4ad5c [0x000001c728a4ac40+0x000000000000011c]
j  org.gradle.internal.concurrent.AbstractManagedExecutor$1.run()V+25
j  java.util.concurrent.ThreadPoolExecutor.runWorker(Ljava/util/concurrent/ThreadPoolExecutor$Worker;)V+92 java.base@17.0.12
j  java.util.concurrent.ThreadPoolExecutor$Worker.run()V+5 java.base@17.0.12
j  java.lang.Thread.run()V+11 java.base@17.0.12
v  ~StubRoutines::call_stub

---------------  P R O C E S S  ---------------

Threads class SMR info:
_java_thread_list=0x000001c76f95e070, length=52, elements={
0x000001c71ff12cb0, 0x000001c73d862ce0, 0x000001c73d863a70, 0x000001c73d8745e0,
0x000001c73d875fd0, 0x000001c73d876aa0, 0x000001c73d879380, 0x000001c73d87bf90,
0x000001c73d87c950, 0x000001c73d8f5470, 0x000001c73da838c0, 0x000001c73db54600,
0x000001c75e6c91b0, 0x000001c75d9d40d0, 0x000001c75e8d0aa0, 0x000001c75eb60680,
0x000001c75e1984d0, 0x000001c75df56570, 0x000001c75df574a0, 0x000001c75df588e0,
0x000001c75df56a80, 0x000001c75df56060, 0x000001c75df579b0, 0x000001c75df583d0,
0x000001c75df56f90, 0x000001c75df57ec0, 0x000001c75df58df0, 0x000001c75df59810,
0x000001c75f0c1f90, 0x000001c75f0c7ab0, 0x000001c75f0c5c50, 0x000001c75f0c38e0,
0x000001c75f0c7fc0, 0x000001c75f0c1060, 0x000001c75f0c6b80, 0x000001c75f0c6670,
0x000001c761f64300, 0x000001c761f61570, 0x000001c761f66b80, 0x000001c761f684d0,
0x000001c761f66670, 0x000001c761f63df0, 0x000001c761f61060, 0x000001c761f67090,
0x000001c761f675a0, 0x000001c761f67ab0, 0x000001c761f61f90, 0x000001c761f638e0,
0x000001c761f633d0, 0x000001c761f64810, 0x000001c761f65740, 0x000001c761f65c50
}

Java Threads: ( => current thread )
  0x000001c71ff12cb0 JavaThread "main" [_thread_blocked, id=5336, stack(0x000000b240800000,0x000000b240900000)]
  0x000001c73d862ce0 JavaThread "Reference Handler" daemon [_thread_blocked, id=3720, stack(0x000000b240f00000,0x000000b241000000)]
  0x000001c73d863a70 JavaThread "Finalizer" daemon [_thread_blocked, id=12144, stack(0x000000b241000000,0x000000b241100000)]
  0x000001c73d8745e0 JavaThread "Signal Dispatcher" daemon [_thread_blocked, id=12172, stack(0x000000b241100000,0x000000b241200000)]
  0x000001c73d875fd0 JavaThread "Attach Listener" daemon [_thread_blocked, id=10448, stack(0x000000b241200000,0x000000b241300000)]
  0x000001c73d876aa0 JavaThread "Service Thread" daemon [_thread_blocked, id=11428, stack(0x000000b241300000,0x000000b241400000)]
  0x000001c73d879380 JavaThread "Monitor Deflation Thread" daemon [_thread_blocked, id=11524, stack(0x000000b241400000,0x000000b241500000)]
  0x000001c73d87bf90 JavaThread "C2 CompilerThread0" daemon [_thread_blocked, id=11916, stack(0x000000b241500000,0x000000b241600000)]
  0x000001c73d87c950 JavaThread "C1 CompilerThread0" daemon [_thread_blocked, id=11528, stack(0x000000b241600000,0x000000b241700000)]
  0x000001c73d8f5470 JavaThread "Sweeper thread" daemon [_thread_blocked, id=12012, stack(0x000000b241700000,0x000000b241800000)]
  0x000001c73da838c0 JavaThread "Common-Cleaner" daemon [_thread_blocked, id=6776, stack(0x000000b241800000,0x000000b241900000)]
  0x000001c73db54600 JavaThread "Notification Thread" daemon [_thread_blocked, id=1816, stack(0x000000b241900000,0x000000b241a00000)]
  0x000001c75e6c91b0 JavaThread "Daemon health stats" [_thread_blocked, id=10252, stack(0x000000b241d00000,0x000000b241e00000)]
  0x000001c75d9d40d0 JavaThread "Incoming local TCP Connector on port 50089" [_thread_in_native, id=11292, stack(0x000000b241f00000,0x000000b242000000)]
  0x000001c75e8d0aa0 JavaThread "Daemon periodic checks" [_thread_blocked, id=11496, stack(0x000000b242000000,0x000000b242100000)]
  0x000001c75eb60680 JavaThread "Daemon" [_thread_blocked, id=5600, stack(0x000000b242200000,0x000000b242300000)]
  0x000001c75e1984d0 JavaThread "Handler for socket connection from /127.0.0.1:50089 to /127.0.0.1:50090" [_thread_in_native, id=8120, stack(0x000000b242300000,0x000000b242400000)]
  0x000001c75df56570 JavaThread "Cancel handler" [_thread_blocked, id=11812, stack(0x000000b242100000,0x000000b242200000)]
  0x000001c75df574a0 JavaThread "Daemon worker" [_thread_blocked, id=11704, stack(0x000000b242400000,0x000000b242500000)]
  0x000001c75df588e0 JavaThread "Asynchronous log dispatcher for DefaultDaemonConnection: socket connection from /127.0.0.1:50089 to /127.0.0.1:50090" [_thread_blocked, id=1620, stack(0x000000b242500000,0x000000b242600000)]
  0x000001c75df56a80 JavaThread "Stdin handler" [_thread_blocked, id=11824, stack(0x000000b242600000,0x000000b242700000)]
  0x000001c75df56060 JavaThread "Daemon client event forwarder" [_thread_blocked, id=11884, stack(0x000000b242700000,0x000000b242800000)]
  0x000001c75df579b0 JavaThread "Cache worker for journal cache (C:\Users\admin\.gradle\caches\journal-1)" [_thread_blocked, id=10280, stack(0x000000b242800000,0x000000b242900000)]
  0x000001c75df583d0 JavaThread "File lock request listener" [_thread_in_native, id=2300, stack(0x000000b242900000,0x000000b242a00000)]
  0x000001c75df56f90 JavaThread "Cache worker for file hash cache (C:\Users\admin\.gradle\caches\8.14\fileHashes)" [_thread_blocked, id=10152, stack(0x000000b242a00000,0x000000b242b00000)]
  0x000001c75df57ec0 JavaThread "Cache worker for file hash cache (C:\Users\admin\Desktop\Bigiluu-DMK\dmk_project\android\.gradle\8.14\fileHashes)" [_thread_blocked, id=11516, stack(0x000000b242c00000,0x000000b242d00000)]
  0x000001c75df58df0 JavaThread "Cache worker for Build Output Cleanup Cache (C:\Users\admin\Desktop\Bigiluu-DMK\dmk_project\android\.gradle\buildOutputCleanup)" [_thread_blocked, id=11484, stack(0x000000b242d00000,0x000000b242e00000)]
  0x000001c75df59810 JavaThread "File watcher server" daemon [_thread_in_native, id=11780, stack(0x000000b242e00000,0x000000b242f00000)]
  0x000001c75f0c1f90 JavaThread "File watcher consumer" daemon [_thread_blocked, id=5256, stack(0x000000b242f00000,0x000000b243000000)]
  0x000001c75f0c7ab0 JavaThread "jar transforms" [_thread_blocked, id=5672, stack(0x000000b242b00000,0x000000b242c00000)]
  0x000001c75f0c5c50 JavaThread "jar transforms Thread 2" [_thread_blocked, id=3744, stack(0x000000b243000000,0x000000b243100000)]
  0x000001c75f0c38e0 JavaThread "Cache worker for checksums cache (C:\Users\admin\Desktop\Bigiluu-DMK\dmk_project\android\.gradle\8.14\checksums)" [_thread_blocked, id=11928, stack(0x000000b243300000,0x000000b243400000)]
  0x000001c75f0c7fc0 JavaThread "Cache worker for file content cache (C:\Users\admin\.gradle\caches\8.14\fileContent)" [_thread_blocked, id=8876, stack(0x000000b243400000,0x000000b243500000)]
  0x000001c75f0c1060 JavaThread "Cache worker for cache directory md-supplier (C:\Users\admin\.gradle\caches\8.14\md-supplier)" [_thread_blocked, id=5020, stack(0x000000b243700000,0x000000b243800000)]
  0x000001c75f0c6b80 JavaThread "Cache worker for cache directory md-rule (C:\Users\admin\.gradle\caches\8.14\md-rule)" [_thread_blocked, id=5624, stack(0x000000b243800000,0x000000b243900000)]
  0x000001c75f0c6670 JavaThread "Cache worker for Build Output Cleanup Cache (C:\flutter\packages\flutter_tools\gradle\.gradle\buildOutputCleanup)" [_thread_blocked, id=6832, stack(0x000000b243900000,0x000000b243a00000)]
  0x000001c761f64300 JavaThread "Unconstrained build operations" [_thread_blocked, id=404, stack(0x000000b243a00000,0x000000b243b00000)]
  0x000001c761f61570 JavaThread "Unconstrained build operations Thread 2" [_thread_blocked, id=9304, stack(0x000000b243b00000,0x000000b243c00000)]
  0x000001c761f66b80 JavaThread "Unconstrained build operations Thread 3" [_thread_blocked, id=11364, stack(0x000000b243c00000,0x000000b243d00000)]
  0x000001c761f684d0 JavaThread "Memory manager" [_thread_blocked, id=956, stack(0x000000b243e00000,0x000000b243f00000)]
  0x000001c761f66670 JavaThread "build event listener" [_thread_blocked, id=5304, stack(0x000000b243d00000,0x000000b243e00000)]
  0x000001c761f63df0 JavaThread "included builds" [_thread_blocked, id=7272, stack(0x000000b243f00000,0x000000b244000000)]
  0x000001c761f61060 JavaThread "Execution worker" [_thread_blocked, id=1300, stack(0x000000b244000000,0x000000b244100000)]
  0x000001c761f67090 JavaThread "Cache worker for execution history cache (C:\flutter\packages\flutter_tools\gradle\.gradle\8.14\executionHistory)" [_thread_blocked, id=11948, stack(0x000000b244100000,0x000000b244200000)]
  0x000001c761f675a0 JavaThread "Unconstrained build operations Thread 4" [_thread_blocked, id=5724, stack(0x000000b244200000,0x000000b244300000)]
  0x000001c761f67ab0 JavaThread "Unconstrained build operations Thread 5" [_thread_blocked, id=2628, stack(0x000000b244400000,0x000000b244500000)]
  0x000001c761f61f90 JavaThread "Unconstrained build operations Thread 6" [_thread_blocked, id=4496, stack(0x000000b244500000,0x000000b244600000)]
  0x000001c761f638e0 JavaThread "Unconstrained build operations Thread 7" [_thread_blocked, id=8636, stack(0x000000b240600000,0x000000b240700000)]
=>0x000001c761f633d0 JavaThread "WorkerExecutor Queue" [_thread_in_vm, id=8320, stack(0x000000b240700000,0x000000b240800000)]
  0x000001c761f64810 JavaThread "RMI Scheduler(0)" daemon [_thread_blocked, id=1672, stack(0x000000b244300000,0x000000b244400000)]
  0x000001c761f65740 JavaThread "RMI RenewClean-[127.0.0.1:17839,org.jetbrains.kotlin.daemon.common.LoopbackNetworkInterface$ClientLoopbackSocketFactory@6319cb75]" daemon [_thread_in_vm, id=1660, stack(0x000000b244600000,0x000000b244700000)]
  0x000001c761f65c50 JavaThread "RMI GC Daemon" daemon [_thread_new, id=2064, stack(0x0000000000000000,0x0000000000000000)]

Other Threads:
  0x000001c73d85ca20 VMThread "VM Thread" [stack: 0x000000b240e00000,0x000000b240f00000] [id=11456]
  0x000001c71ff14a50 WatcherThread [stack: 0x000000b241a00000,0x000000b241b00000] [id=7072]
  0x000001c71ff6f700 GCTaskThread "GC Thread#0" [stack: 0x000000b240900000,0x000000b240a00000] [id=10360]
  0x000001c73ddd0740 GCTaskThread "GC Thread#1" [stack: 0x000000b241b00000,0x000000b241c00000] [id=3916]
  0x000001c73ddd0a00 GCTaskThread "GC Thread#2" [stack: 0x000000b241c00000,0x000000b241d00000] [id=11412]
  0x000001c75de5ea40 GCTaskThread "GC Thread#3" [stack: 0x000000b241e00000,0x000000b241f00000] [id=11628]
  0x000001c71ff80560 ConcurrentGCThread "G1 Main Marker" [stack: 0x000000b240a00000,0x000000b240b00000] [id=10640]
  0x000001c71ff80e80 ConcurrentGCThread "G1 Conc#0" [stack: 0x000000b240b00000,0x000000b240c00000] [id=1636]
  0x000001c73d7220b0 ConcurrentGCThread "G1 Refine#0" [stack: 0x000000b240c00000,0x000000b240d00000] [id=6692]
  0x000001c7602ba410 ConcurrentGCThread "G1 Refine#1" [stack: 0x000000b243100000,0x000000b243200000] [id=6092]
  0x000001c75fe51d30 ConcurrentGCThread "G1 Refine#2" [stack: 0x000000b243500000,0x000000b243600000] [id=3940]
  0x000001c73d7229f0 ConcurrentGCThread "G1 Service" [stack: 0x000000b240d00000,0x000000b240e00000] [id=4056]

Threads with active compile tasks:

VM state: not at safepoint (normal execution)

VM Mutex/Monitor currently owned by a thread:  ([mutex/lock_event])
[0x000001c71ff0e3c0] Metaspace_lock - owner thread: 0x000001c761f633d0

Heap address: 0x0000000080000000, size: 2048 MB, Compressed Oops mode: 32-bit

CDS archive(s) mapped at: [0x000001c73e000000-0x000001c73ebd0000-0x000001c73ebd0000), size 12386304, SharedBaseAddress: 0x000001c73e000000, ArchiveRelocationMode: 1.
Compressed class space mapped at: 0x000001c73f000000-0x000001c759000000, reserved size: 436207616
Narrow klass base: 0x000001c73e000000, Narrow klass shift: 0, Narrow klass range: 0x100000000

GC Precious Log:
 CPUs: 4 total, 4 available
 Memory: 8079M
 Large Page Support: Disabled
 NUMA Support: Disabled
 Compressed Oops: Enabled (32-bit)
 Heap Region Size: 1M
 Heap Min Capacity: 8M
 Heap Initial Capacity: 128M
 Heap Max Capacity: 2G
 Pre-touch: Disabled
 Parallel Workers: 4
 Concurrent Workers: 1
 Concurrent Refinement Workers: 4
 Periodic GC: Disabled

Heap:
 garbage-first heap   total 215040K, used 145810K [0x0000000080000000, 0x0000000100000000)
  region size 1024K, 49 young (50176K), 7 survivors (7168K)
 Metaspace       used 132070K, committed 132928K, reserved 557056K
  class space    used 17366K, committed 17792K, reserved 425984K

Heap Regions: E=young(eden), S=young(survivor), O=old, HS=humongous(starts), HC=humongous(continues), CS=collection set, F=free, OA=open archive, CA=closed archive, TAMS=top-at-mark-start (previous, next)
|   0|0x0000000080000000, 0x0000000080100000, 0x0000000080100000|100%|HS|  |TAMS 0x0000000080100000, 0x0000000080000000| Complete 
|   1|0x0000000080100000, 0x0000000080200000, 0x0000000080200000|100%|HC|  |TAMS 0x0000000080200000, 0x0000000080100000| Complete 
|   2|0x0000000080200000, 0x0000000080300000, 0x0000000080300000|100%|HC|  |TAMS 0x0000000080300000, 0x0000000080200000| Complete 
|   3|0x0000000080300000, 0x0000000080400000, 0x0000000080400000|100%| O|  |TAMS 0x0000000080400000, 0x0000000080300000| Untracked 
|   4|0x0000000080400000, 0x0000000080500000, 0x0000000080500000|100%| O|  |TAMS 0x0000000080500000, 0x0000000080400000| Untracked 
|   5|0x0000000080500000, 0x0000000080600000, 0x0000000080600000|100%| O|  |TAMS 0x0000000080600000, 0x0000000080500000| Untracked 
|   6|0x0000000080600000, 0x0000000080700000, 0x0000000080700000|100%| O|  |TAMS 0x0000000080700000, 0x0000000080600000| Untracked 
|   7|0x0000000080700000, 0x0000000080800000, 0x0000000080800000|100%|HS|  |TAMS 0x0000000080800000, 0x0000000080700000| Complete 
|   8|0x0000000080800000, 0x0000000080900000, 0x0000000080900000|100%| O|  |TAMS 0x0000000080900000, 0x0000000080800000| Untracked 
|   9|0x0000000080900000, 0x0000000080a00000, 0x0000000080a00000|100%| O|  |TAMS 0x0000000080a00000, 0x0000000080900000| Untracked 
|  10|0x0000000080a00000, 0x0000000080b00000, 0x0000000080b00000|100%| O|  |TAMS 0x0000000080b00000, 0x0000000080a00000| Untracked 
|  11|0x0000000080b00000, 0x0000000080c00000, 0x0000000080c00000|100%| O|  |TAMS 0x0000000080c00000, 0x0000000080b00000| Untracked 
|  12|0x0000000080c00000, 0x0000000080d00000, 0x0000000080d00000|100%| O|  |TAMS 0x0000000080d00000, 0x0000000080c00000| Untracked 
|  13|0x0000000080d00000, 0x0000000080e00000, 0x0000000080e00000|100%| O|  |TAMS 0x0000000080e00000, 0x0000000080d00000| Untracked 
|  14|0x0000000080e00000, 0x0000000080f00000, 0x0000000080f00000|100%| O|  |TAMS 0x0000000080f00000, 0x0000000080e00000| Untracked 
|  15|0x0000000080f00000, 0x0000000080fd4a00, 0x0000000081000000| 83%| O|  |TAMS 0x0000000080fd4a00, 0x0000000080f00000| Untracked 
|  16|0x0000000081000000, 0x0000000081100000, 0x0000000081100000|100%| O|  |TAMS 0x0000000081100000, 0x0000000081000000| Untracked 
|  17|0x0000000081100000, 0x0000000081200000, 0x0000000081200000|100%| O|  |TAMS 0x0000000081200000, 0x0000000081100000| Untracked 
|  18|0x0000000081200000, 0x0000000081300000, 0x0000000081300000|100%| O|  |TAMS 0x0000000081300000, 0x0000000081200000| Untracked 
|  19|0x0000000081300000, 0x0000000081400000, 0x0000000081400000|100%| O|  |TAMS 0x0000000081400000, 0x0000000081300000| Untracked 
|  20|0x0000000081400000, 0x0000000081500000, 0x0000000081500000|100%| O|  |TAMS 0x0000000081500000, 0x0000000081400000| Untracked 
|  21|0x0000000081500000, 0x0000000081600000, 0x0000000081600000|100%| O|  |TAMS 0x0000000081600000, 0x0000000081500000| Untracked 
|  22|0x0000000081600000, 0x0000000081700000, 0x0000000081700000|100%| O|  |TAMS 0x0000000081700000, 0x0000000081600000| Untracked 
|  23|0x0000000081700000, 0x0000000081800000, 0x0000000081800000|100%| O|  |TAMS 0x0000000081700000, 0x0000000081700000| Untracked 
|  24|0x0000000081800000, 0x0000000081900000, 0x0000000081900000|100%| O|  |TAMS 0x0000000081900000, 0x0000000081800000| Untracked 
|  25|0x0000000081900000, 0x0000000081a00000, 0x0000000081a00000|100%| O|  |TAMS 0x0000000081a00000, 0x0000000081900000| Untracked 
|  26|0x0000000081a00000, 0x0000000081b00000, 0x0000000081b00000|100%| O|  |TAMS 0x0000000081b00000, 0x0000000081a00000| Untracked 
|  27|0x0000000081b00000, 0x0000000081c00000, 0x0000000081c00000|100%| O|  |TAMS 0x0000000081c00000, 0x0000000081b00000| Untracked 
|  28|0x0000000081c00000, 0x0000000081d00000, 0x0000000081d00000|100%| O|  |TAMS 0x0000000081d00000, 0x0000000081c00000| Untracked 
|  29|0x0000000081d00000, 0x0000000081e00000, 0x0000000081e00000|100%| O|  |TAMS 0x0000000081e00000, 0x0000000081d00000| Untracked 
|  30|0x0000000081e00000, 0x0000000081f00000, 0x0000000081f00000|100%| O|  |TAMS 0x0000000081f00000, 0x0000000081e00000| Untracked 
|  31|0x0000000081f00000, 0x0000000082000000, 0x0000000082000000|100%| O|  |TAMS 0x0000000082000000, 0x0000000081f00000| Untracked 
|  32|0x0000000082000000, 0x0000000082100000, 0x0000000082100000|100%| O|  |TAMS 0x0000000082100000, 0x0000000082000000| Untracked 
|  33|0x0000000082100000, 0x0000000082200000, 0x0000000082200000|100%| O|  |TAMS 0x0000000082200000, 0x0000000082100000| Untracked 
|  34|0x0000000082200000, 0x0000000082300000, 0x0000000082300000|100%| O|  |TAMS 0x0000000082300000, 0x0000000082200000| Untracked 
|  35|0x0000000082300000, 0x0000000082400000, 0x0000000082400000|100%| O|  |TAMS 0x0000000082400000, 0x0000000082300000| Untracked 
|  36|0x0000000082400000, 0x0000000082500000, 0x0000000082500000|100%| O|  |TAMS 0x0000000082500000, 0x0000000082400000| Untracked 
|  37|0x0000000082500000, 0x0000000082500000, 0x0000000082600000|  0%| F|  |TAMS 0x0000000082500000, 0x0000000082500000| Untracked 
|  38|0x0000000082600000, 0x0000000082700000, 0x0000000082700000|100%| O|  |TAMS 0x0000000082700000, 0x0000000082600000| Untracked 
|  39|0x0000000082700000, 0x0000000082700000, 0x0000000082800000|  0%| F|  |TAMS 0x0000000082700000, 0x0000000082700000| Untracked 
|  40|0x0000000082800000, 0x0000000082900000, 0x0000000082900000|100%| O|  |TAMS 0x0000000082900000, 0x0000000082800000| Untracked 
|  41|0x0000000082900000, 0x0000000082a00000, 0x0000000082a00000|100%| O|  |TAMS 0x0000000082a00000, 0x0000000082900000| Untracked 
|  42|0x0000000082a00000, 0x0000000082b00000, 0x0000000082b00000|100%| O|  |TAMS 0x0000000082b00000, 0x0000000082a00000| Untracked 
|  43|0x0000000082b00000, 0x0000000082c00000, 0x0000000082c00000|100%| O|  |TAMS 0x0000000082c00000, 0x0000000082b00000| Untracked 
|  44|0x0000000082c00000, 0x0000000082d00000, 0x0000000082d00000|100%| O|  |TAMS 0x0000000082d00000, 0x0000000082c00000| Untracked 
|  45|0x0000000082d00000, 0x0000000082e00000, 0x0000000082e00000|100%| O|  |TAMS 0x0000000082e00000, 0x0000000082d00000| Untracked 
|  46|0x0000000082e00000, 0x0000000082f00000, 0x0000000082f00000|100%| O|  |TAMS 0x0000000082f00000, 0x0000000082e00000| Untracked 
|  47|0x0000000082f00000, 0x0000000083000000, 0x0000000083000000|100%| O|  |TAMS 0x0000000083000000, 0x0000000082f00000| Untracked 
|  48|0x0000000083000000, 0x0000000083100000, 0x0000000083100000|100%| O|  |TAMS 0x0000000083100000, 0x0000000083000000| Untracked 
|  49|0x0000000083100000, 0x0000000083200000, 0x0000000083200000|100%| O|  |TAMS 0x0000000083200000, 0x0000000083100000| Untracked 
|  50|0x0000000083200000, 0x0000000083300000, 0x0000000083300000|100%| O|  |TAMS 0x0000000083300000, 0x0000000083200000| Untracked 
|  51|0x0000000083300000, 0x0000000083400000, 0x0000000083400000|100%| O|  |TAMS 0x0000000083400000, 0x0000000083300000| Untracked 
|  52|0x0000000083400000, 0x0000000083500000, 0x0000000083500000|100%| O|  |TAMS 0x0000000083500000, 0x0000000083400000| Untracked 
|  53|0x0000000083500000, 0x0000000083500000, 0x0000000083600000|  0%| F|  |TAMS 0x0000000083500000, 0x0000000083500000| Untracked 
|  54|0x0000000083600000, 0x0000000083700000, 0x0000000083700000|100%| O|  |TAMS 0x0000000083700000, 0x0000000083600000| Untracked 
|  55|0x0000000083700000, 0x0000000083800000, 0x0000000083800000|100%| O|  |TAMS 0x0000000083800000, 0x0000000083700000| Untracked 
|  56|0x0000000083800000, 0x0000000083800000, 0x0000000083900000|  0%| F|  |TAMS 0x0000000083800000, 0x0000000083800000| Untracked 
|  57|0x0000000083900000, 0x0000000083900000, 0x0000000083a00000|  0%| F|  |TAMS 0x0000000083900000, 0x0000000083900000| Untracked 
|  58|0x0000000083a00000, 0x0000000083a00000, 0x0000000083b00000|  0%| F|  |TAMS 0x0000000083a00000, 0x0000000083a00000| Untracked 
|  59|0x0000000083b00000, 0x0000000083b00000, 0x0000000083c00000|  0%| F|  |TAMS 0x0000000083b00000, 0x0000000083b00000| Untracked 
|  60|0x0000000083c00000, 0x0000000083c00000, 0x0000000083d00000|  0%| F|  |TAMS 0x0000000083c00000, 0x0000000083c00000| Untracked 
|  61|0x0000000083d00000, 0x0000000083d00000, 0x0000000083e00000|  0%| F|  |TAMS 0x0000000083d00000, 0x0000000083d00000| Untracked 
|  62|0x0000000083e00000, 0x0000000083e00000, 0x0000000083f00000|  0%| F|  |TAMS 0x0000000083e00000, 0x0000000083e00000| Untracked 
|  63|0x0000000083f00000, 0x0000000083f00000, 0x0000000084000000|  0%| F|  |TAMS 0x0000000083f00000, 0x0000000083f00000| Untracked 
|  64|0x0000000084000000, 0x0000000084100000, 0x0000000084100000|100%| O|  |TAMS 0x0000000084100000, 0x0000000084000000| Untracked 
|  65|0x0000000084100000, 0x0000000084200000, 0x0000000084200000|100%| O|  |TAMS 0x0000000084200000, 0x0000000084100000| Untracked 
|  66|0x0000000084200000, 0x0000000084300000, 0x0000000084300000|100%| O|  |TAMS 0x0000000084300000, 0x0000000084200000| Untracked 
|  67|0x0000000084300000, 0x0000000084400000, 0x0000000084400000|100%| O|  |TAMS 0x0000000084400000, 0x0000000084300000| Untracked 
|  68|0x0000000084400000, 0x0000000084500000, 0x0000000084500000|100%| O|  |TAMS 0x0000000084500000, 0x0000000084400000| Untracked 
|  69|0x0000000084500000, 0x0000000084500000, 0x0000000084600000|  0%| F|  |TAMS 0x0000000084500000, 0x0000000084500000| Untracked 
|  70|0x0000000084600000, 0x0000000084600000, 0x0000000084700000|  0%| F|  |TAMS 0x0000000084600000, 0x0000000084600000| Untracked 
|  71|0x0000000084700000, 0x0000000084700000, 0x0000000084800000|  0%| F|  |TAMS 0x0000000084700000, 0x0000000084700000| Untracked 
|  72|0x0000000084800000, 0x0000000084900000, 0x0000000084900000|100%| O|  |TAMS 0x0000000084900000, 0x0000000084800000| Untracked 
|  73|0x0000000084900000, 0x0000000084a00000, 0x0000000084a00000|100%| O|  |TAMS 0x0000000084a00000, 0x0000000084900000| Untracked 
|  74|0x0000000084a00000, 0x0000000084b00000, 0x0000000084b00000|100%| O|  |TAMS 0x0000000084b00000, 0x0000000084a00000| Untracked 
|  75|0x0000000084b00000, 0x0000000084b00000, 0x0000000084c00000|  0%| F|  |TAMS 0x0000000084b00000, 0x0000000084b00000| Untracked 
|  76|0x0000000084c00000, 0x0000000084d00000, 0x0000000084d00000|100%| O|  |TAMS 0x0000000084d00000, 0x0000000084c00000| Untracked 
|  77|0x0000000084d00000, 0x0000000084e00000, 0x0000000084e00000|100%| O|  |TAMS 0x0000000084e00000, 0x0000000084d00000| Untracked 
|  78|0x0000000084e00000, 0x0000000084f00000, 0x0000000084f00000|100%| O|  |TAMS 0x0000000084f00000, 0x0000000084e00000| Untracked 
|  79|0x0000000084f00000, 0x0000000085000000, 0x0000000085000000|100%| O|  |TAMS 0x0000000085000000, 0x0000000084f00000| Untracked 
|  80|0x0000000085000000, 0x0000000085100000, 0x0000000085100000|100%| O|  |TAMS 0x0000000085100000, 0x0000000085000000| Untracked 
|  81|0x0000000085100000, 0x0000000085200000, 0x0000000085200000|100%| O|  |TAMS 0x0000000085200000, 0x0000000085100000| Untracked 
|  82|0x0000000085200000, 0x0000000085300000, 0x0000000085300000|100%| O|  |TAMS 0x0000000085300000, 0x0000000085200000| Untracked 
|  83|0x0000000085300000, 0x0000000085400000, 0x0000000085400000|100%| O|  |TAMS 0x0000000085400000, 0x0000000085300000| Untracked 
|  84|0x0000000085400000, 0x0000000085500000, 0x0000000085500000|100%| O|  |TAMS 0x0000000085500000, 0x0000000085400000| Untracked 
|  85|0x0000000085500000, 0x0000000085600000, 0x0000000085600000|100%| O|  |TAMS 0x00000000855dda00, 0x0000000085500000| Untracked 
|  86|0x0000000085600000, 0x0000000085700000, 0x0000000085700000|100%|HS|  |TAMS 0x0000000085700000, 0x0000000085600000| Complete 
|  87|0x0000000085700000, 0x0000000085800000, 0x0000000085800000|100%|HC|  |TAMS 0x0000000085800000, 0x0000000085700000| Complete 
|  88|0x0000000085800000, 0x0000000085900000, 0x0000000085900000|100%|HS|  |TAMS 0x0000000085900000, 0x0000000085800000| Complete 
|  89|0x0000000085900000, 0x0000000085a00000, 0x0000000085a00000|100%|HC|  |TAMS 0x0000000085a00000, 0x0000000085900000| Complete 
|  90|0x0000000085a00000, 0x0000000085b00000, 0x0000000085b00000|100%|HS|  |TAMS 0x0000000085b00000, 0x0000000085a00000| Complete 
|  91|0x0000000085b00000, 0x0000000085c00000, 0x0000000085c00000|100%|HC|  |TAMS 0x0000000085c00000, 0x0000000085b00000| Complete 
|  92|0x0000000085c00000, 0x0000000085d00000, 0x0000000085d00000|100%|HC|  |TAMS 0x0000000085d00000, 0x0000000085c00000| Complete 
|  93|0x0000000085d00000, 0x0000000085e00000, 0x0000000085e00000|100%| O|  |TAMS 0x0000000085d00000, 0x0000000085d00000| Untracked 
|  94|0x0000000085e00000, 0x0000000085f00000, 0x0000000085f00000|100%| O|  |TAMS 0x0000000085e00000, 0x0000000085e00000| Untracked 
|  95|0x0000000085f00000, 0x0000000086000000, 0x0000000086000000|100%| O|  |TAMS 0x0000000085f00000, 0x0000000085f00000| Untracked 
|  96|0x0000000086000000, 0x0000000086100000, 0x0000000086100000|100%| O|  |TAMS 0x0000000086000000, 0x0000000086000000| Untracked 
|  97|0x0000000086100000, 0x0000000086200000, 0x0000000086200000|100%| O|  |TAMS 0x0000000086100000, 0x0000000086100000| Untracked 
|  98|0x0000000086200000, 0x0000000086300000, 0x0000000086300000|100%| O|  |TAMS 0x0000000086200000, 0x0000000086200000| Untracked 
|  99|0x0000000086300000, 0x0000000086400000, 0x0000000086400000|100%| O|  |TAMS 0x0000000086300000, 0x0000000086300000| Untracked 
| 100|0x0000000086400000, 0x0000000086500000, 0x0000000086500000|100%|HS|  |TAMS 0x0000000086400000, 0x0000000086400000| Complete 
| 101|0x0000000086500000, 0x0000000086600000, 0x0000000086600000|100%|HC|  |TAMS 0x0000000086500000, 0x0000000086500000| Complete 
| 102|0x0000000086600000, 0x0000000086700000, 0x0000000086700000|100%|HC|  |TAMS 0x0000000086600000, 0x0000000086600000| Complete 
| 103|0x0000000086700000, 0x0000000086800000, 0x0000000086800000|100%| O|  |TAMS 0x0000000086700000, 0x0000000086700000| Untracked 
| 104|0x0000000086800000, 0x0000000086900000, 0x0000000086900000|100%| O|  |TAMS 0x0000000086800000, 0x0000000086800000| Untracked 
| 105|0x0000000086900000, 0x0000000086a00000, 0x0000000086a00000|100%| O|  |TAMS 0x0000000086900000, 0x0000000086900000| Untracked 
| 106|0x0000000086a00000, 0x0000000086b00000, 0x0000000086b00000|100%| O|  |TAMS 0x0000000086a00000, 0x0000000086a00000| Untracked 
| 107|0x0000000086b00000, 0x0000000086c00000, 0x0000000086c00000|100%| O|  |TAMS 0x0000000086b00000, 0x0000000086b00000| Untracked 
| 108|0x0000000086c00000, 0x0000000086d00000, 0x0000000086d00000|100%| O|  |TAMS 0x0000000086c00000, 0x0000000086c00000| Untracked 
| 109|0x0000000086d00000, 0x0000000086e00000, 0x0000000086e00000|100%| O|  |TAMS 0x0000000086d00000, 0x0000000086d00000| Untracked 
| 110|0x0000000086e00000, 0x0000000086ee7400, 0x0000000086f00000| 90%| O|  |TAMS 0x0000000086e00000, 0x0000000086e00000| Untracked 
| 111|0x0000000086f00000, 0x0000000086f00000, 0x0000000087000000|  0%| F|  |TAMS 0x0000000086f00000, 0x0000000086f00000| Untracked 
| 112|0x0000000087000000, 0x0000000087000000, 0x0000000087100000|  0%| F|  |TAMS 0x0000000087000000, 0x0000000087000000| Untracked 
| 113|0x0000000087100000, 0x0000000087100000, 0x0000000087200000|  0%| F|  |TAMS 0x0000000087100000, 0x0000000087100000| Untracked 
| 114|0x0000000087200000, 0x0000000087200000, 0x0000000087300000|  0%| F|  |TAMS 0x0000000087200000, 0x0000000087200000| Untracked 
| 115|0x0000000087300000, 0x0000000087300000, 0x0000000087400000|  0%| F|  |TAMS 0x0000000087300000, 0x0000000087300000| Untracked 
| 116|0x0000000087400000, 0x0000000087400000, 0x0000000087500000|  0%| F|  |TAMS 0x0000000087400000, 0x0000000087400000| Untracked 
| 117|0x0000000087500000, 0x0000000087500000, 0x0000000087600000|  0%| F|  |TAMS 0x0000000087500000, 0x0000000087500000| Untracked 
| 118|0x0000000087600000, 0x0000000087600000, 0x0000000087700000|  0%| F|  |TAMS 0x0000000087600000, 0x0000000087600000| Untracked 
| 119|0x0000000087700000, 0x0000000087700000, 0x0000000087800000|  0%| F|  |TAMS 0x0000000087700000, 0x0000000087700000| Untracked 
| 120|0x0000000087800000, 0x0000000087800000, 0x0000000087900000|  0%| F|  |TAMS 0x0000000087800000, 0x0000000087800000| Untracked 
| 121|0x0000000087900000, 0x0000000087900000, 0x0000000087a00000|  0%| F|  |TAMS 0x0000000087900000, 0x0000000087900000| Untracked 
| 122|0x0000000087a00000, 0x0000000087a00000, 0x0000000087b00000|  0%| F|  |TAMS 0x0000000087a00000, 0x0000000087a00000| Untracked 
| 123|0x0000000087b00000, 0x0000000087b00000, 0x0000000087c00000|  0%| F|  |TAMS 0x0000000087b00000, 0x0000000087b00000| Untracked 
| 124|0x0000000087c00000, 0x0000000087c00000, 0x0000000087d00000|  0%| F|  |TAMS 0x0000000087c00000, 0x0000000087c00000| Untracked 
| 125|0x0000000087d00000, 0x0000000087d00000, 0x0000000087e00000|  0%| F|  |TAMS 0x0000000087d00000, 0x0000000087d00000| Untracked 
| 126|0x0000000087e00000, 0x0000000087e00000, 0x0000000087f00000|  0%| F|  |TAMS 0x0000000087e00000, 0x0000000087e00000| Untracked 
| 127|0x0000000087f00000, 0x0000000087f00000, 0x0000000088000000|  0%| F|  |TAMS 0x0000000087f00000, 0x0000000087f00000| Untracked 
| 128|0x0000000088000000, 0x0000000088000000, 0x0000000088100000|  0%| F|  |TAMS 0x0000000088000000, 0x0000000088000000| Untracked 
| 129|0x0000000088100000, 0x0000000088100000, 0x0000000088200000|  0%| F|  |TAMS 0x0000000088100000, 0x0000000088100000| Untracked 
| 130|0x0000000088200000, 0x0000000088200000, 0x0000000088300000|  0%| F|  |TAMS 0x0000000088200000, 0x0000000088200000| Untracked 
| 131|0x0000000088300000, 0x0000000088300000, 0x0000000088400000|  0%| F|  |TAMS 0x0000000088300000, 0x0000000088300000| Untracked 
| 132|0x0000000088400000, 0x0000000088400000, 0x0000000088500000|  0%| F|  |TAMS 0x0000000088400000, 0x0000000088400000| Untracked 
| 133|0x0000000088500000, 0x00000000885a8b48, 0x0000000088600000| 65%| S|CS|TAMS 0x0000000088500000, 0x0000000088500000| Complete 
| 134|0x0000000088600000, 0x0000000088700000, 0x0000000088700000|100%| S|CS|TAMS 0x0000000088600000, 0x0000000088600000| Complete 
| 135|0x0000000088700000, 0x0000000088800000, 0x0000000088800000|100%| S|CS|TAMS 0x0000000088700000, 0x0000000088700000| Complete 
| 136|0x0000000088800000, 0x0000000088900000, 0x0000000088900000|100%| S|CS|TAMS 0x0000000088800000, 0x0000000088800000| Complete 
| 137|0x0000000088900000, 0x0000000088a00000, 0x0000000088a00000|100%| S|CS|TAMS 0x0000000088900000, 0x0000000088900000| Complete 
| 138|0x0000000088a00000, 0x0000000088b00000, 0x0000000088b00000|100%| S|CS|TAMS 0x0000000088a00000, 0x0000000088a00000| Complete 
| 139|0x0000000088b00000, 0x0000000088c00000, 0x0000000088c00000|100%| S|CS|TAMS 0x0000000088b00000, 0x0000000088b00000| Complete 
| 140|0x0000000088c00000, 0x0000000088c00000, 0x0000000088d00000|  0%| F|  |TAMS 0x0000000088c00000, 0x0000000088c00000| Untracked 
| 141|0x0000000088d00000, 0x0000000088d00000, 0x0000000088e00000|  0%| F|  |TAMS 0x0000000088d00000, 0x0000000088d00000| Untracked 
| 142|0x0000000088e00000, 0x0000000088e00000, 0x0000000088f00000|  0%| F|  |TAMS 0x0000000088e00000, 0x0000000088e00000| Untracked 
| 143|0x0000000088f00000, 0x0000000088f00000, 0x0000000089000000|  0%| F|  |TAMS 0x0000000088f00000, 0x0000000088f00000| Untracked 
| 144|0x0000000089000000, 0x0000000089000000, 0x0000000089100000|  0%| F|  |TAMS 0x0000000089000000, 0x0000000089000000| Untracked 
| 145|0x0000000089100000, 0x0000000089100000, 0x0000000089200000|  0%| F|  |TAMS 0x0000000089100000, 0x0000000089100000| Untracked 
| 146|0x0000000089200000, 0x0000000089200000, 0x0000000089300000|  0%| F|  |TAMS 0x0000000089200000, 0x0000000089200000| Untracked 
| 147|0x0000000089300000, 0x0000000089300000, 0x0000000089400000|  0%| F|  |TAMS 0x0000000089300000, 0x0000000089300000| Untracked 
| 148|0x0000000089400000, 0x0000000089400000, 0x0000000089500000|  0%| F|  |TAMS 0x0000000089400000, 0x0000000089400000| Untracked 
| 149|0x0000000089500000, 0x0000000089500000, 0x0000000089600000|  0%| F|  |TAMS 0x0000000089500000, 0x0000000089500000| Untracked 
| 150|0x0000000089600000, 0x0000000089600000, 0x0000000089700000|  0%| F|  |TAMS 0x0000000089600000, 0x0000000089600000| Untracked 
| 151|0x0000000089700000, 0x0000000089700000, 0x0000000089800000|  0%| F|  |TAMS 0x0000000089700000, 0x0000000089700000| Untracked 
| 152|0x0000000089800000, 0x0000000089800000, 0x0000000089900000|  0%| F|  |TAMS 0x0000000089800000, 0x0000000089800000| Untracked 
| 153|0x0000000089900000, 0x0000000089900000, 0x0000000089a00000|  0%| F|  |TAMS 0x0000000089900000, 0x0000000089900000| Untracked 
| 154|0x0000000089a00000, 0x0000000089a00000, 0x0000000089b00000|  0%| F|  |TAMS 0x0000000089a00000, 0x0000000089a00000| Untracked 
| 155|0x0000000089b00000, 0x0000000089b00000, 0x0000000089c00000|  0%| F|  |TAMS 0x0000000089b00000, 0x0000000089b00000| Untracked 
| 156|0x0000000089c00000, 0x0000000089c00000, 0x0000000089d00000|  0%| F|  |TAMS 0x0000000089c00000, 0x0000000089c00000| Untracked 
| 157|0x0000000089d00000, 0x0000000089d00000, 0x0000000089e00000|  0%| F|  |TAMS 0x0000000089d00000, 0x0000000089d00000| Untracked 
| 158|0x0000000089e00000, 0x0000000089e00000, 0x0000000089f00000|  0%| F|  |TAMS 0x0000000089e00000, 0x0000000089e00000| Untracked 
| 159|0x0000000089f00000, 0x0000000089f00000, 0x000000008a000000|  0%| F|  |TAMS 0x0000000089f00000, 0x0000000089f00000| Untracked 
| 160|0x000000008a000000, 0x000000008a000000, 0x000000008a100000|  0%| F|  |TAMS 0x000000008a000000, 0x000000008a000000| Untracked 
| 161|0x000000008a100000, 0x000000008a100000, 0x000000008a200000|  0%| F|  |TAMS 0x000000008a100000, 0x000000008a100000| Untracked 
| 162|0x000000008a200000, 0x000000008a200000, 0x000000008a300000|  0%| F|  |TAMS 0x000000008a200000, 0x000000008a200000| Untracked 
| 163|0x000000008a300000, 0x000000008a300000, 0x000000008a400000|  0%| F|  |TAMS 0x000000008a300000, 0x000000008a300000| Untracked 
| 164|0x000000008a400000, 0x000000008a400000, 0x000000008a500000|  0%| F|  |TAMS 0x000000008a400000, 0x000000008a400000| Untracked 
| 165|0x000000008a500000, 0x000000008a500000, 0x000000008a600000|  0%| F|  |TAMS 0x000000008a500000, 0x000000008a500000| Untracked 
| 166|0x000000008a600000, 0x000000008a600000, 0x000000008a700000|  0%| F|  |TAMS 0x000000008a600000, 0x000000008a600000| Untracked 
| 167|0x000000008a700000, 0x000000008a700000, 0x000000008a800000|  0%| F|  |TAMS 0x000000008a700000, 0x000000008a700000| Untracked 
| 168|0x000000008a800000, 0x000000008a840c68, 0x000000008a900000| 25%| E|  |TAMS 0x000000008a800000, 0x000000008a800000| Complete 
| 169|0x000000008a900000, 0x000000008aa00000, 0x000000008aa00000|100%| E|CS|TAMS 0x000000008a900000, 0x000000008a900000| Complete 
| 170|0x000000008aa00000, 0x000000008ab00000, 0x000000008ab00000|100%| E|CS|TAMS 0x000000008aa00000, 0x000000008aa00000| Complete 
| 171|0x000000008ab00000, 0x000000008ac00000, 0x000000008ac00000|100%| E|CS|TAMS 0x000000008ab00000, 0x000000008ab00000| Complete 
| 172|0x000000008ac00000, 0x000000008ad00000, 0x000000008ad00000|100%| E|  |TAMS 0x000000008ac00000, 0x000000008ac00000| Complete 
| 173|0x000000008ad00000, 0x000000008ae00000, 0x000000008ae00000|100%| E|CS|TAMS 0x000000008ad00000, 0x000000008ad00000| Complete 
| 174|0x000000008ae00000, 0x000000008af00000, 0x000000008af00000|100%| E|CS|TAMS 0x000000008ae00000, 0x000000008ae00000| Complete 
| 175|0x000000008af00000, 0x000000008b000000, 0x000000008b000000|100%| E|CS|TAMS 0x000000008af00000, 0x000000008af00000| Complete 
| 176|0x000000008b000000, 0x000000008b100000, 0x000000008b100000|100%| E|CS|TAMS 0x000000008b000000, 0x000000008b000000| Complete 
| 177|0x000000008b100000, 0x000000008b200000, 0x000000008b200000|100%| E|CS|TAMS 0x000000008b100000, 0x000000008b100000| Complete 
| 178|0x000000008b200000, 0x000000008b300000, 0x000000008b300000|100%| E|CS|TAMS 0x000000008b200000, 0x000000008b200000| Complete 
| 179|0x000000008b300000, 0x000000008b400000, 0x000000008b400000|100%| E|CS|TAMS 0x000000008b300000, 0x000000008b300000| Complete 
| 180|0x000000008b400000, 0x000000008b500000, 0x000000008b500000|100%| E|CS|TAMS 0x000000008b400000, 0x000000008b400000| Complete 
| 181|0x000000008b500000, 0x000000008b600000, 0x000000008b600000|100%| E|CS|TAMS 0x000000008b500000, 0x000000008b500000| Complete 
| 182|0x000000008b600000, 0x000000008b700000, 0x000000008b700000|100%| E|CS|TAMS 0x000000008b600000, 0x000000008b600000| Complete 
| 183|0x000000008b700000, 0x000000008b800000, 0x000000008b800000|100%| E|CS|TAMS 0x000000008b700000, 0x000000008b700000| Complete 
| 184|0x000000008b800000, 0x000000008b900000, 0x000000008b900000|100%| E|CS|TAMS 0x000000008b800000, 0x000000008b800000| Complete 
| 185|0x000000008b900000, 0x000000008ba00000, 0x000000008ba00000|100%| E|CS|TAMS 0x000000008b900000, 0x000000008b900000| Complete 
| 186|0x000000008ba00000, 0x000000008bb00000, 0x000000008bb00000|100%| E|CS|TAMS 0x000000008ba00000, 0x000000008ba00000| Complete 
| 187|0x000000008bb00000, 0x000000008bc00000, 0x000000008bc00000|100%| E|CS|TAMS 0x000000008bb00000, 0x000000008bb00000| Complete 
| 188|0x000000008bc00000, 0x000000008bd00000, 0x000000008bd00000|100%| E|CS|TAMS 0x000000008bc00000, 0x000000008bc00000| Complete 
| 189|0x000000008bd00000, 0x000000008be00000, 0x000000008be00000|100%| E|CS|TAMS 0x000000008bd00000, 0x000000008bd00000| Complete 
| 190|0x000000008be00000, 0x000000008bf00000, 0x000000008bf00000|100%| E|CS|TAMS 0x000000008be00000, 0x000000008be00000| Complete 
| 191|0x000000008bf00000, 0x000000008c000000, 0x000000008c000000|100%| E|CS|TAMS 0x000000008bf00000, 0x000000008bf00000| Complete 
| 192|0x000000008c000000, 0x000000008c100000, 0x000000008c100000|100%| E|CS|TAMS 0x000000008c000000, 0x000000008c000000| Complete 
| 193|0x000000008c100000, 0x000000008c200000, 0x000000008c200000|100%| E|CS|TAMS 0x000000008c100000, 0x000000008c100000| Complete 
| 194|0x000000008c200000, 0x000000008c300000, 0x000000008c300000|100%| E|CS|TAMS 0x000000008c200000, 0x000000008c200000| Complete 
| 195|0x000000008c300000, 0x000000008c400000, 0x000000008c400000|100%| E|CS|TAMS 0x000000008c300000, 0x000000008c300000| Complete 
| 196|0x000000008c400000, 0x000000008c500000, 0x000000008c500000|100%| E|CS|TAMS 0x000000008c400000, 0x000000008c400000| Complete 
| 197|0x000000008c500000, 0x000000008c600000, 0x000000008c600000|100%| E|CS|TAMS 0x000000008c500000, 0x000000008c500000| Complete 
| 198|0x000000008c600000, 0x000000008c700000, 0x000000008c700000|100%| E|CS|TAMS 0x000000008c600000, 0x000000008c600000| Complete 
| 199|0x000000008c700000, 0x000000008c800000, 0x000000008c800000|100%| E|CS|TAMS 0x000000008c700000, 0x000000008c700000| Complete 
| 200|0x000000008c800000, 0x000000008c900000, 0x000000008c900000|100%| E|CS|TAMS 0x000000008c800000, 0x000000008c800000| Complete 
| 201|0x000000008c900000, 0x000000008ca00000, 0x000000008ca00000|100%| E|CS|TAMS 0x000000008c900000, 0x000000008c900000| Complete 
| 202|0x000000008ca00000, 0x000000008cb00000, 0x000000008cb00000|100%| E|CS|TAMS 0x000000008ca00000, 0x000000008ca00000| Complete 
| 203|0x000000008cb00000, 0x000000008cc00000, 0x000000008cc00000|100%| E|CS|TAMS 0x000000008cb00000, 0x000000008cb00000| Complete 
| 204|0x000000008cc00000, 0x000000008cd00000, 0x000000008cd00000|100%| E|CS|TAMS 0x000000008cc00000, 0x000000008cc00000| Complete 
| 205|0x000000008cd00000, 0x000000008ce00000, 0x000000008ce00000|100%| E|CS|TAMS 0x000000008cd00000, 0x000000008cd00000| Complete 
| 206|0x000000008ce00000, 0x000000008cf00000, 0x000000008cf00000|100%| E|CS|TAMS 0x000000008ce00000, 0x000000008ce00000| Complete 
| 207|0x000000008cf00000, 0x000000008d000000, 0x000000008d000000|100%| E|CS|TAMS 0x000000008cf00000, 0x000000008cf00000| Complete 
| 208|0x000000008d000000, 0x000000008d100000, 0x000000008d100000|100%| E|CS|TAMS 0x000000008d000000, 0x000000008d000000| Complete 
| 209|0x000000008d100000, 0x000000008d200000, 0x000000008d200000|100%| E|CS|TAMS 0x000000008d100000, 0x000000008d100000| Complete 

Card table byte_map: [0x000001c736bd0000,0x000001c736fd0000] _byte_map_base: 0x000001c7367d0000

Marking Bits (Prev, Next): (CMBitMap*) 0x000001c71ff6fc70, (CMBitMap*) 0x000001c71ff6fc30
 Prev Bits: [0x000001c7393d0000, 0x000001c73b3d0000)
 Next Bits: [0x000001c7373d0000, 0x000001c7393d0000)

Polling page: 0x000001c71f6e0000

Metaspace:

Usage:
  Non-class:    112.02 MB used.
      Class:     16.96 MB used.
       Both:    128.98 MB used.

Virtual space:
  Non-class space:      128.00 MB reserved,     112.44 MB ( 88%) committed,  2 nodes.
      Class space:      416.00 MB reserved,      17.38 MB (  4%) committed,  1 nodes.
             Both:      544.00 MB reserved,     129.81 MB ( 24%) committed. 

Chunk freelists:
   Non-Class:  15.26 MB
       Class:  14.59 MB
        Both:  29.85 MB

MaxMetaspaceSize: 512.00 MB
CompressedClassSpaceSize: 416.00 MB
Initial GC threshold: 21.00 MB
Current GC threshold: 196.56 MB
CDS: on
MetaspaceReclaimPolicy: balanced
 - commit_granule_bytes: 65536.
 - commit_granule_words: 8192.
 - virtual_space_node_default_size: 8388608.
 - enlarge_chunks_in_place: 1.
 - new_chunks_are_fully_committed: 0.
 - uncommit_free_chunks: 1.
 - use_allocation_guard: 0.
 - handle_deallocations: 1.


Internal statistics:

num_allocs_failed_limit: 8.
num_arena_births: 1270.
num_arena_deaths: 0.
num_vsnodes_births: 3.
num_vsnodes_deaths: 0.
num_space_committed: 2075.
num_space_uncommitted: 0.
num_chunks_returned_to_freelist: 8.
num_chunks_taken_from_freelist: 6469.
num_chunk_merges: 8.
num_chunk_splits: 4669.
num_chunks_enlarged: 3563.
num_inconsistent_stats: 0.

CodeHeap 'non-profiled nmethods': size=120000Kb used=7270Kb max_used=7270Kb free=112729Kb
 bounds [0x000001c72f2a0000, 0x000001c72f9c0000, 0x000001c7367d0000]
CodeHeap 'profiled nmethods': size=120000Kb used=26333Kb max_used=26333Kb free=93666Kb
 bounds [0x000001c7277d0000, 0x000001c729190000, 0x000001c72ed00000]
CodeHeap 'non-nmethods': size=5760Kb used=2560Kb max_used=2596Kb free=3199Kb
 bounds [0x000001c72ed00000, 0x000001c72efa0000, 0x000001c72f2a0000]
 total_blobs=13484 nmethods=12349 adapters=1046
 compilation: enabled
              stopped_count=0, restarted_count=0
 full_count=0

Compilation events (20 events):
Event: 61.553 Thread 0x000001c73d87c950 nmethod 13715 0x000001c729182410 code [0x000001c729182760, 0x000001c729183bc8]
Event: 61.557 Thread 0x000001c73d87bf90 nmethod 13714 0x000001c72f9b8390 code [0x000001c72f9b8520, 0x000001c72f9b8ab8]
Event: 61.562 Thread 0x000001c73d87c950 13716       3       java.security.MessageDigest::update (11 bytes)
Event: 61.562 Thread 0x000001c73d87c950 nmethod 13716 0x000001c729184690 code [0x000001c729184840, 0x000001c729184b08]
Event: 61.562 Thread 0x000001c73d87c950 13717       3       java.security.MessageDigest$Delegate::engineUpdate (9 bytes)
Event: 61.562 Thread 0x000001c73d87c950 nmethod 13717 0x000001c729184c10 code [0x000001c729184dc0, 0x000001c729184f88]
Event: 61.562 Thread 0x000001c73d87c950 13718       3       sun.security.provider.DigestBase::engineUpdate (32 bytes)
Event: 61.562 Thread 0x000001c73d87c950 nmethod 13718 0x000001c729185090 code [0x000001c729185240, 0x000001c729185508]
Event: 61.568 Thread 0x000001c73d87c950 13719       1       java.lang.invoke.LambdaForm::arity (5 bytes)
Event: 61.568 Thread 0x000001c73d87c950 nmethod 13719 0x000001c72f9b8c10 code [0x000001c72f9b8da0, 0x000001c72f9b8e78]
Event: 61.568 Thread 0x000001c73d87bf90 13720       4       java.util.stream.ReferencePipeline$StatelessOp::<init> (29 bytes)
Event: 61.571 Thread 0x000001c73d87bf90 nmethod 13720 0x000001c72f9b8f10 code [0x000001c72f9b9080, 0x000001c72f9b9418]
Event: 61.572 Thread 0x000001c73d87c950 13721       3       java.net.URI$Parser::scan (23 bytes)
Event: 61.573 Thread 0x000001c73d87c950 nmethod 13721 0x000001c729185610 code [0x000001c729185820, 0x000001c729185eb8]
Event: 61.644 Thread 0x000001c73d87bf90 13722       4       java.security.AccessController::doPrivileged (9 bytes)
Event: 61.644 Thread 0x000001c73d87bf90 nmethod 13722 0x000001c72f9b9590 code [0x000001c72f9b9720, 0x000001c72f9b97c8]
Event: 61.645 Thread 0x000001c73d87c950 13723       3       jdk.internal.reflect.ClassFileAssembler::opc_sipush (16 bytes)
Event: 61.645 Thread 0x000001c73d87c950 nmethod 13723 0x000001c729186190 code [0x000001c7291863a0, 0x000001c729186908]
Event: 61.646 Thread 0x000001c73d87c950 13724       3       java.io.ObjectStreamField::getClassSignature (27 bytes)
Event: 61.646 Thread 0x000001c73d87c950 nmethod 13724 0x000001c729186b90 code [0x000001c729186da0, 0x000001c7291872a8]

GC Heap History (20 events):
Event: 33.356 GC heap before
{Heap before GC invocations=34 (full 0):
 garbage-first heap   total 215040K, used 164154K [0x0000000080000000, 0x0000000100000000)
  region size 1024K, 96 young (98304K), 1 survivors (1024K)
 Metaspace       used 82937K, committed 83520K, reserved 557056K
  class space    used 10851K, committed 11136K, reserved 425984K
}
Event: 33.366 GC heap after
{Heap after GC invocations=35 (full 0):
 garbage-first heap   total 215040K, used 73858K [0x0000000080000000, 0x0000000100000000)
  region size 1024K, 8 young (8192K), 8 survivors (8192K)
 Metaspace       used 82937K, committed 83520K, reserved 557056K
  class space    used 10851K, committed 11136K, reserved 425984K
}
Event: 37.357 GC heap before
{Heap before GC invocations=35 (full 0):
 garbage-first heap   total 215040K, used 164994K [0x0000000080000000, 0x0000000100000000)
  region size 1024K, 97 young (99328K), 8 survivors (8192K)
 Metaspace       used 95174K, committed 95744K, reserved 557056K
  class space    used 12086K, committed 12352K, reserved 425984K
}
Event: 37.370 GC heap after
{Heap after GC invocations=36 (full 0):
 garbage-first heap   total 215040K, used 78814K [0x0000000080000000, 0x0000000100000000)
  region size 1024K, 5 young (5120K), 5 survivors (5120K)
 Metaspace       used 95174K, committed 95744K, reserved 557056K
  class space    used 12086K, committed 12352K, reserved 425984K
}
Event: 42.509 GC heap before
{Heap before GC invocations=36 (full 0):
 garbage-first heap   total 215040K, used 168926K [0x0000000080000000, 0x0000000100000000)
  region size 1024K, 93 young (95232K), 5 survivors (5120K)
 Metaspace       used 104935K, committed 105664K, reserved 557056K
  class space    used 13319K, committed 13696K, reserved 425984K
}
Event: 42.517 GC heap after
{Heap after GC invocations=37 (full 0):
 garbage-first heap   total 215040K, used 81475K [0x0000000080000000, 0x0000000100000000)
  region size 1024K, 8 young (8192K), 8 survivors (8192K)
 Metaspace       used 104935K, committed 105664K, reserved 557056K
  class space    used 13319K, committed 13696K, reserved 425984K
}
Event: 46.311 GC heap before
{Heap before GC invocations=38 (full 0):
 garbage-first heap   total 215040K, used 171587K [0x0000000080000000, 0x0000000100000000)
  region size 1024K, 96 young (98304K), 8 survivors (8192K)
 Metaspace       used 110964K, committed 111680K, reserved 557056K
  class space    used 14321K, committed 14656K, reserved 425984K
}
Event: 46.326 GC heap after
{Heap after GC invocations=39 (full 0):
 garbage-first heap   total 215040K, used 87769K [0x0000000080000000, 0x0000000100000000)
  region size 1024K, 10 young (10240K), 10 survivors (10240K)
 Metaspace       used 110964K, committed 111680K, reserved 557056K
  class space    used 14321K, committed 14656K, reserved 425984K
}
Event: 46.348 GC heap before
{Heap before GC invocations=39 (full 0):
 garbage-first heap   total 215040K, used 88793K [0x0000000080000000, 0x0000000100000000)
  region size 1024K, 11 young (11264K), 10 survivors (10240K)
 Metaspace       used 111012K, committed 111744K, reserved 557056K
  class space    used 14331K, committed 14656K, reserved 425984K
}
Event: 46.359 GC heap after
{Heap after GC invocations=40 (full 0):
 garbage-first heap   total 215040K, used 88161K [0x0000000080000000, 0x0000000100000000)
  region size 1024K, 2 young (2048K), 2 survivors (2048K)
 Metaspace       used 111012K, committed 111744K, reserved 557056K
  class space    used 14331K, committed 14656K, reserved 425984K
}
Event: 50.032 GC heap before
{Heap before GC invocations=40 (full 0):
 garbage-first heap   total 215040K, used 180321K [0x0000000080000000, 0x0000000100000000)
  region size 1024K, 85 young (87040K), 2 survivors (2048K)
 Metaspace       used 116820K, committed 117568K, reserved 557056K
  class space    used 15159K, committed 15488K, reserved 425984K
}
Event: 50.043 GC heap after
{Heap after GC invocations=41 (full 0):
 garbage-first heap   total 215040K, used 101509K [0x0000000080000000, 0x0000000100000000)
  region size 1024K, 8 young (8192K), 8 survivors (8192K)
 Metaspace       used 116820K, committed 117568K, reserved 557056K
  class space    used 15159K, committed 15488K, reserved 425984K
}
Event: 51.475 GC heap before
{Heap before GC invocations=41 (full 0):
 garbage-first heap   total 215040K, used 144517K [0x0000000080000000, 0x0000000100000000)
  region size 1024K, 51 young (52224K), 8 survivors (8192K)
 Metaspace       used 119762K, committed 120512K, reserved 557056K
  class space    used 15559K, committed 15872K, reserved 425984K
}
Event: 51.485 GC heap after
{Heap after GC invocations=42 (full 0):
 garbage-first heap   total 215040K, used 103445K [0x0000000080000000, 0x0000000100000000)
  region size 1024K, 2 young (2048K), 2 survivors (2048K)
 Metaspace       used 119762K, committed 120512K, reserved 557056K
  class space    used 15559K, committed 15872K, reserved 425984K
}
Event: 54.122 GC heap before
{Heap before GC invocations=43 (full 0):
 garbage-first heap   total 215040K, used 179221K [0x0000000080000000, 0x0000000100000000)
  region size 1024K, 73 young (74752K), 2 survivors (2048K)
 Metaspace       used 123424K, committed 124288K, reserved 557056K
  class space    used 16099K, committed 16512K, reserved 425984K
}
Event: 54.133 GC heap after
{Heap after GC invocations=44 (full 0):
 garbage-first heap   total 215040K, used 112427K [0x0000000080000000, 0x0000000100000000)
  region size 1024K, 8 young (8192K), 8 survivors (8192K)
 Metaspace       used 123424K, committed 124288K, reserved 557056K
  class space    used 16099K, committed 16512K, reserved 425984K
}
Event: 54.199 GC heap before
{Heap before GC invocations=44 (full 0):
 garbage-first heap   total 215040K, used 114475K [0x0000000080000000, 0x0000000100000000)
  region size 1024K, 10 young (10240K), 8 survivors (8192K)
 Metaspace       used 123572K, committed 124416K, reserved 557056K
  class space    used 16122K, committed 16512K, reserved 425984K
}
Event: 54.211 GC heap after
{Heap after GC invocations=45 (full 0):
 garbage-first heap   total 215040K, used 106223K [0x0000000080000000, 0x0000000100000000)
  region size 1024K, 1 young (1024K), 1 survivors (1024K)
 Metaspace       used 123572K, committed 124416K, reserved 557056K
  class space    used 16122K, committed 16512K, reserved 425984K
}
Event: 59.857 GC heap before
{Heap before GC invocations=45 (full 0):
 garbage-first heap   total 215040K, used 176879K [0x0000000080000000, 0x0000000100000000)
  region size 1024K, 70 young (71680K), 1 survivors (1024K)
 Metaspace       used 127955K, committed 128832K, reserved 557056K
  class space    used 16817K, committed 17216K, reserved 425984K
}
Event: 59.866 GC heap after
{Heap after GC invocations=46 (full 0):
 garbage-first heap   total 215040K, used 104850K [0x0000000080000000, 0x0000000100000000)
  region size 1024K, 7 young (7168K), 7 survivors (7168K)
 Metaspace       used 127955K, committed 128832K, reserved 557056K
  class space    used 16817K, committed 17216K, reserved 425984K
}

Deoptimization events (20 events):
Event: 61.559 Thread 0x000001c761f633d0 Uncommon trap: trap_request=0xffffff76 fr.pc=0x000001c72f9b5b28 relative=0x0000000000000088
Event: 61.559 Thread 0x000001c761f633d0 Uncommon trap: reason=predicate action=maybe_recompile pc=0x000001c72f9b5b28 method=java.util.TimSort.binarySort([Ljava/lang/Object;IIILjava/util/Comparator;)V @ 34 c2
Event: 61.559 Thread 0x000001c761f633d0 DEOPT PACKING pc=0x000001c72f9b5b28 sp=0x000000b2407fb400
Event: 61.560 Thread 0x000001c761f633d0 DEOPT UNPACKING pc=0x000001c72ed523a3 sp=0x000000b2407fb3b0 mode 2
Event: 61.566 Thread 0x000001c761f633d0 Uncommon trap: trap_request=0xffffffde fr.pc=0x000001c72f4bfb20 relative=0x0000000000000360
Event: 61.566 Thread 0x000001c761f633d0 Uncommon trap: reason=class_check action=maybe_recompile pc=0x000001c72f4bfb20 method=java.lang.StringConcatHelper.stringOf(Ljava/lang/Object;)Ljava/lang/String; @ 5 c2
Event: 61.566 Thread 0x000001c761f633d0 DEOPT PACKING pc=0x000001c72f4bfb20 sp=0x000000b2407fcdb0
Event: 61.566 Thread 0x000001c761f633d0 DEOPT UNPACKING pc=0x000001c72ed523a3 sp=0x000000b2407fccf0 mode 2
Event: 61.566 Thread 0x000001c761f633d0 Uncommon trap: trap_request=0xffffffde fr.pc=0x000001c72f4bfb20 relative=0x0000000000000360
Event: 61.566 Thread 0x000001c761f633d0 Uncommon trap: reason=class_check action=maybe_recompile pc=0x000001c72f4bfb20 method=java.lang.StringConcatHelper.stringOf(Ljava/lang/Object;)Ljava/lang/String; @ 5 c2
Event: 61.566 Thread 0x000001c761f633d0 DEOPT PACKING pc=0x000001c72f4bfb20 sp=0x000000b2407fcb10
Event: 61.566 Thread 0x000001c761f633d0 DEOPT UNPACKING pc=0x000001c72ed523a3 sp=0x000000b2407fca50 mode 2
Event: 61.643 Thread 0x000001c761f633d0 Uncommon trap: trap_request=0xffffffc6 fr.pc=0x000001c72f9575ac relative=0x000000000000074c
Event: 61.643 Thread 0x000001c761f633d0 Uncommon trap: reason=bimorphic_or_optimized_type_check action=maybe_recompile pc=0x000001c72f9575ac method=java.io.ObjectOutputStream$BlockDataOutputStream.drain()V @ 36 c2
Event: 61.643 Thread 0x000001c761f633d0 DEOPT PACKING pc=0x000001c72f9575ac sp=0x000000b2407fc990
Event: 61.643 Thread 0x000001c761f633d0 DEOPT UNPACKING pc=0x000001c72ed523a3 sp=0x000000b2407fc970 mode 2
Event: 61.643 Thread 0x000001c761f633d0 Uncommon trap: trap_request=0xffffffc6 fr.pc=0x000001c72f8d568c relative=0x00000000000006cc
Event: 61.643 Thread 0x000001c761f633d0 Uncommon trap: reason=bimorphic_or_optimized_type_check action=maybe_recompile pc=0x000001c72f8d568c method=java.io.ObjectOutputStream$BlockDataOutputStream.drain()V @ 36 c2
Event: 61.643 Thread 0x000001c761f633d0 DEOPT PACKING pc=0x000001c72f8d568c sp=0x000000b2407fcc60
Event: 61.643 Thread 0x000001c761f633d0 DEOPT UNPACKING pc=0x000001c72ed523a3 sp=0x000000b2407fcbf8 mode 2

Classes unloaded (0 events):
No events

Classes redefined (0 events):
No events

Internal exceptions (20 events):
Event: 58.399 Thread 0x000001c75df56060 Exception <a 'java/lang/NoSuchMethodError'{0x000000008a0a25a8}: static Lorg/gradle/internal/build/event/types/DefaultTaskFinishedProgressEvent;.<clinit>()V> (0x000000008a0a25a8) 
thrown [s\open\src\hotspot\share\prims\jni.cpp, line 1112]
Event: 58.400 Thread 0x000001c75df56060 Exception <a 'java/lang/NoSuchMethodError'{0x000000008a0b4c00}: static Lorg/gradle/internal/build/event/types/DefaultTaskSkippedResult;.<clinit>()V> (0x000000008a0b4c00) 
thrown [s\open\src\hotspot\share\prims\jni.cpp, line 1112]
Event: 58.400 Thread 0x000001c75df56060 Exception <a 'java/lang/NoSuchMethodError'{0x000000008a0b5cb0}: static Lorg/gradle/internal/build/event/types/AbstractTaskResult;.<clinit>()V> (0x000000008a0b5cb0) 
thrown [s\open\src\hotspot\share\prims\jni.cpp, line 1112]
Event: 58.405 Thread 0x000001c761f63df0 Exception <a 'java/lang/NoSuchMethodError'{0x000000008a1655a0}: 'void java.lang.invoke.DirectMethodHandle$Holder.invokeSpecial(java.lang.Object, java.lang.Object, java.lang.Object, java.lang.Object, int, java.lang.Object, java.lang.Object)'> (0x000000008a1655a0) 
thrown [s\open\src\hotspot\share\interpreter\linkResolver.cpp, line 759]
Event: 58.617 Thread 0x000001c761f63df0 Exception <a 'java/lang/NoSuchMethodError'{0x0000000089db4b58}: 'int java.lang.invoke.DirectMethodHandle$Holder.invokeSpecial(java.lang.Object, java.lang.Object, java.lang.Object, java.lang.Object, java.lang.Object)'> (0x0000000089db4b58) 
thrown [s\open\src\hotspot\share\interpreter\linkResolver.cpp, line 759]
Event: 59.420 Thread 0x000001c761f63df0 Exception <a 'java/lang/NoSuchMethodError'{0x0000000089430e58}: static Ljava/lang/Object;.<clinit>()V> (0x0000000089430e58) 
thrown [s\open\src\hotspot\share\prims\jni.cpp, line 1112]
Event: 59.977 Thread 0x000001c761f63df0 Implicit null exception at 0x000001c72f96b602 to 0x000001c72f96c818
Event: 60.087 Thread 0x000001c761f63df0 Exception <a 'java/lang/NoSuchMethodError'{0x000000008cd85790}: 'int java.lang.invoke.DirectMethodHandle$Holder.invokeStaticInit(java.lang.Object, java.lang.Object, java.lang.Object, java.lang.Object, java.lang.Object)'> (0x000000008cd85790) 
thrown [s\open\src\hotspot\share\interpreter\linkResolver.cpp, line 759]
Event: 61.163 Thread 0x000001c761f63df0 Exception <a 'java/lang/NoSuchMethodError'{0x000000008b15b158}: static [Ljava/lang/String;.<clinit>()V> (0x000000008b15b158) 
thrown [s\open\src\hotspot\share\prims\jni.cpp, line 1112]
Event: 61.169 Thread 0x000001c761f63df0 Exception <a 'java/lang/NoSuchMethodError'{0x000000008b1bc138}: static [Ljava/lang/Object;.<clinit>()V> (0x000000008b1bc138) 
thrown [s\open\src\hotspot\share\prims\jni.cpp, line 1112]
Event: 61.171 Thread 0x000001c761f63df0 Exception <a 'java/lang/NoSuchMethodError'{0x000000008b1dc688}: static Ljava/lang/Object;.<clinit>()V> (0x000000008b1dc688) 
thrown [s\open\src\hotspot\share\prims\jni.cpp, line 1112]
Event: 61.172 Thread 0x000001c761f63df0 Exception <a 'java/lang/NoSuchMethodError'{0x000000008b015c10}: static Lorg/jetbrains/kotlin/incremental/ClasspathChanges$ClasspathSnapshotEnabled$NotAvailableForNonIncrementalRun;.<clinit>()V> (0x000000008b015c10) 
thrown [s\open\src\hotspot\share\prims\jni.cpp, line 1112]
Event: 61.173 Thread 0x000001c761f63df0 Exception <a 'java/lang/NoSuchMethodError'{0x000000008b017e40}: static Lorg/jetbrains/kotlin/incremental/ClasspathChanges$ClasspathSnapshotEnabled;.<clinit>()V> (0x000000008b017e40) 
thrown [s\open\src\hotspot\share\prims\jni.cpp, line 1112]
Event: 61.173 Thread 0x000001c761f63df0 Exception <a 'java/lang/NoSuchMethodError'{0x000000008b019ed0}: static Lorg/jetbrains/kotlin/incremental/ClasspathChanges;.<clinit>()V> (0x000000008b019ed0) 
thrown [s\open\src\hotspot\share\prims\jni.cpp, line 1112]
Event: 61.241 Thread 0x000001c75df56060 Exception <a 'java/lang/NoSuchMethodError'{0x000000008af950b8}: static Lorg/gradle/internal/build/event/types/DefaultTaskSuccessResult;.<clinit>()V> (0x000000008af950b8) 
thrown [s\open\src\hotspot\share\prims\jni.cpp, line 1112]
Event: 61.374 Thread 0x000001c75df56060 Exception <a 'java/lang/NoSuchMethodError'{0x000000008ae233a0}: static Lorg/gradle/internal/build/event/types/DefaultWorkItemDescriptor;.<clinit>()V> (0x000000008ae233a0) 
thrown [s\open\src\hotspot\share\prims\jni.cpp, line 1112]
Event: 61.559 Thread 0x000001c761f633d0 Exception <a 'java/lang/NoSuchMethodError'{0x000000008a965888}: static Lorg/jetbrains/kotlin/daemon/common/LoopbackNetworkInterface$AbstractClientLoopbackSocketFactory;.<clinit>()V> (0x000000008a965888) 
thrown [s\open\src\hotspot\share\prims\jni.cpp, line 1112]
Event: 61.560 Thread 0x000001c761f633d0 Exception <a 'java/lang/NoSuchMethodError'{0x000000008a9713c0}: static Lorg/jetbrains/kotlin/daemon/common/LoopbackNetworkInterface$ClientLoopbackSocketFactory;.<clinit>()V> (0x000000008a9713c0) 
thrown [s\open\src\hotspot\share\prims\jni.cpp, line 1112]
Event: 61.644 Thread 0x000001c761f633d0 Exception <a 'java/lang/NoSuchMethodError'{0x000000008a9eeff8}: static [Ljava/rmi/server/ObjID;.<clinit>()V> (0x000000008a9eeff8) 
thrown [s\open\src\hotspot\share\prims\jni.cpp, line 1112]
Event: 61.646 Thread 0x000001c761f633d0 Exception <a 'java/lang/NoSuchMethodError'{0x000000008a812d48}: static [B.<clinit>()V> (0x000000008a812d48) 
thrown [s\open\src\hotspot\share\prims\jni.cpp, line 1112]

VM Operations (20 events):
Event: 59.077 Executing VM operation: ICBufferFull
Event: 59.094 Executing VM operation: ICBufferFull done
Event: 59.844 Executing VM operation: ICBufferFull
Event: 59.845 Executing VM operation: ICBufferFull done
Event: 59.857 Executing VM operation: G1CollectForAllocation
Event: 59.868 Executing VM operation: G1CollectForAllocation done
Event: 60.092 Executing VM operation: HandshakeAllThreads
Event: 60.092 Executing VM operation: HandshakeAllThreads done
Event: 60.127 Executing VM operation: HandshakeAllThreads
Event: 60.127 Executing VM operation: HandshakeAllThreads done
Event: 60.128 Executing VM operation: HandshakeAllThreads
Event: 60.129 Executing VM operation: HandshakeAllThreads done
Event: 60.133 Executing VM operation: HandshakeAllThreads
Event: 60.133 Executing VM operation: HandshakeAllThreads done
Event: 60.869 Executing VM operation: HandshakeAllThreads
Event: 60.869 Executing VM operation: HandshakeAllThreads done
Event: 60.869 Executing VM operation: Cleanup
Event: 60.869 Executing VM operation: Cleanup done
Event: 61.544 Executing VM operation: HandshakeAllThreads
Event: 61.544 Executing VM operation: HandshakeAllThreads done

Events (20 events):
Event: 61.571 loading class sun/rmi/transport/GC$Daemon done
Event: 61.571 loading class sun/rmi/transport/GC$Daemon$1
Event: 61.571 loading class sun/rmi/transport/GC$Daemon$1 done
Event: 61.572 Thread 0x000001c761f65c50 Thread added: 0x000001c761f65c50
Event: 61.572 loading class sun/rmi/transport/DGCClient$EndpointEntry$RefEntry
Event: 61.572 loading class sun/rmi/transport/DGCClient$EndpointEntry$RefEntry done
Event: 61.572 loading class sun/rmi/transport/DGCClient$EndpointEntry$RefEntry$PhantomLiveRef
Event: 61.572 loading class sun/rmi/transport/DGCClient$EndpointEntry$RefEntry$PhantomLiveRef done
Event: 61.572 loading class java/rmi/dgc/Lease
Event: 61.572 loading class java/rmi/dgc/Lease done
Event: 61.643 loading class java/io/ObjectInputFilter$FilterInfo
Event: 61.643 loading class java/io/ObjectInputFilter$FilterInfo done
Event: 61.643 loading class java/io/ObjectInputFilter$Status
Event: 61.643 loading class java/io/ObjectInputFilter$Status done
Event: 61.651 loading class java/io/ObjectInputStream$FilterValues
Event: 61.651 loading class java/io/ObjectInputStream$FilterValues done
Event: 61.651 loading class java/io/ObjectInputStream$Logging
Event: 61.651 loading class java/io/ObjectInputStream$Logging done
Event: 61.652 loading class sun/rmi/transport/DGCClient$EndpointEntry$1
Event: 61.652 loading class sun/rmi/transport/DGCClient$EndpointEntry$1 done


Dynamic libraries:
0x00007ff6b3050000 - 0x00007ff6b3060000 	C:\Program Files\Java\jdk-17\bin\java.exe
0x00007ffd83a00000 - 0x00007ffd83bf0000 	C:\Windows\SYSTEM32\ntdll.dll
0x00007ffd81bd0000 - 0x00007ffd81c82000 	C:\Windows\System32\KERNEL32.DLL
0x00007ffd81640000 - 0x00007ffd818e5000 	C:\Windows\System32\KERNELBASE.dll
0x00007ffd809a0000 - 0x00007ffd80a9a000 	C:\Windows\System32\ucrtbase.dll
0x00007ffd679e0000 - 0x00007ffd679f9000 	C:\Program Files\Java\jdk-17\bin\jli.dll
0x00007ffd83690000 - 0x00007ffd83733000 	C:\Windows\System32\ADVAPI32.dll
0x00007ffd81c90000 - 0x00007ffd81d2e000 	C:\Windows\System32\msvcrt.dll
0x00007ffd835f0000 - 0x00007ffd83687000 	C:\Windows\System32\sechost.dll
0x00007ffd81ab0000 - 0x00007ffd81bcf000 	C:\Windows\System32\RPCRT4.dll
0x00007ffd82d30000 - 0x00007ffd82ec4000 	C:\Windows\System32\USER32.dll
0x00007ffd80970000 - 0x00007ffd80991000 	C:\Windows\System32\win32u.dll
0x00007ffd82d00000 - 0x00007ffd82d26000 	C:\Windows\System32\GDI32.dll
0x00007ffd80d20000 - 0x00007ffd80eb8000 	C:\Windows\System32\gdi32full.dll
0x00007ffd81a10000 - 0x00007ffd81aae000 	C:\Windows\System32\msvcp_win.dll
0x00007ffd68330000 - 0x00007ffd6834b000 	C:\Program Files\Java\jdk-17\bin\VCRUNTIME140.dll
0x00007ffd71e60000 - 0x00007ffd720e4000 	C:\Windows\WinSxS\amd64_microsoft.windows.common-controls_6595b64144ccf1df_6.0.18362.1556_none_9e7e372fe45e41d5\COMCTL32.dll
0x00007ffd82ed0000 - 0x00007ffd83206000 	C:\Windows\System32\combase.dll
0x00007ffd80aa0000 - 0x00007ffd80b21000 	C:\Windows\System32\bcryptPrimitives.dll
0x00007ffd79400000 - 0x00007ffd7940a000 	C:\Windows\SYSTEM32\VERSION.dll
0x00007ffd832d0000 - 0x00007ffd832fe000 	C:\Windows\System32\IMM32.DLL
0x00007ffd6a9f0000 - 0x00007ffd6a9fc000 	C:\Program Files\Java\jdk-17\bin\vcruntime140_1.dll
0x00007ffd1c3f0000 - 0x00007ffd1c47e000 	C:\Program Files\Java\jdk-17\bin\msvcp140.dll
0x00007ffd1adc0000 - 0x00007ffd1b9a0000 	C:\Program Files\Java\jdk-17\bin\server\jvm.dll
0x00007ffd82b80000 - 0x00007ffd82b88000 	C:\Windows\System32\PSAPI.DLL
0x00007ffd68470000 - 0x00007ffd68479000 	C:\Windows\SYSTEM32\WSOCK32.dll
0x00007ffd83740000 - 0x00007ffd837af000 	C:\Windows\System32\WS2_32.dll
0x00007ffd7e9d0000 - 0x00007ffd7e9f4000 	C:\Windows\SYSTEM32\WINMM.dll
0x00007ffd7e9a0000 - 0x00007ffd7e9cd000 	C:\Windows\SYSTEM32\WINMMBASE.dll
0x00007ffd81910000 - 0x00007ffd8195a000 	C:\Windows\System32\cfgmgr32.dll
0x00007ffd808c0000 - 0x00007ffd808d1000 	C:\Windows\System32\kernel.appcore.dll
0x00007ffd5e520000 - 0x00007ffd5e52a000 	C:\Program Files\Java\jdk-17\bin\jimage.dll
0x00007ffd728f0000 - 0x00007ffd72ae4000 	C:\Windows\SYSTEM32\DBGHELP.DLL
0x00007ffd70e40000 - 0x00007ffd70e6a000 	C:\Windows\SYSTEM32\dbgcore.DLL
0x00007ffd57690000 - 0x00007ffd5769e000 	C:\Program Files\Java\jdk-17\bin\instrument.dll
0x00007ffd57660000 - 0x00007ffd57685000 	C:\Program Files\Java\jdk-17\bin\java.dll
0x00007ffd1c310000 - 0x00007ffd1c3e7000 	C:\Program Files\Java\jdk-17\bin\jsvml.dll
0x00007ffd82430000 - 0x00007ffd82b17000 	C:\Windows\System32\SHELL32.dll
0x00007ffd81ef0000 - 0x00007ffd81f98000 	C:\Windows\System32\shcore.dll
0x00007ffd80ec0000 - 0x00007ffd8163b000 	C:\Windows\System32\windows.storage.dll
0x00007ffd80900000 - 0x00007ffd8091e000 	C:\Windows\System32\profapi.dll
0x00007ffd80920000 - 0x00007ffd8096a000 	C:\Windows\System32\powrprof.dll
0x00007ffd808b0000 - 0x00007ffd808c0000 	C:\Windows\System32\UMPDC.dll
0x00007ffd83810000 - 0x00007ffd83862000 	C:\Windows\System32\shlwapi.dll
0x00007ffd818f0000 - 0x00007ffd81907000 	C:\Windows\System32\cryptsp.dll
0x00007ffd3bb00000 - 0x00007ffd3bb18000 	C:\Program Files\Java\jdk-17\bin\zip.dll
0x00007ffd3bae0000 - 0x00007ffd3baf9000 	C:\Program Files\Java\jdk-17\bin\net.dll
0x00007ffd76140000 - 0x00007ffd7623a000 	C:\Windows\SYSTEM32\WINHTTP.dll
0x00007ffd80090000 - 0x00007ffd800f7000 	C:\Windows\system32\mswsock.dll
0x00007ffd3ab90000 - 0x00007ffd3aba6000 	C:\Program Files\Java\jdk-17\bin\nio.dll
0x00007ffd75030000 - 0x00007ffd75040000 	C:\Program Files\Java\jdk-17\bin\verify.dll
0x00007ffd74e30000 - 0x00007ffd74e57000 	C:\Users\admin\.gradle\native\1def1411415f61bf3af743bc5b6707747c0891f09f0c88961ee8f79bc544acac\windows-amd64\native-platform.dll
0x00007ffd573e0000 - 0x00007ffd57458000 	C:\Users\admin\.gradle\native\0.2.7\x86_64-windows-gnu\gradle-fileevents.dll
0x00007ffd75020000 - 0x00007ffd7502a000 	C:\Program Files\Java\jdk-17\bin\management.dll
0x00007ffd696a0000 - 0x00007ffd696ab000 	C:\Program Files\Java\jdk-17\bin\management_ext.dll
0x00007ffd7fda0000 - 0x00007ffd7fdda000 	C:\Windows\SYSTEM32\IPHLPAPI.DLL
0x00007ffd82b90000 - 0x00007ffd82b98000 	C:\Windows\System32\NSI.dll
0x00007ffd7a150000 - 0x00007ffd7a166000 	C:\Windows\SYSTEM32\dhcpcsvc6.DLL
0x00007ffd7a410000 - 0x00007ffd7a42c000 	C:\Windows\SYSTEM32\dhcpcsvc.DLL
0x00007ffd7fde0000 - 0x00007ffd7feab000 	C:\Windows\SYSTEM32\DNSAPI.dll
0x00007ffd7fc10000 - 0x00007ffd7fc43000 	C:\Windows\system32\rsaenh.dll
0x00007ffd80cf0000 - 0x00007ffd80d16000 	C:\Windows\System32\bcrypt.dll
0x00007ffd807d0000 - 0x00007ffd807f5000 	C:\Windows\SYSTEM32\USERENV.dll
0x00007ffd80260000 - 0x00007ffd8026c000 	C:\Windows\SYSTEM32\CRYPTBASE.dll
0x00007ffd69690000 - 0x00007ffd6969e000 	C:\Program Files\Java\jdk-17\bin\sunmscapi.dll
0x00007ffd80b30000 - 0x00007ffd80c81000 	C:\Windows\System32\CRYPT32.dll
0x00007ffd808e0000 - 0x00007ffd808f2000 	C:\Windows\System32\MSASN1.dll
0x00007ffd80370000 - 0x00007ffd80396000 	C:\Windows\SYSTEM32\ncrypt.dll
0x00007ffd80330000 - 0x00007ffd8036b000 	C:\Windows\SYSTEM32\NTASN1.dll
0x00007ffd57640000 - 0x00007ffd57647000 	C:\Windows\system32\wshunix.dll
0x00007ffd6e550000 - 0x00007ffd6e566000 	C:\Windows\system32\napinsp.dll
0x00007ffd6e530000 - 0x00007ffd6e54a000 	C:\Windows\system32\pnrpnsp.dll
0x00007ffd6e520000 - 0x00007ffd6e52e000 	C:\Windows\System32\winrnr.dll
0x00007ffd7cf50000 - 0x00007ffd7cf6c000 	C:\Windows\system32\NLAapi.dll
0x00007ffd6e500000 - 0x00007ffd6e515000 	C:\Windows\system32\wshbth.dll
0x00007ffd75b10000 - 0x00007ffd75b1a000 	C:\Windows\System32\rasadhlp.dll
0x00007ffd79f80000 - 0x00007ffd79ff7000 	C:\Windows\System32\fwpuclnt.dll
0x00007ffd60150000 - 0x00007ffd60157000 	C:\Program Files\Java\jdk-17\bin\rmi.dll

dbghelp: loaded successfully - version: 4.0.5 - missing functions: none
symbol engine: initialized successfully - sym options: 0x614 - pdb path: .;C:\Program Files\Java\jdk-17\bin;C:\Windows\SYSTEM32;C:\Windows\WinSxS\amd64_microsoft.windows.common-controls_6595b64144ccf1df_6.0.18362.1556_none_9e7e372fe45e41d5;C:\Program Files\Java\jdk-17\bin\server;C:\Users\admin\.gradle\native\1def1411415f61bf3af743bc5b6707747c0891f09f0c88961ee8f79bc544acac\windows-amd64;C:\Users\admin\.gradle\native\0.2.7\x86_64-windows-gnu

VM Arguments:
jvm_args: --add-opens=java.base/java.lang=ALL-UNNAMED --add-opens=java.base/java.lang.invoke=ALL-UNNAMED --add-opens=java.base/java.util=ALL-UNNAMED --add-opens=java.prefs/java.util.prefs=ALL-UNNAMED --add-exports=jdk.compiler/com.sun.tools.javac.api=ALL-UNNAMED --add-exports=jdk.compiler/com.sun.tools.javac.util=ALL-UNNAMED --add-opens=java.base/java.util=ALL-UNNAMED --add-opens=java.prefs/java.util.prefs=ALL-UNNAMED --add-opens=java.base/java.nio.charset=ALL-UNNAMED --add-opens=java.base/java.net=ALL-UNNAMED --add-opens=java.base/java.util.concurrent.atomic=ALL-UNNAMED --add-opens=java.xml/javax.xml.namespace=ALL-UNNAMED -XX:MaxMetaspaceSize=512m -XX:+HeapDumpOnOutOfMemoryError -Xmx2048m -Dfile.encoding=UTF-8 -Duser.country=US -Duser.language=en -Duser.variant -javaagent:C:\Users\admin\.gradle\wrapper\dists\gradle-8.14-all\c2qonpi39x1mddn7hk5gh9iqj\gradle-8.14\lib\agents\gradle-instrumentation-agent-8.14.jar 
java_command: org.gradle.launcher.daemon.bootstrap.GradleDaemon 8.14
java_class_path (initial): C:\Users\admin\.gradle\wrapper\dists\gradle-8.14-all\c2qonpi39x1mddn7hk5gh9iqj\gradle-8.14\lib\gradle-daemon-main-8.14.jar
Launcher Type: SUN_STANDARD

[Global flags]
     intx CICompilerCount                          = 3                                         {product} {ergonomic}
   size_t CompressedClassSpaceSize                 = 436207616                                 {product} {ergonomic}
     uint ConcGCThreads                            = 1                                         {product} {ergonomic}
     uint G1ConcRefinementThreads                  = 4                                         {product} {ergonomic}
   size_t G1HeapRegionSize                         = 1048576                                   {product} {ergonomic}
    uintx GCDrainStackTargetSize                   = 64                                        {product} {ergonomic}
     bool HeapDumpOnOutOfMemoryError               = true                                   {manageable} {command line}
   size_t InitialHeapSize                          = 134217728                                 {product} {ergonomic}
   size_t MarkStackSize                            = 4194304                                   {product} {ergonomic}
   size_t MaxHeapSize                              = 2147483648                                {product} {command line}
   size_t MaxMetaspaceSize                         = 536870912                                 {product} {command line}
   size_t MaxNewSize                               = 1287651328                                {product} {ergonomic}
   size_t MinHeapDeltaBytes                        = 1048576                                   {product} {ergonomic}
   size_t MinHeapSize                              = 8388608                                   {product} {ergonomic}
    uintx NonNMethodCodeHeapSize                   = 5832780                                {pd product} {ergonomic}
    uintx NonProfiledCodeHeapSize                  = 122912730                              {pd product} {ergonomic}
    uintx ProfiledCodeHeapSize                     = 122912730                              {pd product} {ergonomic}
    uintx ReservedCodeCacheSize                    = 251658240                              {pd product} {ergonomic}
     bool SegmentedCodeCache                       = true                                      {product} {ergonomic}
   size_t SoftMaxHeapSize                          = 2147483648                             {manageable} {ergonomic}
     bool UseCompressedClassPointers               = true                           {product lp64_product} {ergonomic}
     bool UseCompressedOops                        = true                           {product lp64_product} {ergonomic}
     bool UseG1GC                                  = true                                      {product} {ergonomic}
     bool UseLargePagesIndividualAllocation        = false                                  {pd product} {ergonomic}

Logging:
Log output configuration:
 #0: stdout all=warning uptime,level,tags
 #1: stderr all=off uptime,level,tags

Environment Variables:
JAVA_HOME=C:\Program Files\Java\jdk-17
PATH=C:\Python314\Scripts\;C:\Python314\;C:\Windows\system32;C:\Windows;C:\Windows\System32\Wbem;C:\Windows\System32\WindowsPowerShell\v1.0\;C:\Windows\System32\OpenSSH\;C:\Program Files (x86)\Microsoft SQL Server\170\Tools\Binn\;C:\Program Files\Microsoft SQL Server\170\Tools\Binn\;C:\Program Files\Microsoft SQL Server\Client SDK\ODBC\180\Tools\Binn\;C:\Program Files\Microsoft SQL Server\170\DTS\Binn\;C:\Program Files\nodejs\;C:\ProgramData\chocolatey\bin;C:\Program Files\dotnet\;C:\Program Files\MySQL\MySQL Server 9.6\bin;C:\Program Files\Git\cmd;C:\Program Files\Java\jdk-17\bin;C:\Program Files\Common Files\Oracle\Java\javapath;C:\Program Files\Java\jdk-17\bin;C:\Users\admin\Downloads\Release-26.02.0-0\poppler-26.02.0\Library\bin;C:\Users\admin\AppData\Local\Microsoft\WindowsApps;d:\Users\admin\AppData\Local\Programs\Microsoft VS Code\bin;C:\Users\admin\AppData\Roaming\npm;C:\Users\admin\.dotnet\tools;C:\flutter\bin;C:\Users\admin\AppData\Local\Programs\Antigravity\bin
USERNAME=admin
OS=Windows_NT
PROCESSOR_IDENTIFIER=Intel64 Family 6 Model 58 Stepping 9, GenuineIntel



---------------  S Y S T E M  ---------------

OS:
 Windows 10 , 64 bit Build 18362 (10.0.18362.1500)
OS uptime: 0 days 0:05 hours

CPU: total 4 (initial active 4) (4 cores per cpu, 1 threads per core) family 6 model 58 stepping 9 microcode 0x20, cx8, cmov, fxsr, mmx, sse, sse2, sse3, ssse3, sse4.1, sse4.2, popcnt, tsc, tscinvbit, avx, aes, erms, clmul, vzeroupper, clflush

Memory: 4k page, system-wide physical 8079M (449M free)
TotalPageFile size 9698M (AvailPageFile size 3M)
current process WorkingSet (physical memory assigned to process): 506M, peak: 515M
current process commit charge ("private bytes"): 542M, peak: 547M

vm_info: Java HotSpot(TM) 64-Bit Server VM (17.0.12+8-LTS-286) for windows-amd64 JRE (17.0.12+8-LTS-286), built on Jun  5 2024 06:46:59 by "mach5one" with MS VC++ 17.6 (VS2022)

END.
