#
# There is insufficient memory for the Java Runtime Environment to continue.
# Native memory allocation (mmap) failed to map 133169152 bytes for G1 virtual space
# Possible reasons:
#   The system is out of physical RAM or swap space
#   The process is running with CompressedOops enabled, and the Java Heap may be blocking the growth of the native heap
# Possible solutions:
#   Reduce memory load on the system
#   Increase physical memory or swap space
#   Check if swap backing store is full
#   Decrease Java heap size (-Xmx/-Xms)
#   Decrease number of Java threads
#   Decrease Java thread stack sizes (-Xss)
#   Set larger code cache with -XX:ReservedCodeCacheSize=
#   JVM is running with Unscaled Compressed Oops mode in which the Java heap is
#     placed in the first 4GB address space. The Java Heap base address is the
#     maximum limit for the native heap growth. Please use -XX:HeapBaseMinAddress
#     to set the Java Heap base and to place the Java Heap above 4GB virtual address.
# This output file may be truncated or incomplete.
#
#  Out of Memory Error (os_windows.cpp:3548), pid=6276, tid=6668
#
# JRE version: Java(TM) SE Runtime Environment (17.0.12+8) (build 17.0.12+8-LTS-286)
# Java VM: Java HotSpot(TM) 64-Bit Server VM (17.0.12+8-LTS-286, mixed mode, sharing, tiered, compressed oops, compressed class ptrs, g1 gc, windows-amd64)
# No core dump will be written. Minidumps are not enabled by default on client versions of Windows
#

---------------  S U M M A R Y ------------

Command Line: --add-opens=java.base/java.lang=ALL-UNNAMED --add-opens=java.base/java.lang.invoke=ALL-UNNAMED --add-opens=java.base/java.util=ALL-UNNAMED --add-opens=java.prefs/java.util.prefs=ALL-UNNAMED --add-exports=jdk.compiler/com.sun.tools.javac.api=ALL-UNNAMED --add-exports=jdk.compiler/com.sun.tools.javac.util=ALL-UNNAMED --add-opens=java.base/java.util=ALL-UNNAMED --add-opens=java.prefs/java.util.prefs=ALL-UNNAMED --add-opens=java.base/java.nio.charset=ALL-UNNAMED --add-opens=java.base/java.net=ALL-UNNAMED --add-opens=java.base/java.util.concurrent.atomic=ALL-UNNAMED --add-opens=java.xml/javax.xml.namespace=ALL-UNNAMED -XX:MaxMetaspaceSize=512m -XX:+HeapDumpOnOutOfMemoryError -Xmx2048m -Dfile.encoding=UTF-8 -Duser.country=US -Duser.language=en -Duser.variant -javaagent:C:\Users\admin\.gradle\wrapper\dists\gradle-8.14-all\c2qonpi39x1mddn7hk5gh9iqj\gradle-8.14\lib\agents\gradle-instrumentation-agent-8.14.jar org.gradle.launcher.daemon.bootstrap.GradleDaemon 8.14

Host: Intel(R) Core(TM) i5-3470S CPU @ 2.90GHz, 4 cores, 7G,  Windows 10 , 64 bit Build 18362 (10.0.18362.1500)
Time: Sat May 30 19:09:03 2026 India Standard Time elapsed time: 52.504490 seconds (0d 0h 0m 52s)

---------------  T H R E A D  ---------------

Current thread (0x000002627fd8e040):  VMThread "VM Thread" [stack: 0x00000082bca00000,0x00000082bcb00000] [id=6668]

Stack: [0x00000082bca00000,0x00000082bcb00000]
Native frames: (J=compiled Java code, j=interpreted, Vv=VM code, C=native code)
V  [jvm.dll+0x67a04a]
V  [jvm.dll+0x7da4ed]
V  [jvm.dll+0x7dbe33]
V  [jvm.dll+0x7dc4a3]
V  [jvm.dll+0x24508f]
V  [jvm.dll+0x677089]
V  [jvm.dll+0x66bd32]
V  [jvm.dll+0x301fa6]
V  [jvm.dll+0x309546]
V  [jvm.dll+0x359d2e]
V  [jvm.dll+0x359f5f]
V  [jvm.dll+0x2d9078]
V  [jvm.dll+0x2dc0e6]
V  [jvm.dll+0x2e67eb]
V  [jvm.dll+0x31a870]
V  [jvm.dll+0x7e0d9b]
V  [jvm.dll+0x7e1ad4]
V  [jvm.dll+0x7e1fed]
V  [jvm.dll+0x7e23c4]
V  [jvm.dll+0x7e2490]
V  [jvm.dll+0x78abea]
V  [jvm.dll+0x678f35]
C  [ucrtbase.dll+0x210b2]
C  [KERNEL32.DLL+0x17c24]
C  [ntdll.dll+0x6d721]

VM_Operation (0x00000082bc6ff710): G1Concurrent, mode: safepoint, requested by thread 0x000002627cca0280


---------------  P R O C E S S  ---------------

Threads class SMR info:
_java_thread_list=0x0000026246390240, length=62, elements={
0x000002627cc33050, 0x000002627fd93b60, 0x000002627fd948f0, 0x000002627fda4500,
0x000002627fda5fe0, 0x000002627fda6ab0, 0x000002627fda9390, 0x000002627fdac3a0,
0x000002627fe0b090, 0x000002627fe0f040, 0x000002627fd80460, 0x000002621aa61350,
0x000002623bf540d0, 0x000002623bea1c30, 0x000002623bfb7020, 0x000002623ac75ec0,
0x000002623a2154f0, 0x000002623b37a5c0, 0x000002623b37b4f0, 0x000002623b37a0b0,
0x000002623b37ce40, 0x000002623b37aad0, 0x000002623b37afe0, 0x000002623b37ba00,
0x000002623b37c930, 0x000002623b37c420, 0x000002623b37d350, 0x000002623b37d860,
0x000002623cb4bcc0, 0x000002623cb4e030, 0x000002623cb4d100, 0x000002623cb4ea50,
0x000002623cb4c6e0, 0x000002623cb517e0, 0x000002623cb50dc0, 0x000002623cb508b0,
0x000002623cb4e540, 0x000002623cb512d0, 0x000002623cb4b2a0, 0x000002623cb4cbf0,
0x000002623cb4d610, 0x000002623cb4ad90, 0x000002623cb4fe90, 0x000002623cb51cf0,
0x000002623cb4c1d0, 0x000002623cb52710, 0x000002623f181660, 0x000002623f184e10,
0x000002623f17f800, 0x000002623f180c40, 0x000002623f181b70, 0x000002623f182fb0,
0x0000026240ac3e10, 0x0000026240ac29d0, 0x0000026240ac4d40, 0x0000026240ac84f0,
0x0000026240ac5c70, 0x0000026240ac70b0, 0x0000026240ac6ba0, 0x0000026240ac4320,
0x0000026240ac75c0, 0x000002623f247560
}

Java Threads: ( => current thread )
  0x000002627cc33050 JavaThread "main" [_thread_blocked, id=8860, stack(0x00000082bc400000,0x00000082bc500000)]
  0x000002627fd93b60 JavaThread "Reference Handler" daemon [_thread_blocked, id=6648, stack(0x00000082bcb00000,0x00000082bcc00000)]
  0x000002627fd948f0 JavaThread "Finalizer" daemon [_thread_blocked, id=6780, stack(0x00000082bcc00000,0x00000082bcd00000)]
  0x000002627fda4500 JavaThread "Signal Dispatcher" daemon [_thread_blocked, id=8052, stack(0x00000082bcd00000,0x00000082bce00000)]
  0x000002627fda5fe0 JavaThread "Attach Listener" daemon [_thread_blocked, id=8048, stack(0x00000082bce00000,0x00000082bcf00000)]
  0x000002627fda6ab0 JavaThread "Service Thread" daemon [_thread_blocked, id=8032, stack(0x00000082bcf00000,0x00000082bd000000)]
  0x000002627fda9390 JavaThread "Monitor Deflation Thread" daemon [_thread_blocked, id=8156, stack(0x00000082bd000000,0x00000082bd100000)]
  0x000002627fdac3a0 JavaThread "C2 CompilerThread0" daemon [_thread_blocked, id=6768, stack(0x00000082bd100000,0x00000082bd200000)]
  0x000002627fe0b090 JavaThread "C1 CompilerThread0" daemon [_thread_blocked, id=6828, stack(0x00000082bd200000,0x00000082bd300000)]
  0x000002627fe0f040 JavaThread "Sweeper thread" daemon [_thread_blocked, id=8080, stack(0x00000082bd300000,0x00000082bd400000)]
  0x000002627fd80460 JavaThread "Common-Cleaner" daemon [_thread_blocked, id=6932, stack(0x00000082bd400000,0x00000082bd500000)]
  0x000002621aa61350 JavaThread "Notification Thread" daemon [_thread_blocked, id=7032, stack(0x00000082bd500000,0x00000082bd600000)]
  0x000002623bf540d0 JavaThread "Daemon health stats" [_thread_blocked, id=4968, stack(0x00000082bdb00000,0x00000082bdc00000)]
  0x000002623bea1c30 JavaThread "Incoming local TCP Connector on port 52788" [_thread_in_native, id=5520, stack(0x00000082bd900000,0x00000082bda00000)]
  0x000002623bfb7020 JavaThread "Daemon periodic checks" [_thread_blocked, id=6656, stack(0x00000082bdc00000,0x00000082bdd00000)]
  0x000002623ac75ec0 JavaThread "Daemon" [_thread_blocked, id=9220, stack(0x00000082bdd00000,0x00000082bde00000)]
  0x000002623a2154f0 JavaThread "Handler for socket connection from /127.0.0.1:52788 to /127.0.0.1:52789" [_thread_in_native, id=11444, stack(0x00000082bde00000,0x00000082bdf00000)]
  0x000002623b37a5c0 JavaThread "Cancel handler" [_thread_blocked, id=9496, stack(0x00000082bdf00000,0x00000082be000000)]
  0x000002623b37b4f0 JavaThread "Daemon worker" [_thread_blocked, id=1284, stack(0x00000082be000000,0x00000082be100000)]
  0x000002623b37a0b0 JavaThread "Asynchronous log dispatcher for DefaultDaemonConnection: socket connection from /127.0.0.1:52788 to /127.0.0.1:52789" [_thread_blocked, id=3460, stack(0x00000082be100000,0x00000082be200000)]
  0x000002623b37ce40 JavaThread "Stdin handler" [_thread_blocked, id=9340, stack(0x00000082be200000,0x00000082be300000)]
  0x000002623b37aad0 JavaThread "Daemon client event forwarder" [_thread_blocked, id=10588, stack(0x00000082be300000,0x00000082be400000)]
  0x000002623b37afe0 JavaThread "Cache worker for journal cache (C:\Users\admin\.gradle\caches\journal-1)" [_thread_blocked, id=9276, stack(0x00000082be400000,0x00000082be500000)]
  0x000002623b37ba00 JavaThread "File lock request listener" [_thread_in_native, id=4332, stack(0x00000082be500000,0x00000082be600000)]
  0x000002623b37c930 JavaThread "Cache worker for file hash cache (C:\Users\admin\.gradle\caches\8.14\fileHashes)" [_thread_blocked, id=11788, stack(0x00000082be600000,0x00000082be700000)]
  0x000002623b37c420 JavaThread "Cache worker for file hash cache (C:\Users\admin\Desktop\Bigiluu-DMK\dmk_project\android\.gradle\8.14\fileHashes)" [_thread_blocked, id=9452, stack(0x00000082be800000,0x00000082be900000)]
  0x000002623b37d350 JavaThread "Cache worker for Build Output Cleanup Cache (C:\Users\admin\Desktop\Bigiluu-DMK\dmk_project\android\.gradle\buildOutputCleanup)" [_thread_blocked, id=12108, stack(0x00000082be900000,0x00000082bea00000)]
  0x000002623b37d860 JavaThread "File watcher server" daemon [_thread_in_native, id=10004, stack(0x00000082bea00000,0x00000082beb00000)]
  0x000002623cb4bcc0 JavaThread "File watcher consumer" daemon [_thread_blocked, id=11136, stack(0x00000082beb00000,0x00000082bec00000)]
  0x000002623cb4e030 JavaThread "jar transforms" [_thread_blocked, id=11712, stack(0x00000082be700000,0x00000082be800000)]
  0x000002623cb4d100 JavaThread "jar transforms Thread 2" [_thread_blocked, id=6620, stack(0x00000082bed00000,0x00000082bee00000)]
  0x000002623cb4ea50 JavaThread "Cache worker for checksums cache (C:\Users\admin\Desktop\Bigiluu-DMK\dmk_project\android\.gradle\8.14\checksums)" [_thread_blocked, id=9940, stack(0x00000082bef00000,0x00000082bf000000)]
  0x000002623cb4c6e0 JavaThread "Cache worker for file content cache (C:\Users\admin\.gradle\caches\8.14\fileContent)" [_thread_blocked, id=8320, stack(0x00000082bf000000,0x00000082bf100000)]
  0x000002623cb517e0 JavaThread "Cache worker for cache directory md-supplier (C:\Users\admin\.gradle\caches\8.14\md-supplier)" [_thread_blocked, id=4524, stack(0x00000082bec00000,0x00000082bed00000)]
  0x000002623cb50dc0 JavaThread "Cache worker for cache directory md-rule (C:\Users\admin\.gradle\caches\8.14\md-rule)" [_thread_blocked, id=11488, stack(0x00000082bf100000,0x00000082bf200000)]
  0x000002623cb508b0 JavaThread "Cache worker for Build Output Cleanup Cache (C:\flutter\packages\flutter_tools\gradle\.gradle\buildOutputCleanup)" [_thread_blocked, id=5228, stack(0x00000082bf300000,0x00000082bf400000)]
  0x000002623cb4e540 JavaThread "Unconstrained build operations" [_thread_blocked, id=10796, stack(0x00000082bf400000,0x00000082bf500000)]
  0x000002623cb512d0 JavaThread "Unconstrained build operations Thread 2" [_thread_blocked, id=5728, stack(0x00000082bf500000,0x00000082bf600000)]
  0x000002623cb4b2a0 JavaThread "Unconstrained build operations Thread 3" [_thread_blocked, id=4944, stack(0x00000082bf600000,0x00000082bf700000)]
  0x000002623cb4cbf0 JavaThread "Memory manager" [_thread_blocked, id=4560, stack(0x00000082bf700000,0x00000082bf800000)]
  0x000002623cb4d610 JavaThread "build event listener" [_thread_blocked, id=12128, stack(0x00000082bf200000,0x00000082bf300000)]
  0x000002623cb4ad90 JavaThread "included builds" [_thread_blocked, id=8952, stack(0x00000082bf800000,0x00000082bf900000)]
  0x000002623cb4fe90 JavaThread "Execution worker" [_thread_blocked, id=9804, stack(0x00000082bf900000,0x00000082bfa00000)]
  0x000002623cb51cf0 JavaThread "Cache worker for execution history cache (C:\flutter\packages\flutter_tools\gradle\.gradle\8.14\executionHistory)" [_thread_blocked, id=11476, stack(0x00000082bfa00000,0x00000082bfb00000)]
  0x000002623cb4c1d0 JavaThread "Unconstrained build operations Thread 4" [_thread_blocked, id=7120, stack(0x00000082bfc00000,0x00000082bfd00000)]
  0x000002623cb52710 JavaThread "Unconstrained build operations Thread 5" [_thread_blocked, id=6952, stack(0x00000082bfd00000,0x00000082bfe00000)]
  0x000002623f181660 JavaThread "Unconstrained build operations Thread 6" [_thread_blocked, id=3924, stack(0x00000082bfe00000,0x00000082bff00000)]
  0x000002623f184e10 JavaThread "Unconstrained build operations Thread 7" [_thread_blocked, id=9472, stack(0x00000082bff00000,0x00000082c0000000)]
  0x000002623f17f800 JavaThread "Unconstrained build operations Thread 8" [_thread_blocked, id=10092, stack(0x00000082c0000000,0x00000082c0100000)]
  0x000002623f180c40 JavaThread "Unconstrained build operations Thread 9" [_thread_blocked, id=8236, stack(0x00000082c0100000,0x00000082c0200000)]
  0x000002623f181b70 JavaThread "Unconstrained build operations Thread 10" [_thread_blocked, id=11152, stack(0x00000082bfb00000,0x00000082bfc00000)]
  0x000002623f182fb0 JavaThread "build event listener" [_thread_blocked, id=1748, stack(0x00000082c0200000,0x00000082c0300000)]
  0x0000026240ac3e10 JavaThread "jar transforms Thread 3" [_thread_blocked, id=10960, stack(0x00000082c0600000,0x00000082c0700000)]
  0x0000026240ac29d0 JavaThread "Unconstrained build operations Thread 11" [_thread_blocked, id=8200, stack(0x00000082c0700000,0x00000082c0800000)]
  0x0000026240ac4d40 JavaThread "Unconstrained build operations Thread 12" [_thread_blocked, id=12220, stack(0x00000082c0800000,0x00000082c0900000)]
  0x0000026240ac84f0 JavaThread "Unconstrained build operations Thread 13" [_thread_blocked, id=4860, stack(0x00000082c0900000,0x00000082c0a00000)]
  0x0000026240ac5c70 JavaThread "jar transforms Thread 4" [_thread_blocked, id=10188, stack(0x00000082c0a00000,0x00000082c0b00000)]
  0x0000026240ac70b0 JavaThread "Problems report writer" [_thread_blocked, id=5116, stack(0x00000082c0b00000,0x00000082c0c00000)]
  0x0000026240ac6ba0 JavaThread "Unconstrained build operations Thread 14" [_thread_blocked, id=12104, stack(0x00000082c0c00000,0x00000082c0d00000)]
  0x0000026240ac4320 JavaThread "Unconstrained build operations Thread 15" [_thread_blocked, id=10788, stack(0x00000082c0d00000,0x00000082c0e00000)]
  0x0000026240ac75c0 JavaThread "Unconstrained build operations Thread 16" [_thread_blocked, id=3688, stack(0x00000082c0e00000,0x00000082c0f00000)]
  0x000002623f247560 JavaThread "C2 CompilerThread1" daemon [_thread_blocked, id=5488, stack(0x00000082c0300000,0x00000082c0400000)]

Other Threads:
=>0x000002627fd8e040 VMThread "VM Thread" [stack: 0x00000082bca00000,0x00000082bcb00000] [id=6668]
  0x000002621aa3d3f0 WatcherThread [stack: 0x00000082bd600000,0x00000082bd700000] [id=7064]
  0x000002627cc8f420 GCTaskThread "GC Thread#0" [stack: 0x00000082bc500000,0x00000082bc600000] [id=3276]
  0x000002621ab37f90 GCTaskThread "GC Thread#1" [stack: 0x00000082bd700000,0x00000082bd800000] [id=1608]
  0x000002621ab4dde0 GCTaskThread "GC Thread#2" [stack: 0x00000082bd800000,0x00000082bd900000] [id=3908]
  0x000002623a747e70 GCTaskThread "GC Thread#3" [stack: 0x00000082bda00000,0x00000082bdb00000] [id=3192]
  0x000002627cca0280 ConcurrentGCThread "G1 Main Marker" [stack: 0x00000082bc600000,0x00000082bc700000] [id=4052]
  0x000002627cca1340 ConcurrentGCThread "G1 Conc#0" [stack: 0x00000082bc700000,0x00000082bc800000] [id=4240]
  0x000002627ccf8a20 ConcurrentGCThread "G1 Refine#0" [stack: 0x00000082bc800000,0x00000082bc900000] [id=5056]
  0x000002623d125a00 ConcurrentGCThread "G1 Refine#1" [stack: 0x00000082bee00000,0x00000082bef00000] [id=11832]
  0x000002627ccf9360 ConcurrentGCThread "G1 Service" [stack: 0x00000082bc900000,0x00000082bca00000] [id=8636]

Threads with active compile tasks:

VM state: at safepoint (normal execution)

VM Mutex/Monitor currently owned by a thread:  ([mutex/lock_event])
[0x000002627aab36c0] Threads_lock - owner thread: 0x000002627fd8e040
[0x000002627aab3900] Heap_lock - owner thread: 0x000002627cca0280

Heap address: 0x0000000080000000, size: 2048 MB, Compressed Oops mode: 32-bit

CDS archive(s) mapped at: [0x000002621b000000-0x000002621bbd0000-0x000002621bbd0000), size 12386304, SharedBaseAddress: 0x000002621b000000, ArchiveRelocationMode: 1.
Compressed class space mapped at: 0x000002621c000000-0x0000026236000000, reserved size: 436207616
Narrow klass base: 0x000002621b000000, Narrow klass shift: 0, Narrow klass range: 0x100000000

GC Precious Log:
 CPUs: 4 total, 4 available
 Memory: 8079M
 Large Page Support: Disabled
 NUMA Support: Disabled
 Compressed Oops: Enabled (32-bit)
 Heap Region Size: 1M
 Heap Min Capacity: 8M
 Heap Initial Capacity: 128M
 Heap Max Capacity: 2G
 Pre-touch: Disabled
 Parallel Workers: 4
 Concurrent Workers: 1
 Concurrent Refinement Workers: 4
 Periodic GC: Disabled

Heap:
 garbage-first heap   total 263168K, used 233645K [0x0000000080000000, 0x0000000100000000)
  region size 1024K, 11 young (11264K), 2 survivors (2048K)
 Metaspace       used 163410K, committed 164608K, reserved 622592K
  class space    used 21404K, committed 21952K, reserved 425984K

Heap Regions: E=young(eden), S=young(survivor), O=old, HS=humongous(starts), HC=humongous(continues), CS=collection set, F=free, OA=open archive, CA=closed archive, TAMS=top-at-mark-start (previous, next)
|   0|0x0000000080000000, 0x0000000080100000, 0x0000000080100000|100%|HS|  |TAMS 0x0000000080100000, 0x0000000080000000| Complete 
|   1|0x0000000080100000, 0x0000000080200000, 0x0000000080200000|100%|HC|  |TAMS 0x0000000080200000, 0x0000000080100000| Complete 
|   2|0x0000000080200000, 0x0000000080300000, 0x0000000080300000|100%|HC|  |TAMS 0x0000000080300000, 0x0000000080200000| Complete 
|   3|0x0000000080300000, 0x0000000080400000, 0x0000000080400000|100%| O|  |TAMS 0x0000000080400000, 0x0000000080300000| Untracked 
|   4|0x0000000080400000, 0x0000000080500000, 0x0000000080500000|100%| O|  |TAMS 0x0000000080500000, 0x0000000080400000| Updating 
|   5|0x0000000080500000, 0x0000000080600000, 0x0000000080600000|100%| O|  |TAMS 0x0000000080600000, 0x0000000080500000| Untracked 
|   6|0x0000000080600000, 0x0000000080700000, 0x0000000080700000|100%| O|  |TAMS 0x0000000080700000, 0x0000000080600000| Untracked 
|   7|0x0000000080700000, 0x0000000080800000, 0x0000000080800000|100%|HS|  |TAMS 0x0000000080800000, 0x0000000080700000| Complete 
|   8|0x0000000080800000, 0x0000000080900000, 0x0000000080900000|100%| O|  |TAMS 0x0000000080900000, 0x0000000080800000| Untracked 
|   9|0x0000000080900000, 0x0000000080a00000, 0x0000000080a00000|100%| O|  |TAMS 0x0000000080a00000, 0x0000000080900000| Untracked 
|  10|0x0000000080a00000, 0x0000000080b00000, 0x0000000080b00000|100%| O|  |TAMS 0x0000000080b00000, 0x0000000080a00000| Untracked 
|  11|0x0000000080b00000, 0x0000000080c00000, 0x0000000080c00000|100%| O|  |TAMS 0x0000000080c00000, 0x0000000080b00000| Untracked 
|  12|0x0000000080c00000, 0x0000000080d00000, 0x0000000080d00000|100%| O|  |TAMS 0x0000000080d00000, 0x0000000080c00000| Untracked 
|  13|0x0000000080d00000, 0x0000000080e00000, 0x0000000080e00000|100%| O|  |TAMS 0x0000000080e00000, 0x0000000080d00000| Untracked 
|  14|0x0000000080e00000, 0x0000000080f00000, 0x0000000080f00000|100%| O|  |TAMS 0x0000000080f00000, 0x0000000080e00000| Untracked 
|  15|0x0000000080f00000, 0x0000000080fce400, 0x0000000081000000| 80%| O|  |TAMS 0x0000000080fce400, 0x0000000080f00000| Updating 
|  16|0x0000000081000000, 0x0000000081100000, 0x0000000081100000|100%| O|  |TAMS 0x0000000081100000, 0x0000000081000000| Untracked 
|  17|0x0000000081100000, 0x0000000081200000, 0x0000000081200000|100%| O|  |TAMS 0x0000000081200000, 0x0000000081100000| Untracked 
|  18|0x0000000081200000, 0x0000000081300000, 0x0000000081300000|100%| O|  |TAMS 0x0000000081300000, 0x0000000081200000| Untracked 
|  19|0x0000000081300000, 0x0000000081400000, 0x0000000081400000|100%| O|  |TAMS 0x0000000081400000, 0x0000000081300000| Untracked 
|  20|0x0000000081400000, 0x0000000081500000, 0x0000000081500000|100%| O|  |TAMS 0x0000000081500000, 0x0000000081400000| Untracked 
|  21|0x0000000081500000, 0x0000000081600000, 0x0000000081600000|100%| O|  |TAMS 0x0000000081600000, 0x0000000081500000| Untracked 
|  22|0x0000000081600000, 0x0000000081700000, 0x0000000081700000|100%| O|  |TAMS 0x0000000081700000, 0x0000000081600000| Updating 
|  23|0x0000000081700000, 0x0000000081800000, 0x0000000081800000|100%| O|  |TAMS 0x0000000081800000, 0x0000000081700000| Untracked 
|  24|0x0000000081800000, 0x0000000081900000, 0x0000000081900000|100%| O|  |TAMS 0x0000000081900000, 0x0000000081800000| Untracked 
|  25|0x0000000081900000, 0x0000000081a00000, 0x0000000081a00000|100%| O|  |TAMS 0x0000000081a00000, 0x0000000081900000| Updating 
|  26|0x0000000081a00000, 0x0000000081b00000, 0x0000000081b00000|100%| O|  |TAMS 0x0000000081b00000, 0x0000000081a00000| Untracked 
|  27|0x0000000081b00000, 0x0000000081c00000, 0x0000000081c00000|100%| O|  |TAMS 0x0000000081c00000, 0x0000000081b00000| Updating 
|  28|0x0000000081c00000, 0x0000000081d00000, 0x0000000081d00000|100%| O|  |TAMS 0x0000000081d00000, 0x0000000081c00000| Untracked 
|  29|0x0000000081d00000, 0x0000000081e00000, 0x0000000081e00000|100%| O|  |TAMS 0x0000000081e00000, 0x0000000081d00000| Updating 
|  30|0x0000000081e00000, 0x0000000081f00000, 0x0000000081f00000|100%| O|  |TAMS 0x0000000081f00000, 0x0000000081e00000| Untracked 
|  31|0x0000000081f00000, 0x0000000082000000, 0x0000000082000000|100%| O|  |TAMS 0x0000000082000000, 0x0000000081f00000| Untracked 
|  32|0x0000000082000000, 0x0000000082100000, 0x0000000082100000|100%| O|  |TAMS 0x0000000082100000, 0x0000000082000000| Untracked 
|  33|0x0000000082100000, 0x0000000082200000, 0x0000000082200000|100%| O|  |TAMS 0x0000000082200000, 0x0000000082100000| Untracked 
|  34|0x0000000082200000, 0x0000000082300000, 0x0000000082300000|100%| O|  |TAMS 0x0000000082300000, 0x0000000082200000| Untracked 
|  35|0x0000000082300000, 0x0000000082400000, 0x0000000082400000|100%| O|  |TAMS 0x0000000082400000, 0x0000000082300000| Updating 
|  36|0x0000000082400000, 0x0000000082500000, 0x0000000082500000|100%| O|  |TAMS 0x0000000082500000, 0x0000000082400000| Untracked 
|  37|0x0000000082500000, 0x0000000082600000, 0x0000000082600000|100%| O|  |TAMS 0x0000000082600000, 0x0000000082500000| Updating 
|  38|0x0000000082600000, 0x0000000082700000, 0x0000000082700000|100%| O|  |TAMS 0x0000000082700000, 0x0000000082600000| Updating 
|  39|0x0000000082700000, 0x0000000082800000, 0x0000000082800000|100%| O|  |TAMS 0x0000000082800000, 0x0000000082700000| Updating 
|  40|0x0000000082800000, 0x0000000082900000, 0x0000000082900000|100%| O|  |TAMS 0x0000000082900000, 0x0000000082800000| Updating 
|  41|0x0000000082900000, 0x0000000082a00000, 0x0000000082a00000|100%| O|  |TAMS 0x0000000082a00000, 0x0000000082900000| Updating 
|  42|0x0000000082a00000, 0x0000000082b00000, 0x0000000082b00000|100%| O|  |TAMS 0x0000000082b00000, 0x0000000082a00000| Untracked 
|  43|0x0000000082b00000, 0x0000000082c00000, 0x0000000082c00000|100%| O|  |TAMS 0x0000000082c00000, 0x0000000082b00000| Untracked 
|  44|0x0000000082c00000, 0x0000000082d00000, 0x0000000082d00000|100%|HS|  |TAMS 0x0000000082d00000, 0x0000000082c00000| Complete 
|  45|0x0000000082d00000, 0x0000000082e00000, 0x0000000082e00000|100%|HC|  |TAMS 0x0000000082e00000, 0x0000000082d00000| Complete 
|  46|0x0000000082e00000, 0x0000000082f00000, 0x0000000082f00000|100%|HS|  |TAMS 0x0000000082f00000, 0x0000000082e00000| Complete 
|  47|0x0000000082f00000, 0x0000000083000000, 0x0000000083000000|100%|HC|  |TAMS 0x0000000083000000, 0x0000000082f00000| Complete 
|  48|0x0000000083000000, 0x0000000083100000, 0x0000000083100000|100%|HS|  |TAMS 0x0000000083100000, 0x0000000083000000| Complete 
|  49|0x0000000083100000, 0x0000000083200000, 0x0000000083200000|100%|HC|  |TAMS 0x0000000083200000, 0x0000000083100000| Complete 
|  50|0x0000000083200000, 0x0000000083300000, 0x0000000083300000|100%|HC|  |TAMS 0x0000000083300000, 0x0000000083200000| Complete 
|  51|0x0000000083300000, 0x0000000083400000, 0x0000000083400000|100%| O|  |TAMS 0x0000000083400000, 0x0000000083300000| Untracked 
|  52|0x0000000083400000, 0x0000000083500000, 0x0000000083500000|100%| O|  |TAMS 0x0000000083500000, 0x0000000083400000| Untracked 
|  53|0x0000000083500000, 0x0000000083600000, 0x0000000083600000|100%| O|  |TAMS 0x0000000083600000, 0x0000000083500000| Untracked 
|  54|0x0000000083600000, 0x0000000083700000, 0x0000000083700000|100%| O|  |TAMS 0x0000000083700000, 0x0000000083600000| Updating 
|  55|0x0000000083700000, 0x0000000083800000, 0x0000000083800000|100%| O|  |TAMS 0x0000000083800000, 0x0000000083700000| Untracked 
|  56|0x0000000083800000, 0x0000000083900000, 0x0000000083900000|100%|HS|  |TAMS 0x0000000083900000, 0x0000000083800000| Complete 
|  57|0x0000000083900000, 0x0000000083a00000, 0x0000000083a00000|100%|HC|  |TAMS 0x0000000083a00000, 0x0000000083900000| Complete 
|  58|0x0000000083a00000, 0x0000000083b00000, 0x0000000083b00000|100%|HC|  |TAMS 0x0000000083b00000, 0x0000000083a00000| Complete 
|  59|0x0000000083b00000, 0x0000000083c00000, 0x0000000083c00000|100%| O|  |TAMS 0x0000000083c00000, 0x0000000083b00000| Updating 
|  60|0x0000000083c00000, 0x0000000083d00000, 0x0000000083d00000|100%| O|  |TAMS 0x0000000083d00000, 0x0000000083c00000| Updating 
|  61|0x0000000083d00000, 0x0000000083e00000, 0x0000000083e00000|100%| O|  |TAMS 0x0000000083e00000, 0x0000000083d00000| Updating 
|  62|0x0000000083e00000, 0x0000000083f00000, 0x0000000083f00000|100%| O|  |TAMS 0x0000000083f00000, 0x0000000083e00000| Updating 
|  63|0x0000000083f00000, 0x0000000084000000, 0x0000000084000000|100%| O|  |TAMS 0x0000000084000000, 0x0000000083f00000| Updating 
|  64|0x0000000084000000, 0x0000000084100000, 0x0000000084100000|100%|HS|  |TAMS 0x0000000084100000, 0x0000000084000000| Complete 
|  65|0x0000000084100000, 0x0000000084200000, 0x0000000084200000|100%| O|  |TAMS 0x0000000084200000, 0x0000000084100000| Updating 
|  66|0x0000000084200000, 0x0000000084300000, 0x0000000084300000|100%| O|  |TAMS 0x0000000084300000, 0x0000000084200000| Untracked 
|  67|0x0000000084300000, 0x0000000084400000, 0x0000000084400000|100%| O|  |TAMS 0x0000000084400000, 0x0000000084300000| Untracked 
|  68|0x0000000084400000, 0x0000000084500000, 0x0000000084500000|100%| O|  |TAMS 0x0000000084500000, 0x0000000084400000| Untracked 
|  69|0x0000000084500000, 0x0000000084600000, 0x0000000084600000|100%| O|  |TAMS 0x0000000084600000, 0x0000000084500000| Untracked 
|  70|0x0000000084600000, 0x0000000084700000, 0x0000000084700000|100%| O|  |TAMS 0x0000000084700000, 0x0000000084600000| Updating 
|  71|0x0000000084700000, 0x0000000084800000, 0x0000000084800000|100%| O|  |TAMS 0x0000000084800000, 0x0000000084700000| Updating 
|  72|0x0000000084800000, 0x0000000084900000, 0x0000000084900000|100%|HS|  |TAMS 0x0000000084900000, 0x0000000084800000| Complete 
|  73|0x0000000084900000, 0x0000000084a00000, 0x0000000084a00000|100%|HS|  |TAMS 0x0000000084a00000, 0x0000000084900000| Complete 
|  74|0x0000000084a00000, 0x0000000084b00000, 0x0000000084b00000|100%|HS|  |TAMS 0x0000000084b00000, 0x0000000084a00000| Complete 
|  75|0x0000000084b00000, 0x0000000084c00000, 0x0000000084c00000|100%|HC|  |TAMS 0x0000000084c00000, 0x0000000084b00000| Complete 
|  76|0x0000000084c00000, 0x0000000084d00000, 0x0000000084d00000|100%|HS|  |TAMS 0x0000000084d00000, 0x0000000084c00000| Complete 
|  77|0x0000000084d00000, 0x0000000084e00000, 0x0000000084e00000|100%|HS|  |TAMS 0x0000000084e00000, 0x0000000084d00000| Complete 
|  78|0x0000000084e00000, 0x0000000084f00000, 0x0000000084f00000|100%| O|  |TAMS 0x0000000084f00000, 0x0000000084e00000| Untracked 
|  79|0x0000000084f00000, 0x0000000085000000, 0x0000000085000000|100%|HS|  |TAMS 0x0000000085000000, 0x0000000084f00000| Complete 
|  80|0x0000000085000000, 0x0000000085100000, 0x0000000085100000|100%|HC|  |TAMS 0x0000000085100000, 0x0000000085000000| Complete 
|  81|0x0000000085100000, 0x0000000085200000, 0x0000000085200000|100%|HS|  |TAMS 0x0000000085200000, 0x0000000085100000| Complete 
|  82|0x0000000085200000, 0x0000000085300000, 0x0000000085300000|100%|HS|  |TAMS 0x0000000085300000, 0x0000000085200000| Complete 
|  83|0x0000000085300000, 0x0000000085400000, 0x0000000085400000|100%| O|  |TAMS 0x0000000085400000, 0x0000000085300000| Untracked 
|  84|0x0000000085400000, 0x0000000085500000, 0x0000000085500000|100%| O|  |TAMS 0x0000000085500000, 0x0000000085400000| Updating 
|  85|0x0000000085500000, 0x0000000085600000, 0x0000000085600000|100%| O|  |TAMS 0x0000000085600000, 0x0000000085500000| Untracked 
|  86|0x0000000085600000, 0x0000000085700000, 0x0000000085700000|100%| O|  |TAMS 0x0000000085700000, 0x0000000085600000| Updating 
|  87|0x0000000085700000, 0x0000000085800000, 0x0000000085800000|100%| O|  |TAMS 0x0000000085800000, 0x0000000085700000| Untracked 
|  88|0x0000000085800000, 0x0000000085900000, 0x0000000085900000|100%| O|  |TAMS 0x0000000085900000, 0x0000000085800000| Untracked 
|  89|0x0000000085900000, 0x0000000085a00000, 0x0000000085a00000|100%| O|  |TAMS 0x0000000085a00000, 0x0000000085900000| Untracked 
|  90|0x0000000085a00000, 0x0000000085b00000, 0x0000000085b00000|100%|HS|  |TAMS 0x0000000085b00000, 0x0000000085a00000| Complete 
|  91|0x0000000085b00000, 0x0000000085c00000, 0x0000000085c00000|100%| O|  |TAMS 0x0000000085c00000, 0x0000000085b00000| Untracked 
|  92|0x0000000085c00000, 0x0000000085d00000, 0x0000000085d00000|100%| O|  |TAMS 0x0000000085d00000, 0x0000000085c00000| Untracked 
|  93|0x0000000085d00000, 0x0000000085e00000, 0x0000000085e00000|100%| O|  |TAMS 0x0000000085e00000, 0x0000000085d00000| Untracked 
|  94|0x0000000085e00000, 0x0000000085f00000, 0x0000000085f00000|100%| O|  |TAMS 0x0000000085f00000, 0x0000000085e00000| Untracked 
|  95|0x0000000085f00000, 0x0000000086000000, 0x0000000086000000|100%| O|  |TAMS 0x0000000086000000, 0x0000000085f00000| Untracked 
|  96|0x0000000086000000, 0x0000000086100000, 0x0000000086100000|100%| O|  |TAMS 0x0000000086100000, 0x0000000086000000| Untracked 
|  97|0x0000000086100000, 0x0000000086200000, 0x0000000086200000|100%| O|  |TAMS 0x0000000086200000, 0x0000000086100000| Untracked 
|  98|0x0000000086200000, 0x0000000086300000, 0x0000000086300000|100%| O|  |TAMS 0x0000000086300000, 0x0000000086200000| Untracked 
|  99|0x0000000086300000, 0x0000000086400000, 0x0000000086400000|100%| O|  |TAMS 0x0000000086400000, 0x0000000086300000| Untracked 
| 100|0x0000000086400000, 0x0000000086500000, 0x0000000086500000|100%| O|  |TAMS 0x0000000086500000, 0x0000000086400000| Updating 
| 101|0x0000000086500000, 0x0000000086600000, 0x0000000086600000|100%| O|  |TAMS 0x0000000086600000, 0x0000000086500000| Untracked 
| 102|0x0000000086600000, 0x0000000086700000, 0x0000000086700000|100%| O|  |TAMS 0x0000000086700000, 0x0000000086600000| Updating 
| 103|0x0000000086700000, 0x0000000086800000, 0x0000000086800000|100%| O|  |TAMS 0x0000000086800000, 0x0000000086700000| Updating 
| 104|0x0000000086800000, 0x0000000086900000, 0x0000000086900000|100%| O|  |TAMS 0x0000000086900000, 0x0000000086800000| Untracked 
| 105|0x0000000086900000, 0x0000000086a00000, 0x0000000086a00000|100%| O|  |TAMS 0x0000000086a00000, 0x0000000086900000| Untracked 
| 106|0x0000000086a00000, 0x0000000086b00000, 0x0000000086b00000|100%| O|  |TAMS 0x0000000086b00000, 0x0000000086a00000| Updating 
| 107|0x0000000086b00000, 0x0000000086c00000, 0x0000000086c00000|100%| O|  |TAMS 0x0000000086c00000, 0x0000000086b00000| Updating 
| 108|0x0000000086c00000, 0x0000000086d00000, 0x0000000086d00000|100%| O|  |TAMS 0x0000000086d00000, 0x0000000086c00000| Updating 
| 109|0x0000000086d00000, 0x0000000086e00000, 0x0000000086e00000|100%| O|  |TAMS 0x0000000086e00000, 0x0000000086d00000| Updating 
| 110|0x0000000086e00000, 0x0000000086f00000, 0x0000000086f00000|100%| O|  |TAMS 0x0000000086f00000, 0x0000000086e00000| Updating 
| 111|0x0000000086f00000, 0x0000000087000000, 0x0000000087000000|100%| O|  |TAMS 0x0000000087000000, 0x0000000086f00000| Updating 
| 112|0x0000000087000000, 0x0000000087100000, 0x0000000087100000|100%| O|  |TAMS 0x0000000087100000, 0x0000000087000000| Updating 
| 113|0x0000000087100000, 0x0000000087200000, 0x0000000087200000|100%| O|  |TAMS 0x0000000087200000, 0x0000000087100000| Updating 
| 114|0x0000000087200000, 0x0000000087300000, 0x0000000087300000|100%| O|  |TAMS 0x0000000087300000, 0x0000000087200000| Updating 
| 115|0x0000000087300000, 0x0000000087400000, 0x0000000087400000|100%| O|  |TAMS 0x0000000087400000, 0x0000000087300000| Untracked 
| 116|0x0000000087400000, 0x0000000087500000, 0x0000000087500000|100%| O|  |TAMS 0x0000000087500000, 0x0000000087400000| Untracked 
| 117|0x0000000087500000, 0x0000000087600000, 0x0000000087600000|100%| O|  |TAMS 0x0000000087600000, 0x0000000087500000| Untracked 
| 118|0x0000000087600000, 0x0000000087700000, 0x0000000087700000|100%| O|  |TAMS 0x0000000087700000, 0x0000000087600000| Updating 
| 119|0x0000000087700000, 0x0000000087800000, 0x0000000087800000|100%| O|  |TAMS 0x0000000087800000, 0x0000000087700000| Untracked 
| 120|0x0000000087800000, 0x0000000087900000, 0x0000000087900000|100%| O|  |TAMS 0x0000000087900000, 0x0000000087800000| Untracked 
| 121|0x0000000087900000, 0x0000000087a00000, 0x0000000087a00000|100%| O|  |TAMS 0x0000000087a00000, 0x0000000087900000| Untracked 
| 122|0x0000000087a00000, 0x0000000087b00000, 0x0000000087b00000|100%| O|  |TAMS 0x0000000087b00000, 0x0000000087a00000| Updating 
| 123|0x0000000087b00000, 0x0000000087c00000, 0x0000000087c00000|100%| O|  |TAMS 0x0000000087c00000, 0x0000000087b00000| Untracked 
| 124|0x0000000087c00000, 0x0000000087d00000, 0x0000000087d00000|100%| O|  |TAMS 0x0000000087d00000, 0x0000000087c00000| Untracked 
| 125|0x0000000087d00000, 0x0000000087e00000, 0x0000000087e00000|100%| O|  |TAMS 0x0000000087e00000, 0x0000000087d00000| Updating 
| 126|0x0000000087e00000, 0x0000000087f00000, 0x0000000087f00000|100%| O|  |TAMS 0x0000000087f00000, 0x0000000087e00000| Untracked 
| 127|0x0000000087f00000, 0x0000000088000000, 0x0000000088000000|100%| O|  |TAMS 0x0000000088000000, 0x0000000087f00000| Untracked 
| 128|0x0000000088000000, 0x0000000088100000, 0x0000000088100000|100%| O|  |TAMS 0x0000000088100000, 0x0000000088000000| Untracked 
| 129|0x0000000088100000, 0x0000000088200000, 0x0000000088200000|100%| O|  |TAMS 0x0000000088200000, 0x0000000088100000| Untracked 
| 130|0x0000000088200000, 0x0000000088300000, 0x0000000088300000|100%| O|  |TAMS 0x0000000088300000, 0x0000000088200000| Updating 
| 131|0x0000000088300000, 0x0000000088400000, 0x0000000088400000|100%| O|  |TAMS 0x0000000088400000, 0x0000000088300000| Updating 
| 132|0x0000000088400000, 0x0000000088500000, 0x0000000088500000|100%| O|  |TAMS 0x0000000088500000, 0x0000000088400000| Untracked 
| 133|0x0000000088500000, 0x0000000088600000, 0x0000000088600000|100%| O|  |TAMS 0x0000000088600000, 0x0000000088500000| Updating 
| 134|0x0000000088600000, 0x0000000088700000, 0x0000000088700000|100%| O|  |TAMS 0x0000000088700000, 0x0000000088600000| Updating 
| 135|0x0000000088700000, 0x0000000088800000, 0x0000000088800000|100%| O|  |TAMS 0x0000000088800000, 0x0000000088700000| Untracked 
| 136|0x0000000088800000, 0x0000000088900000, 0x0000000088900000|100%| O|  |TAMS 0x0000000088900000, 0x0000000088800000| Untracked 
| 137|0x0000000088900000, 0x0000000088a00000, 0x0000000088a00000|100%| O|  |TAMS 0x0000000088a00000, 0x0000000088900000| Untracked 
| 138|0x0000000088a00000, 0x0000000088b00000, 0x0000000088b00000|100%| O|  |TAMS 0x0000000088b00000, 0x0000000088a00000| Untracked 
| 139|0x0000000088b00000, 0x0000000088c00000, 0x0000000088c00000|100%| O|  |TAMS 0x0000000088c00000, 0x0000000088b00000| Updating 
| 140|0x0000000088c00000, 0x0000000088d00000, 0x0000000088d00000|100%| O|  |TAMS 0x0000000088d00000, 0x0000000088c00000| Untracked 
| 141|0x0000000088d00000, 0x0000000088e00000, 0x0000000088e00000|100%| O|  |TAMS 0x0000000088e00000, 0x0000000088d00000| Untracked 
| 142|0x0000000088e00000, 0x0000000088f00000, 0x0000000088f00000|100%| O|  |TAMS 0x0000000088f00000, 0x0000000088e00000| Updating 
| 143|0x0000000088f00000, 0x0000000089000000, 0x0000000089000000|100%|HS|  |TAMS 0x0000000089000000, 0x0000000088f00000| Complete 
| 144|0x0000000089000000, 0x0000000089100000, 0x0000000089100000|100%|HC|  |TAMS 0x0000000089100000, 0x0000000089000000| Complete 
| 145|0x0000000089100000, 0x0000000089200000, 0x0000000089200000|100%|HC|  |TAMS 0x0000000089200000, 0x0000000089100000| Complete 
| 146|0x0000000089200000, 0x0000000089300000, 0x0000000089300000|100%|HC|  |TAMS 0x0000000089300000, 0x0000000089200000| Complete 
| 147|0x0000000089300000, 0x0000000089400000, 0x0000000089400000|100%|HC|  |TAMS 0x0000000089400000, 0x0000000089300000| Complete 
| 148|0x0000000089400000, 0x0000000089500000, 0x0000000089500000|100%|HC|  |TAMS 0x0000000089500000, 0x0000000089400000| Complete 
| 149|0x0000000089500000, 0x0000000089600000, 0x0000000089600000|100%| O|  |TAMS 0x0000000089600000, 0x0000000089500000| Updating 
| 150|0x0000000089600000, 0x0000000089700000, 0x0000000089700000|100%| O|  |TAMS 0x0000000089700000, 0x0000000089600000| Untracked 
| 151|0x0000000089700000, 0x0000000089800000, 0x0000000089800000|100%| O|  |TAMS 0x0000000089800000, 0x0000000089700000| Updating 
| 152|0x0000000089800000, 0x0000000089900000, 0x0000000089900000|100%| O|  |TAMS 0x0000000089900000, 0x0000000089800000| Updating 
| 153|0x0000000089900000, 0x0000000089a00000, 0x0000000089a00000|100%| O|  |TAMS 0x0000000089a00000, 0x0000000089900000| Updating 
| 154|0x0000000089a00000, 0x0000000089b00000, 0x0000000089b00000|100%| O|  |TAMS 0x0000000089b00000, 0x0000000089a00000| Updating 
| 155|0x0000000089b00000, 0x0000000089c00000, 0x0000000089c00000|100%| O|  |TAMS 0x0000000089c00000, 0x0000000089b00000| Updating 
| 156|0x0000000089c00000, 0x0000000089d00000, 0x0000000089d00000|100%| O|  |TAMS 0x0000000089d00000, 0x0000000089c00000| Updating 
| 157|0x0000000089d00000, 0x0000000089e00000, 0x0000000089e00000|100%| O|  |TAMS 0x0000000089e00000, 0x0000000089d00000| Updating 
| 158|0x0000000089e00000, 0x0000000089f00000, 0x0000000089f00000|100%| O|  |TAMS 0x0000000089f00000, 0x0000000089e00000| Updating 
| 159|0x0000000089f00000, 0x000000008a000000, 0x000000008a000000|100%| O|  |TAMS 0x000000008a000000, 0x0000000089f00000| Updating 
| 160|0x000000008a000000, 0x000000008a100000, 0x000000008a100000|100%| O|  |TAMS 0x000000008a100000, 0x000000008a000000| Updating 
| 161|0x000000008a100000, 0x000000008a200000, 0x000000008a200000|100%| O|  |TAMS 0x000000008a200000, 0x000000008a100000| Updating 
| 162|0x000000008a200000, 0x000000008a300000, 0x000000008a300000|100%| O|  |TAMS 0x000000008a300000, 0x000000008a200000| Updating 
| 163|0x000000008a300000, 0x000000008a300000, 0x000000008a400000|  0%| F|  |TAMS 0x000000008a300000, 0x000000008a300000| Untracked 
| 164|0x000000008a400000, 0x000000008a500000, 0x000000008a500000|100%| O|  |TAMS 0x000000008a500000, 0x000000008a400000| Updating 
| 165|0x000000008a500000, 0x000000008a600000, 0x000000008a600000|100%| O|  |TAMS 0x000000008a600000, 0x000000008a500000| Updating 
| 166|0x000000008a600000, 0x000000008a700000, 0x000000008a700000|100%| O|  |TAMS 0x000000008a700000, 0x000000008a600000| Updating 
| 167|0x000000008a700000, 0x000000008a800000, 0x000000008a800000|100%| O|  |TAMS 0x000000008a800000, 0x000000008a700000| Updating 
| 168|0x000000008a800000, 0x000000008a900000, 0x000000008a900000|100%| O|  |TAMS 0x000000008a900000, 0x000000008a800000| Updating 
| 169|0x000000008a900000, 0x000000008aa00000, 0x000000008aa00000|100%| O|  |TAMS 0x000000008aa00000, 0x000000008a900000| Updating 
| 170|0x000000008aa00000, 0x000000008ab00000, 0x000000008ab00000|100%| O|  |TAMS 0x000000008ab00000, 0x000000008aa00000| Updating 
| 171|0x000000008ab00000, 0x000000008ac00000, 0x000000008ac00000|100%| O|  |TAMS 0x000000008ac00000, 0x000000008ab00000| Updating 
| 172|0x000000008ac00000, 0x000000008ad00000, 0x000000008ad00000|100%| O|  |TAMS 0x000000008ad00000, 0x000000008ac00000| Updating 
| 173|0x000000008ad00000, 0x000000008ae00000, 0x000000008ae00000|100%| O|  |TAMS 0x000000008ae00000, 0x000000008ad00000| Updating 
| 174|0x000000008ae00000, 0x000000008af00000, 0x000000008af00000|100%| O|  |TAMS 0x000000008af00000, 0x000000008ae00000| Untracked 
| 175|0x000000008af00000, 0x000000008b000000, 0x000000008b000000|100%| O|  |TAMS 0x000000008b000000, 0x000000008af00000| Updating 
| 176|0x000000008b000000, 0x000000008b100000, 0x000000008b100000|100%| O|  |TAMS 0x000000008b100000, 0x000000008b000000| Updating 
| 177|0x000000008b100000, 0x000000008b200000, 0x000000008b200000|100%| O|  |TAMS 0x000000008b200000, 0x000000008b100000| Untracked 
| 178|0x000000008b200000, 0x000000008b300000, 0x000000008b300000|100%| O|  |TAMS 0x000000008b300000, 0x000000008b200000| Updating 
| 179|0x000000008b300000, 0x000000008b400000, 0x000000008b400000|100%| O|  |TAMS 0x000000008b400000, 0x000000008b300000| Untracked 
| 180|0x000000008b400000, 0x000000008b500000, 0x000000008b500000|100%| O|  |TAMS 0x000000008b500000, 0x000000008b400000| Untracked 
| 181|0x000000008b500000, 0x000000008b600000, 0x000000008b600000|100%| O|  |TAMS 0x000000008b600000, 0x000000008b500000| Untracked 
| 182|0x000000008b600000, 0x000000008b700000, 0x000000008b700000|100%| O|  |TAMS 0x000000008b700000, 0x000000008b600000| Untracked 
| 183|0x000000008b700000, 0x000000008b800000, 0x000000008b800000|100%| O|  |TAMS 0x000000008b800000, 0x000000008b700000| Untracked 
| 184|0x000000008b800000, 0x000000008b900000, 0x000000008b900000|100%| O|  |TAMS 0x000000008b900000, 0x000000008b800000| Untracked 
| 185|0x000000008b900000, 0x000000008ba00000, 0x000000008ba00000|100%| O|  |TAMS 0x000000008ba00000, 0x000000008b900000| Updating 
| 186|0x000000008ba00000, 0x000000008bb00000, 0x000000008bb00000|100%| O|  |TAMS 0x000000008bb00000, 0x000000008ba00000| Updating 
| 187|0x000000008bb00000, 0x000000008bc00000, 0x000000008bc00000|100%| O|  |TAMS 0x000000008bc00000, 0x000000008bb00000| Updating 
| 188|0x000000008bc00000, 0x000000008bd00000, 0x000000008bd00000|100%| O|  |TAMS 0x000000008bd00000, 0x000000008bc00000| Updating 
| 189|0x000000008bd00000, 0x000000008be00000, 0x000000008be00000|100%| O|  |TAMS 0x000000008be00000, 0x000000008bd00000| Updating 
| 190|0x000000008be00000, 0x000000008bf00000, 0x000000008bf00000|100%| O|  |TAMS 0x000000008bf00000, 0x000000008be00000| Updating 
| 191|0x000000008bf00000, 0x000000008c000000, 0x000000008c000000|100%| O|  |TAMS 0x000000008c000000, 0x000000008bf00000| Updating 
| 192|0x000000008c000000, 0x000000008c100000, 0x000000008c100000|100%| O|  |TAMS 0x000000008c100000, 0x000000008c000000| Untracked 
| 193|0x000000008c100000, 0x000000008c200000, 0x000000008c200000|100%| O|  |TAMS 0x000000008c200000, 0x000000008c100000| Untracked 
| 194|0x000000008c200000, 0x000000008c300000, 0x000000008c300000|100%| O|  |TAMS 0x000000008c300000, 0x000000008c200000| Untracked 
| 195|0x000000008c300000, 0x000000008c400000, 0x000000008c400000|100%| O|  |TAMS 0x000000008c400000, 0x000000008c300000| Updating 
| 196|0x000000008c400000, 0x000000008c500000, 0x000000008c500000|100%| O|  |TAMS 0x000000008c500000, 0x000000008c400000| Untracked 
| 197|0x000000008c500000, 0x000000008c600000, 0x000000008c600000|100%| O|  |TAMS 0x000000008c600000, 0x000000008c500000| Updating 
| 198|0x000000008c600000, 0x000000008c700000, 0x000000008c700000|100%| O|  |TAMS 0x000000008c700000, 0x000000008c600000| Updating 
| 199|0x000000008c700000, 0x000000008c800000, 0x000000008c800000|100%| O|  |TAMS 0x000000008c800000, 0x000000008c700000| Updating 
| 200|0x000000008c800000, 0x000000008c900000, 0x000000008c900000|100%| O|  |TAMS 0x000000008c900000, 0x000000008c800000| Updating 
| 201|0x000000008c900000, 0x000000008ca00000, 0x000000008ca00000|100%|HS|  |TAMS 0x000000008ca00000, 0x000000008c900000| Complete 
| 202|0x000000008ca00000, 0x000000008cb00000, 0x000000008cb00000|100%|HS|  |TAMS 0x000000008cb00000, 0x000000008ca00000| Complete 
| 203|0x000000008cb00000, 0x000000008cc00000, 0x000000008cc00000|100%|HC|  |TAMS 0x000000008cc00000, 0x000000008cb00000| Complete 
| 204|0x000000008cc00000, 0x000000008cd00000, 0x000000008cd00000|100%|HS|  |TAMS 0x000000008cd00000, 0x000000008cc00000| Complete 
| 205|0x000000008cd00000, 0x000000008ce00000, 0x000000008ce00000|100%|HS|  |TAMS 0x000000008ce00000, 0x000000008cd00000| Complete 
| 206|0x000000008ce00000, 0x000000008cf00000, 0x000000008cf00000|100%|HS|  |TAMS 0x000000008cf00000, 0x000000008ce00000| Complete 
| 207|0x000000008cf00000, 0x000000008d000000, 0x000000008d000000|100%|HC|  |TAMS 0x000000008d000000, 0x000000008cf00000| Complete 
| 208|0x000000008d000000, 0x000000008d100000, 0x000000008d100000|100%|HC|  |TAMS 0x000000008d100000, 0x000000008d000000| Complete 
| 209|0x000000008d100000, 0x000000008d200000, 0x000000008d200000|100%|HC|  |TAMS 0x000000008d200000, 0x000000008d100000| Complete 
| 210|0x000000008d200000, 0x000000008d300000, 0x000000008d300000|100%|HS|  |TAMS 0x000000008d300000, 0x000000008d200000| Complete 
| 211|0x000000008d300000, 0x000000008d400000, 0x000000008d400000|100%| O|  |TAMS 0x000000008d300000, 0x000000008d300000| Untracked 
| 212|0x000000008d400000, 0x000000008d500000, 0x000000008d500000|100%| O|  |TAMS 0x000000008d500000, 0x000000008d400000| Untracked 
| 213|0x000000008d500000, 0x000000008d600000, 0x000000008d600000|100%| O|  |TAMS 0x000000008d600000, 0x000000008d500000| Updating 
| 214|0x000000008d600000, 0x000000008d700000, 0x000000008d700000|100%| O|  |TAMS 0x000000008d700000, 0x000000008d600000| Untracked 
| 215|0x000000008d700000, 0x000000008d800000, 0x000000008d800000|100%| O|  |TAMS 0x000000008d800000, 0x000000008d700000| Untracked 
| 216|0x000000008d800000, 0x000000008d900000, 0x000000008d900000|100%| O|  |TAMS 0x000000008d900000, 0x000000008d800000| Untracked 
| 217|0x000000008d900000, 0x000000008da00000, 0x000000008da00000|100%| O|  |TAMS 0x000000008d9a0600, 0x000000008d900000| Untracked 
| 218|0x000000008da00000, 0x000000008db00000, 0x000000008db00000|100%| O|  |TAMS 0x000000008da00000, 0x000000008da00000| Untracked 
| 219|0x000000008db00000, 0x000000008dbd3e00, 0x000000008dc00000| 82%| O|  |TAMS 0x000000008db00000, 0x000000008db00000| Updating 
| 220|0x000000008dc00000, 0x000000008dc00000, 0x000000008dd00000|  0%| F|  |TAMS 0x000000008dc00000, 0x000000008dc00000| Untracked 
| 221|0x000000008dd00000, 0x000000008dd00000, 0x000000008de00000|  0%| F|  |TAMS 0x000000008dd00000, 0x000000008dd00000| Untracked 
| 222|0x000000008de00000, 0x000000008de00000, 0x000000008df00000|  0%| F|  |TAMS 0x000000008de00000, 0x000000008de00000| Untracked 
| 223|0x000000008df00000, 0x000000008df00000, 0x000000008e000000|  0%| F|  |TAMS 0x000000008df00000, 0x000000008df00000| Untracked 
| 224|0x000000008e000000, 0x000000008e000000, 0x000000008e100000|  0%| F|  |TAMS 0x000000008e000000, 0x000000008e000000| Untracked 
| 225|0x000000008e100000, 0x000000008e100000, 0x000000008e200000|  0%| F|  |TAMS 0x000000008e100000, 0x000000008e100000| Untracked 
| 226|0x000000008e200000, 0x000000008e200000, 0x000000008e300000|  0%| F|  |TAMS 0x000000008e200000, 0x000000008e200000| Untracked 
| 227|0x000000008e300000, 0x000000008e300000, 0x000000008e400000|  0%| F|  |TAMS 0x000000008e300000, 0x000000008e300000| Untracked 
| 228|0x000000008e400000, 0x000000008e400000, 0x000000008e500000|  0%| F|  |TAMS 0x000000008e400000, 0x000000008e400000| Untracked 
| 229|0x000000008e500000, 0x000000008e500000, 0x000000008e600000|  0%| F|  |TAMS 0x000000008e500000, 0x000000008e500000| Untracked 
| 230|0x000000008e600000, 0x000000008e600000, 0x000000008e700000|  0%| F|  |TAMS 0x000000008e600000, 0x000000008e600000| Untracked 
| 231|0x000000008e700000, 0x000000008e700000, 0x000000008e800000|  0%| F|  |TAMS 0x000000008e700000, 0x000000008e700000| Untracked 
| 232|0x000000008e800000, 0x000000008e800000, 0x000000008e900000|  0%| F|  |TAMS 0x000000008e800000, 0x000000008e800000| Untracked 
| 233|0x000000008e900000, 0x000000008e900000, 0x000000008ea00000|  0%| F|  |TAMS 0x000000008e900000, 0x000000008e900000| Untracked 
| 234|0x000000008ea00000, 0x000000008ea00000, 0x000000008eb00000|  0%| F|  |TAMS 0x000000008ea00000, 0x000000008ea00000| Untracked 
| 235|0x000000008eb00000, 0x000000008eb00000, 0x000000008ec00000|  0%| F|  |TAMS 0x000000008eb00000, 0x000000008eb00000| Untracked 
| 236|0x000000008ec00000, 0x000000008ec00000, 0x000000008ed00000|  0%| F|  |TAMS 0x000000008ec00000, 0x000000008ec00000| Untracked 
| 237|0x000000008ed00000, 0x000000008ed00000, 0x000000008ee00000|  0%| F|  |TAMS 0x000000008ed00000, 0x000000008ed00000| Untracked 
| 238|0x000000008ee00000, 0x000000008ee00000, 0x000000008ef00000|  0%| F|  |TAMS 0x000000008ee00000, 0x000000008ee00000| Untracked 
| 239|0x000000008ef00000, 0x000000008ef00000, 0x000000008f000000|  0%| F|  |TAMS 0x000000008ef00000, 0x000000008ef00000| Untracked 
| 240|0x000000008f000000, 0x000000008f000000, 0x000000008f100000|  0%| F|  |TAMS 0x000000008f000000, 0x000000008f000000| Untracked 
| 241|0x000000008f100000, 0x000000008f100000, 0x000000008f200000|  0%| F|  |TAMS 0x000000008f100000, 0x000000008f100000| Untracked 
| 242|0x000000008f200000, 0x000000008f200000, 0x000000008f300000|  0%| F|  |TAMS 0x000000008f200000, 0x000000008f200000| Untracked 
| 243|0x000000008f300000, 0x000000008f300000, 0x000000008f400000|  0%| F|  |TAMS 0x000000008f300000, 0x000000008f300000| Untracked 
| 244|0x000000008f400000, 0x000000008f400000, 0x000000008f500000|  0%| F|  |TAMS 0x000000008f400000, 0x000000008f400000| Untracked 
| 245|0x000000008f500000, 0x000000008f500000, 0x000000008f600000|  0%| F|  |TAMS 0x000000008f500000, 0x000000008f500000| Untracked 
| 246|0x000000008f600000, 0x000000008f689300, 0x000000008f700000| 53%| S|CS|TAMS 0x000000008f600000, 0x000000008f600000| Complete 
| 247|0x000000008f700000, 0x000000008f800000, 0x000000008f800000|100%| S|CS|TAMS 0x000000008f700000, 0x000000008f700000| Complete 
| 248|0x000000008f800000, 0x000000008f8d2758, 0x000000008f900000| 82%| E|  |TAMS 0x000000008f800000, 0x000000008f800000| Complete 
| 249|0x000000008f900000, 0x000000008fa00000, 0x000000008fa00000|100%| E|CS|TAMS 0x000000008f900000, 0x000000008f900000| Complete 
| 250|0x000000008fa00000, 0x000000008fb00000, 0x000000008fb00000|100%| E|CS|TAMS 0x000000008fa00000, 0x000000008fa00000| Complete 
| 251|0x000000008fb00000, 0x000000008fc00000, 0x000000008fc00000|100%| E|CS|TAMS 0x000000008fb00000, 0x000000008fb00000| Complete 
| 252|0x000000008fc00000, 0x000000008fd00000, 0x000000008fd00000|100%| E|CS|TAMS 0x000000008fc00000, 0x000000008fc00000| Complete 
| 253|0x000000008fd00000, 0x000000008fe00000, 0x000000008fe00000|100%| E|CS|TAMS 0x000000008fd00000, 0x000000008fd00000| Complete 
| 254|0x000000008fe00000, 0x000000008ff00000, 0x000000008ff00000|100%| E|CS|TAMS 0x000000008fe00000, 0x000000008fe00000| Complete 
| 255|0x000000008ff00000, 0x0000000090000000, 0x0000000090000000|100%| E|CS|TAMS 0x000000008ff00000, 0x000000008ff00000| Complete 
| 256|0x0000000090000000, 0x0000000090100000, 0x0000000090100000|100%| E|CS|TAMS 0x0000000090000000, 0x0000000090000000| Complete 

Card table byte_map: [0x000002627d100000,0x000002627d500000] _byte_map_base: 0x000002627cd00000

Marking Bits (Prev, Next): (CMBitMap*) 0x000002627cc8f990, (CMBitMap*) 0x000002627cc8f950
 Prev Bits: [0x00000262167f0000, 0x00000262187f0000)
 Next Bits: [0x000002627d900000, 0x000002627f900000)

Polling page: 0x000002627aa70000

Metaspace:

Usage:
  Non-class:    138.68 MB used.
      Class:     20.90 MB used.
       Both:    159.58 MB used.

Virtual space:
  Non-class space:      192.00 MB reserved,     139.31 MB ( 73%) committed,  3 nodes.
      Class space:      416.00 MB reserved,      21.44 MB (  5%) committed,  1 nodes.
             Both:      608.00 MB reserved,     160.75 MB ( 26%) committed. 

Chunk freelists:
   Non-Class:  4.47 MB
       Class:  10.41 MB
        Both:  14.88 MB

MaxMetaspaceSize: 512.00 MB
CompressedClassSpaceSize: 416.00 MB
Initial GC threshold: 21.00 MB
Current GC threshold: 169.00 MB
CDS: on
MetaspaceReclaimPolicy: balanced
 - commit_granule_bytes: 65536.
 - commit_granule_words: 8192.
 - virtual_space_node_default_size: 8388608.
 - enlarge_chunks_in_place: 1.
 - new_chunks_are_fully_committed: 0.
 - uncommit_free_chunks: 1.
 - use_allocation_guard: 0.
 - handle_deallocations: 1.


Internal statistics:

num_allocs_failed_limit: 24.
num_arena_births: 1718.
num_arena_deaths: 0.
num_vsnodes_births: 4.
num_vsnodes_deaths: 0.
num_space_committed: 2570.
num_space_uncommitted: 0.
num_chunks_returned_to_freelist: 24.
num_chunks_taken_from_freelist: 8441.
num_chunk_merges: 24.
num_chunk_splits: 5976.
num_chunks_enlarged: 4405.
num_inconsistent_stats: 0.

CodeHeap 'non-profiled nmethods': size=120000Kb used=10869Kb max_used=11008Kb free=109130Kb
 bounds [0x000002620f2c0000, 0x000002620fd90000, 0x00000262167f0000]
CodeHeap 'profiled nmethods': size=120000Kb used=33353Kb max_used=33448Kb free=86646Kb
 bounds [0x00000262077f0000, 0x00000262098a0000, 0x000002620ed20000]
CodeHeap 'non-nmethods': size=5760Kb used=2620Kb max_used=2685Kb free=3139Kb
 bounds [0x000002620ed20000, 0x000002620efe0000, 0x000002620f2c0000]
 total_blobs=17105 nmethods=15909 adapters=1106
 compilation: enabled
              stopped_count=0, restarted_count=0
 full_count=0

Compilation events (20 events):
Event: 52.482 Thread 0x000002627fe0b090 18684       3       kotlin.coroutines.SafeContinuation::resumeWith (73 bytes)
Event: 52.482 Thread 0x000002627fe0b090 nmethod 18684 0x0000026207ab7610 code [0x0000026207ab7820, 0x0000026207ab7e98]
Event: 52.482 Thread 0x000002627fe0b090 18685       3       kotlin.coroutines.jvm.internal.ContinuationImpl::releaseIntercepted (53 bytes)
Event: 52.483 Thread 0x000002627fe0b090 nmethod 18685 0x0000026207d27510 code [0x0000026207d27820, 0x0000026207d28c48]
Event: 52.483 Thread 0x000002627fe0b090 18687       3       kotlin.collections.ArrayDeque::incremented (19 bytes)
Event: 52.484 Thread 0x000002627fe0b090 nmethod 18687 0x0000026208350f10 code [0x0000026208351140, 0x00000262083517f8]
Event: 52.484 Thread 0x000002627fe0b090 18686       1       org.jetbrains.kotlin.gradle.plugin.sources.DefaultLanguageSettingsBuilder::getCompilationCompilerOptions$kotlin_gradle_plugin_common (5 bytes)
Event: 52.484 Thread 0x000002627fe0b090 nmethod 18686 0x000002620f6eee10 code [0x000002620f6eefa0, 0x000002620f6ef078]
Event: 52.484 Thread 0x000002627fe0b090 18688       3       org.gradle.api.internal.provider.AppendOnceList::getItems (13 bytes)
Event: 52.484 Thread 0x000002627fe0b090 nmethod 18688 0x00000262078b4590 code [0x00000262078b4740, 0x00000262078b4928]
Event: 52.484 Thread 0x000002627fe0b090 18690       3       org.gradle.api.internal.provider.AbstractCollectingSupplier::calculateValue (6 bytes)
Event: 52.484 Thread 0x000002627fe0b090 nmethod 18690 0x0000026208b28790 code [0x0000026208b28960, 0x0000026208b28d38]
Event: 52.484 Thread 0x000002627fe0b090 18689       1       org.jetbrains.kotlin.gradle.plugin.sources.DefaultKotlinSourceSet::getLanguageSettings (5 bytes)
Event: 52.484 Thread 0x000002627fe0b090 nmethod 18689 0x000002620f812b90 code [0x000002620f812d20, 0x000002620f812df8]
Event: 52.484 Thread 0x000002627fe0b090 18691   !   3       org.jetbrains.kotlin.gradle.utils.Completable::isCompleted (44 bytes)
Event: 52.485 Thread 0x000002627fe0b090 nmethod 18691 0x0000026207f69210 code [0x0000026207f69420, 0x0000026207f69b08]
Event: 52.485 Thread 0x000002627fe0b090 18692       1       org.jetbrains.kotlin.gradle.plugin.sources.ConsistencyCheck::getGetValue (5 bytes)
Event: 52.485 Thread 0x000002627fe0b090 nmethod 18692 0x000002620f812890 code [0x000002620f812a20, 0x000002620f812af8]
Event: 52.485 Thread 0x000002627fe0b090 18693       1       org.jetbrains.kotlin.gradle.plugin.sources.FragmentConsistencyChecks::access$getLanguageSettings$p (5 bytes)
Event: 52.485 Thread 0x000002627fe0b090 nmethod 18693 0x000002620f812590 code [0x000002620f812720, 0x000002620f8127d8]

GC Heap History (20 events):
Event: 49.750 GC heap before
{Heap before GC invocations=64 (full 0):
 garbage-first heap   total 263168K, used 225556K [0x0000000080000000, 0x0000000100000000)
  region size 1024K, 30 young (30720K), 4 survivors (4096K)
 Metaspace       used 162956K, committed 164160K, reserved 622592K
  class space    used 21353K, committed 21888K, reserved 425984K
}
Event: 49.757 GC heap after
{Heap after GC invocations=65 (full 0):
 garbage-first heap   total 263168K, used 203884K [0x0000000080000000, 0x0000000100000000)
  region size 1024K, 4 young (4096K), 4 survivors (4096K)
 Metaspace       used 162956K, committed 164160K, reserved 622592K
  class space    used 21353K, committed 21888K, reserved 425984K
}
Event: 49.934 GC heap before
{Heap before GC invocations=65 (full 0):
 garbage-first heap   total 263168K, used 225388K [0x0000000080000000, 0x0000000100000000)
  region size 1024K, 26 young (26624K), 4 survivors (4096K)
 Metaspace       used 162957K, committed 164160K, reserved 622592K
  class space    used 21353K, committed 21888K, reserved 425984K
}
Event: 49.938 GC heap after
{Heap after GC invocations=66 (full 0):
 garbage-first heap   total 263168K, used 205197K [0x0000000080000000, 0x0000000100000000)
  region size 1024K, 3 young (3072K), 3 survivors (3072K)
 Metaspace       used 162957K, committed 164160K, reserved 622592K
  class space    used 21353K, committed 21888K, reserved 425984K
}
Event: 50.167 GC heap before
{Heap before GC invocations=66 (full 0):
 garbage-first heap   total 263168K, used 226701K [0x0000000080000000, 0x0000000100000000)
  region size 1024K, 25 young (25600K), 3 survivors (3072K)
 Metaspace       used 162957K, committed 164160K, reserved 622592K
  class space    used 21353K, committed 21888K, reserved 425984K
}
Event: 50.170 GC heap after
{Heap after GC invocations=67 (full 0):
 garbage-first heap   total 263168K, used 205848K [0x0000000080000000, 0x0000000100000000)
  region size 1024K, 3 young (3072K), 3 survivors (3072K)
 Metaspace       used 162957K, committed 164160K, reserved 622592K
  class space    used 21353K, committed 21888K, reserved 425984K
}
Event: 50.358 GC heap before
{Heap before GC invocations=67 (full 0):
 garbage-first heap   total 263168K, used 226328K [0x0000000080000000, 0x0000000100000000)
  region size 1024K, 24 young (24576K), 3 survivors (3072K)
 Metaspace       used 162957K, committed 164160K, reserved 622592K
  class space    used 21353K, committed 21888K, reserved 425984K
}
Event: 50.362 GC heap after
{Heap after GC invocations=68 (full 0):
 garbage-first heap   total 263168K, used 206203K [0x0000000080000000, 0x0000000100000000)
  region size 1024K, 3 young (3072K), 3 survivors (3072K)
 Metaspace       used 162957K, committed 164160K, reserved 622592K
  class space    used 21353K, committed 21888K, reserved 425984K
}
Event: 50.584 GC heap before
{Heap before GC invocations=68 (full 0):
 garbage-first heap   total 263168K, used 226683K [0x0000000080000000, 0x0000000100000000)
  region size 1024K, 24 young (24576K), 3 survivors (3072K)
 Metaspace       used 162957K, committed 164160K, reserved 622592K
  class space    used 21353K, committed 21888K, reserved 425984K
}
Event: 50.587 GC heap after
{Heap after GC invocations=69 (full 0):
 garbage-first heap   total 263168K, used 206693K [0x0000000080000000, 0x0000000100000000)
  region size 1024K, 3 young (3072K), 3 survivors (3072K)
 Metaspace       used 162957K, committed 164160K, reserved 622592K
  class space    used 21353K, committed 21888K, reserved 425984K
}
Event: 50.796 GC heap before
{Heap before GC invocations=69 (full 0):
 garbage-first heap   total 263168K, used 226149K [0x0000000080000000, 0x0000000100000000)
  region size 1024K, 23 young (23552K), 3 survivors (3072K)
 Metaspace       used 162957K, committed 164160K, reserved 622592K
  class space    used 21353K, committed 21888K, reserved 425984K
}
Event: 50.799 GC heap after
{Heap after GC invocations=70 (full 0):
 garbage-first heap   total 263168K, used 206801K [0x0000000080000000, 0x0000000100000000)
  region size 1024K, 3 young (3072K), 3 survivors (3072K)
 Metaspace       used 162957K, committed 164160K, reserved 622592K
  class space    used 21353K, committed 21888K, reserved 425984K
}
Event: 50.996 GC heap before
{Heap before GC invocations=70 (full 0):
 garbage-first heap   total 263168K, used 227281K [0x0000000080000000, 0x0000000100000000)
  region size 1024K, 24 young (24576K), 3 survivors (3072K)
 Metaspace       used 162957K, committed 164160K, reserved 622592K
  class space    used 21353K, committed 21888K, reserved 425984K
}
Event: 50.999 GC heap after
{Heap after GC invocations=71 (full 0):
 garbage-first heap   total 263168K, used 207368K [0x0000000080000000, 0x0000000100000000)
  region size 1024K, 3 young (3072K), 3 survivors (3072K)
 Metaspace       used 162957K, committed 164160K, reserved 622592K
  class space    used 21353K, committed 21888K, reserved 425984K
}
Event: 51.186 GC heap before
{Heap before GC invocations=71 (full 0):
 garbage-first heap   total 263168K, used 228872K [0x0000000080000000, 0x0000000100000000)
  region size 1024K, 24 young (24576K), 3 survivors (3072K)
 Metaspace       used 162957K, committed 164160K, reserved 622592K
  class space    used 21353K, committed 21888K, reserved 425984K
}
Event: 51.189 GC heap after
{Heap after GC invocations=72 (full 0):
 garbage-first heap   total 263168K, used 208021K [0x0000000080000000, 0x0000000100000000)
  region size 1024K, 3 young (3072K), 3 survivors (3072K)
 Metaspace       used 162957K, committed 164160K, reserved 622592K
  class space    used 21353K, committed 21888K, reserved 425984K
}
Event: 51.936 GC heap before
{Heap before GC invocations=72 (full 0):
 garbage-first heap   total 263168K, used 238741K [0x0000000080000000, 0x0000000100000000)
  region size 1024K, 23 young (23552K), 3 survivors (3072K)
 Metaspace       used 163151K, committed 164352K, reserved 622592K
  class space    used 21377K, committed 21888K, reserved 425984K
}
Event: 51.942 GC heap after
{Heap after GC invocations=73 (full 0):
 garbage-first heap   total 263168K, used 224698K [0x0000000080000000, 0x0000000100000000)
  region size 1024K, 3 young (3072K), 3 survivors (3072K)
 Metaspace       used 163151K, committed 164352K, reserved 622592K
  class space    used 21377K, committed 21888K, reserved 425984K
}
Event: 52.201 GC heap before
{Heap before GC invocations=73 (full 0):
 garbage-first heap   total 263168K, used 233914K [0x0000000080000000, 0x0000000100000000)
  region size 1024K, 12 young (12288K), 3 survivors (3072K)
 Metaspace       used 163200K, committed 164352K, reserved 622592K
  class space    used 21379K, committed 21888K, reserved 425984K
}
Event: 52.206 GC heap after
{Heap after GC invocations=74 (full 0):
 garbage-first heap   total 263168K, used 226477K [0x0000000080000000, 0x0000000100000000)
  region size 1024K, 2 young (2048K), 2 survivors (2048K)
 Metaspace       used 163200K, committed 164352K, reserved 622592K
  class space    used 21379K, committed 21888K, reserved 425984K
}

Deoptimization events (20 events):
Event: 51.279 Thread 0x000002623b37b4f0 DEOPT PACKING pc=0x0000026208409aed sp=0x00000082be0f8ed0
Event: 51.279 Thread 0x000002623b37b4f0 DEOPT UNPACKING pc=0x000002620ed72b43 sp=0x00000082be0f8358 mode 0
Event: 51.900 Thread 0x000002623b37b4f0 Uncommon trap: trap_request=0xffffffbe fr.pc=0x000002620fc5dc3c relative=0x000000000000117c
Event: 51.900 Thread 0x000002623b37b4f0 Uncommon trap: reason=profile_predicate action=maybe_recompile pc=0x000002620fc5dc3c method=com.google.common.collect.MapMakerInternalMap$Segment.expand()V @ 56 c2
Event: 51.900 Thread 0x000002623b37b4f0 DEOPT PACKING pc=0x000002620fc5dc3c sp=0x00000082be0f4ae0
Event: 51.900 Thread 0x000002623b37b4f0 DEOPT UNPACKING pc=0x000002620ed723a3 sp=0x00000082be0f4a88 mode 2
Event: 51.900 Thread 0x000002623b37b4f0 Uncommon trap: trap_request=0xffffffbe fr.pc=0x000002620fc5dc3c relative=0x000000000000117c
Event: 51.900 Thread 0x000002623b37b4f0 Uncommon trap: reason=profile_predicate action=maybe_recompile pc=0x000002620fc5dc3c method=com.google.common.collect.MapMakerInternalMap$Segment.expand()V @ 56 c2
Event: 51.900 Thread 0x000002623b37b4f0 DEOPT PACKING pc=0x000002620fc5dc3c sp=0x00000082be0f4ae0
Event: 51.900 Thread 0x000002623b37b4f0 DEOPT UNPACKING pc=0x000002620ed723a3 sp=0x00000082be0f4a88 mode 2
Event: 51.900 Thread 0x000002623b37b4f0 Uncommon trap: trap_request=0xffffffbe fr.pc=0x000002620fc5af34 relative=0x00000000000011d4
Event: 51.900 Thread 0x000002623b37b4f0 Uncommon trap: reason=profile_predicate action=maybe_recompile pc=0x000002620fc5af34 method=com.google.common.collect.MapMakerInternalMap$Segment.expand()V @ 189 c2
Event: 51.900 Thread 0x000002623b37b4f0 DEOPT PACKING pc=0x000002620fc5af34 sp=0x00000082be0f4ae0
Event: 51.900 Thread 0x000002623b37b4f0 DEOPT UNPACKING pc=0x000002620ed723a3 sp=0x00000082be0f4a78 mode 2
Event: 52.148 Thread 0x000002623b37b4f0 DEOPT PACKING pc=0x000002620880a9b3 sp=0x00000082be0f8d80
Event: 52.148 Thread 0x000002623b37b4f0 DEOPT UNPACKING pc=0x000002620ed72b43 sp=0x00000082be0f8200 mode 0
Event: 52.416 Thread 0x000002623b37b4f0 Uncommon trap: trap_request=0xffffffd6 fr.pc=0x000002620fd6d308 relative=0x0000000000000368
Event: 52.416 Thread 0x000002623b37b4f0 Uncommon trap: reason=array_check action=maybe_recompile pc=0x000002620fd6d308 method=java.util.LinkedHashMap.keysToArray([Ljava/lang/Object;)[Ljava/lang/Object; @ 25 c2
Event: 52.416 Thread 0x000002623b37b4f0 DEOPT PACKING pc=0x000002620fd6d308 sp=0x00000082be0f7a20
Event: 52.416 Thread 0x000002623b37b4f0 DEOPT UNPACKING pc=0x000002620ed723a3 sp=0x00000082be0f79c8 mode 2

Classes unloaded (0 events):
No events

Classes redefined (0 events):
No events

Internal exceptions (20 events):
Event: 49.151 Thread 0x000002623b37b4f0 Exception <a 'java/lang/ClassNotFoundException'{0x000000008e513390}: build_8uboolff1k30hh0ea82wc6ufcBeanInfo> (0x000000008e513390) 
thrown [s\open\src\hotspot\share\classfile\systemDictionary.cpp, line 256]
Event: 49.151 Thread 0x000002623b37b4f0 Exception <a 'java/lang/ClassNotFoundException'{0x000000008e51a8f0}: build_8uboolff1k30hh0ea82wc6ufcCustomizer> (0x000000008e51a8f0) 
thrown [s\open\src\hotspot\share\classfile\systemDictionary.cpp, line 256]
Event: 49.176 Thread 0x000002623b37b4f0 Exception <a 'java/lang/ClassNotFoundException'{0x000000008e411798}: groovy/lang/GString$1BeanInfo> (0x000000008e411798) 
thrown [s\open\src\hotspot\share\classfile\systemDictionary.cpp, line 256]
Event: 49.177 Thread 0x000002623b37b4f0 Exception <a 'java/lang/ClassNotFoundException'{0x000000008e434278}: groovy/lang/GStringBeanInfo> (0x000000008e434278) 
thrown [s\open\src\hotspot\share\classfile\systemDictionary.cpp, line 256]
Event: 49.181 Thread 0x000002623b37b4f0 Exception <a 'java/lang/ClassNotFoundException'{0x000000008e4567d8}: groovy/lang/GStringCustomizer> (0x000000008e4567d8) 
thrown [s\open\src\hotspot\share\classfile\systemDictionary.cpp, line 256]
Event: 49.183 Thread 0x000002623b37b4f0 Exception <a 'java/lang/ClassNotFoundException'{0x000000008e482c08}: groovy/lang/GString$1Customizer> (0x000000008e482c08) 
thrown [s\open\src\hotspot\share\classfile\systemDictionary.cpp, line 256]
Event: 49.201 Thread 0x000002623b37b4f0 Exception <a 'java/lang/ClassNotFoundException'{0x000000008ff70420}: org/codehaus/groovy/runtime/GStringImplBeanInfo> (0x000000008ff70420) 
thrown [s\open\src\hotspot\share\classfile\systemDictionary.cpp, line 256]
Event: 49.203 Thread 0x000002623b37b4f0 Exception <a 'java/lang/ClassNotFoundException'{0x000000008fd57dd8}: org/codehaus/groovy/runtime/GStringImplCustomizer> (0x000000008fd57dd8) 
thrown [s\open\src\hotspot\share\classfile\systemDictionary.cpp, line 256]
Event: 51.208 Thread 0x000002623b37b4f0 Exception <a 'java/lang/ClassNotFoundException'{0x000000008ff30508}: build_8uboolff1k30hh0ea82wc6ufcBeanInfo> (0x000000008ff30508) 
thrown [s\open\src\hotspot\share\classfile\systemDictionary.cpp, line 256]
Event: 51.213 Thread 0x000002623b37b4f0 Exception <a 'java/lang/ClassNotFoundException'{0x000000008ff37c68}: build_8uboolff1k30hh0ea82wc6ufcCustomizer> (0x000000008ff37c68) 
thrown [s\open\src\hotspot\share\classfile\systemDictionary.cpp, line 256]
Event: 51.877 Thread 0x000002623b37b4f0 Exception <a 'java/lang/ClassNotFoundException'{0x000000008f052b10}: com/flutter/gradle/FlutterExtension_DecoratedBeanInfo> (0x000000008f052b10) 
thrown [s\open\src\hotspot\share\classfile\systemDictionary.cpp, line 256]
Event: 51.878 Thread 0x000002623b37b4f0 Exception <a 'java/lang/ClassNotFoundException'{0x000000008f060378}: com/flutter/gradle/FlutterExtensionBeanInfo> (0x000000008f060378) 
thrown [s\open\src\hotspot\share\classfile\systemDictionary.cpp, line 256]
Event: 51.878 Thread 0x000002623b37b4f0 Exception <a 'java/lang/ClassNotFoundException'{0x000000008f06de00}: com/flutter/gradle/FlutterExtensionCustomizer> (0x000000008f06de00) 
thrown [s\open\src\hotspot\share\classfile\systemDictionary.cpp, line 256]
Event: 51.879 Thread 0x000002623b37b4f0 Exception <a 'java/lang/ClassNotFoundException'{0x000000008f089be0}: com/flutter/gradle/FlutterExtension_DecoratedCustomizer> (0x000000008f089be0) 
thrown [s\open\src\hotspot\share\classfile\systemDictionary.cpp, line 256]
Event: 51.899 Thread 0x000002623b37b4f0 Exception <a 'java/lang/ClassNotFoundException'{0x000000008efde5c0}: com/android/build/gradle/internal/dsl/LintOptions_DecoratedBeanInfo> (0x000000008efde5c0) 
thrown [s\open\src\hotspot\share\classfile\systemDictionary.cpp, line 256]
Event: 51.900 Thread 0x000002623b37b4f0 Exception <a 'java/lang/ClassNotFoundException'{0x000000008efedbf8}: com/android/build/gradle/internal/dsl/LintOptionsBeanInfo> (0x000000008efedbf8) 
thrown [s\open\src\hotspot\share\classfile\systemDictionary.cpp, line 256]
Event: 51.901 Thread 0x000002623b37b4f0 Exception <a 'java/lang/ClassNotFoundException'{0x000000008ee05450}: com/android/build/gradle/internal/dsl/LintOptionsCustomizer> (0x000000008ee05450) 
thrown [s\open\src\hotspot\share\classfile\systemDictionary.cpp, line 256]
Event: 51.902 Thread 0x000002623b37b4f0 Exception <a 'java/lang/ClassNotFoundException'{0x000000008ee51678}: com/android/build/gradle/internal/dsl/LintOptions_DecoratedCustomizer> (0x000000008ee51678) 
thrown [s\open\src\hotspot\share\classfile\systemDictionary.cpp, line 256]
Event: 51.918 Thread 0x000002623b37b4f0 Exception <a 'java/lang/ClassNotFoundException'{0x000000008eedd868}: org/jetbrains/kotlin/gradle/plugin/DeprecatedKotlinJvmOptionsBeanInfo> (0x000000008eedd868) 
thrown [s\open\src\hotspot\share\classfile\systemDictionary.cpp, line 256]
Event: 51.919 Thread 0x000002623b37b4f0 Exception <a 'java/lang/ClassNotFoundException'{0x000000008eeecf58}: org/jetbrains/kotlin/gradle/plugin/DeprecatedKotlinJvmOptionsCustomizer> (0x000000008eeecf58) 
thrown [s\open\src\hotspot\share\classfile\systemDictionary.cpp, line 256]

VM Operations (20 events):
Event: 49.939 Executing VM operation: G1CollectForAllocation done
Event: 50.167 Executing VM operation: G1CollectForAllocation
Event: 50.170 Executing VM operation: G1CollectForAllocation done
Event: 50.358 Executing VM operation: G1CollectForAllocation
Event: 50.364 Executing VM operation: G1CollectForAllocation done
Event: 50.584 Executing VM operation: G1CollectForAllocation
Event: 50.587 Executing VM operation: G1CollectForAllocation done
Event: 50.796 Executing VM operation: G1CollectForAllocation
Event: 50.799 Executing VM operation: G1CollectForAllocation done
Event: 50.996 Executing VM operation: G1CollectForAllocation
Event: 50.999 Executing VM operation: G1CollectForAllocation done
Event: 51.186 Executing VM operation: G1CollectForAllocation
Event: 51.189 Executing VM operation: G1CollectForAllocation done
Event: 51.935 Executing VM operation: G1CollectForAllocation
Event: 51.944 Executing VM operation: G1CollectForAllocation done
Event: 52.201 Executing VM operation: G1CollectForAllocation
Event: 52.212 Executing VM operation: G1CollectForAllocation done
Event: 52.414 Executing VM operation: HandshakeAllThreads
Event: 52.414 Executing VM operation: HandshakeAllThreads done
Event: 52.494 Executing VM operation: G1Concurrent

Events (20 events):
Event: 52.421 Thread 0x000002627fe0f040 flushing nmethod 0x0000026207bf2b10
Event: 52.421 Thread 0x000002627fe0f040 flushing nmethod 0x0000026207c54210
Event: 52.422 Thread 0x000002627fe0f040 flushing nmethod 0x0000026207d26c90
Event: 52.422 Thread 0x000002627fe0f040 flushing nmethod 0x0000026207dc9f90
Event: 52.423 Thread 0x000002627fe0f040 flushing nmethod 0x0000026207ed5290
Event: 52.424 Thread 0x000002627fe0f040 flushing nmethod 0x0000026207f68e10
Event: 52.424 Thread 0x000002627fe0f040 flushing nmethod 0x0000026207f69910
Event: 52.424 Thread 0x000002627fe0f040 flushing nmethod 0x0000026207fbb790
Event: 52.424 Thread 0x000002627fe0f040 flushing nmethod 0x0000026207fe1910
Event: 52.424 Thread 0x000002627fe0f040 flushing nmethod 0x0000026207fe3090
Event: 52.424 Thread 0x000002627fe0f040 flushing nmethod 0x0000026208042990
Event: 52.426 Thread 0x000002627fe0f040 flushing nmethod 0x0000026208242490
Event: 52.426 Thread 0x000002627fe0f040 flushing nmethod 0x0000026208350f10
Event: 52.427 Thread 0x000002627fe0f040 flushing nmethod 0x0000026208462310
Event: 52.427 Thread 0x000002627fe0f040 flushing nmethod 0x0000026208492d10
Event: 52.427 Thread 0x000002627fe0f040 flushing nmethod 0x0000026208506310
Event: 52.428 Thread 0x000002627fe0f040 flushing nmethod 0x00000262085bed10
Event: 52.431 Thread 0x000002627fe0f040 flushing nmethod 0x0000026208b28790
Event: 52.433 Thread 0x000002627fe0f040 flushing nmethod 0x0000026208ea6610
Event: 52.433 Thread 0x000002627fe0f040 flushing nmethod 0x0000026208ea8010


Dynamic libraries:
0x00007ff6edaf0000 - 0x00007ff6edb00000 	C:\Program Files\Java\jdk-17\bin\java.exe
0x00007ff8f4640000 - 0x00007ff8f4830000 	C:\Windows\SYSTEM32\ntdll.dll
0x00007ff8f40c0000 - 0x00007ff8f4172000 	C:\Windows\System32\KERNEL32.DLL
0x00007ff8f1e80000 - 0x00007ff8f2125000 	C:\Windows\System32\KERNELBASE.dll
0x00007ff8f1600000 - 0x00007ff8f16fa000 	C:\Windows\System32\ucrtbase.dll
0x00007ff8dcda0000 - 0x00007ff8dcdb9000 	C:\Program Files\Java\jdk-17\bin\jli.dll
0x00007ff8f2900000 - 0x00007ff8f29a3000 	C:\Windows\System32\ADVAPI32.dll
0x00007ff8f2790000 - 0x00007ff8f282e000 	C:\Windows\System32\msvcrt.dll
0x00007ff8f26f0000 - 0x00007ff8f2787000 	C:\Windows\System32\sechost.dll
0x00007ff8f3440000 - 0x00007ff8f355f000 	C:\Windows\System32\RPCRT4.dll
0x00007ff8f32a0000 - 0x00007ff8f3434000 	C:\Windows\System32\USER32.dll
0x00007ff8f2670000 - 0x00007ff8f2691000 	C:\Windows\System32\win32u.dll
0x00007ff8f4520000 - 0x00007ff8f4546000 	C:\Windows\System32\GDI32.dll
0x00007ff8f2390000 - 0x00007ff8f2528000 	C:\Windows\System32\gdi32full.dll
0x00007ff8f2290000 - 0x00007ff8f232e000 	C:\Windows\System32\msvcp_win.dll
0x00007ff8c5530000 - 0x00007ff8c554b000 	C:\Program Files\Java\jdk-17\bin\VCRUNTIME140.dll
0x00007ff8e3670000 - 0x00007ff8e38f4000 	C:\Windows\WinSxS\amd64_microsoft.windows.common-controls_6595b64144ccf1df_6.0.18362.1556_none_9e7e372fe45e41d5\COMCTL32.dll
0x00007ff8f4180000 - 0x00007ff8f44b6000 	C:\Windows\System32\combase.dll
0x00007ff8e6ed0000 - 0x00007ff8e6eda000 	C:\Windows\SYSTEM32\VERSION.dll
0x00007ff8f25e0000 - 0x00007ff8f2661000 	C:\Windows\System32\bcryptPrimitives.dll
0x00007ff8f2c60000 - 0x00007ff8f2c8e000 	C:\Windows\System32\IMM32.DLL
0x00007ff8dcd90000 - 0x00007ff8dcd9c000 	C:\Program Files\Java\jdk-17\bin\vcruntime140_1.dll
0x00007ff8ac640000 - 0x00007ff8ac6ce000 	C:\Program Files\Java\jdk-17\bin\msvcp140.dll
0x00007ff8905c0000 - 0x00007ff8911a0000 	C:\Program Files\Java\jdk-17\bin\server\jvm.dll
0x00007ff8f29b0000 - 0x00007ff8f29b8000 	C:\Windows\System32\PSAPI.DLL
0x00007ff8ef450000 - 0x00007ff8ef474000 	C:\Windows\SYSTEM32\WINMM.dll
0x00007ff8daa30000 - 0x00007ff8daa39000 	C:\Windows\SYSTEM32\WSOCK32.dll
0x00007ff8f2c90000 - 0x00007ff8f2cff000 	C:\Windows\System32\WS2_32.dll
0x00007ff8ef420000 - 0x00007ff8ef44d000 	C:\Windows\SYSTEM32\winmmbase.dll
0x00007ff8f15b0000 - 0x00007ff8f15fa000 	C:\Windows\System32\cfgmgr32.dll
0x00007ff8f1500000 - 0x00007ff8f1511000 	C:\Windows\System32\kernel.appcore.dll
0x00007ff8da350000 - 0x00007ff8da35a000 	C:\Program Files\Java\jdk-17\bin\jimage.dll
0x00007ff8e24a0000 - 0x00007ff8e2694000 	C:\Windows\SYSTEM32\DBGHELP.DLL
0x00007ff8dfd60000 - 0x00007ff8dfd8a000 	C:\Windows\SYSTEM32\dbgcore.DLL
0x00007ff8daf90000 - 0x00007ff8daf9e000 	C:\Program Files\Java\jdk-17\bin\instrument.dll
0x00007ff8b18c0000 - 0x00007ff8b18e5000 	C:\Program Files\Java\jdk-17\bin\java.dll
0x00007ff8ac310000 - 0x00007ff8ac3e7000 	C:\Program Files\Java\jdk-17\bin\jsvml.dll
0x00007ff8f3560000 - 0x00007ff8f3c47000 	C:\Windows\System32\SHELL32.dll
0x00007ff8f4550000 - 0x00007ff8f45f8000 	C:\Windows\System32\shcore.dll
0x00007ff8f1700000 - 0x00007ff8f1e7b000 	C:\Windows\System32\windows.storage.dll
0x00007ff8f1520000 - 0x00007ff8f153e000 	C:\Windows\System32\profapi.dll
0x00007ff8f1540000 - 0x00007ff8f158a000 	C:\Windows\System32\powrprof.dll
0x00007ff8f14f0000 - 0x00007ff8f1500000 	C:\Windows\System32\UMPDC.dll
0x00007ff8f44c0000 - 0x00007ff8f4512000 	C:\Windows\System32\shlwapi.dll
0x00007ff8f26d0000 - 0x00007ff8f26e7000 	C:\Windows\System32\cryptsp.dll
0x00007ff8c5510000 - 0x00007ff8c5528000 	C:\Program Files\Java\jdk-17\bin\zip.dll
0x00007ff8c4dd0000 - 0x00007ff8c4de9000 	C:\Program Files\Java\jdk-17\bin\net.dll
0x00007ff8ea080000 - 0x00007ff8ea17a000 	C:\Windows\SYSTEM32\WINHTTP.dll
0x00007ff8f0cd0000 - 0x00007ff8f0d37000 	C:\Windows\system32\mswsock.dll
0x00007ff8ae8b0000 - 0x00007ff8ae8c6000 	C:\Program Files\Java\jdk-17\bin\nio.dll
0x00007ff8d4010000 - 0x00007ff8d4020000 	C:\Program Files\Java\jdk-17\bin\verify.dll
0x00007ff8b1b00000 - 0x00007ff8b1b27000 	C:\Users\admin\.gradle\native\1def1411415f61bf3af743bc5b6707747c0891f09f0c88961ee8f79bc544acac\windows-amd64\native-platform.dll
0x00007ff8b1a80000 - 0x00007ff8b1af8000 	C:\Users\admin\.gradle\native\0.2.7\x86_64-windows-gnu\gradle-fileevents.dll
0x00007ff8c7400000 - 0x00007ff8c740a000 	C:\Program Files\Java\jdk-17\bin\management.dll
0x00007ff8c5310000 - 0x00007ff8c531b000 	C:\Program Files\Java\jdk-17\bin\management_ext.dll
0x00007ff8f09e0000 - 0x00007ff8f0a1a000 	C:\Windows\SYSTEM32\IPHLPAPI.DLL
0x00007ff8f2d90000 - 0x00007ff8f2d98000 	C:\Windows\System32\NSI.dll
0x00007ff8ebf50000 - 0x00007ff8ebf66000 	C:\Windows\SYSTEM32\dhcpcsvc6.DLL
0x00007ff8ebe80000 - 0x00007ff8ebe9c000 	C:\Windows\SYSTEM32\dhcpcsvc.DLL
0x00007ff8f0a20000 - 0x00007ff8f0aeb000 	C:\Windows\SYSTEM32\DNSAPI.dll
0x00007ff8f0850000 - 0x00007ff8f0883000 	C:\Windows\system32\rsaenh.dll
0x00007ff8f26a0000 - 0x00007ff8f26c6000 	C:\Windows\System32\bcrypt.dll
0x00007ff8f1410000 - 0x00007ff8f1435000 	C:\Windows\SYSTEM32\USERENV.dll
0x00007ff8f0ea0000 - 0x00007ff8f0eac000 	C:\Windows\SYSTEM32\CRYPTBASE.dll
0x00007ff8daa90000 - 0x00007ff8daa9e000 	C:\Program Files\Java\jdk-17\bin\sunmscapi.dll
0x00007ff8f2130000 - 0x00007ff8f2281000 	C:\Windows\System32\CRYPT32.dll
0x00007ff8f1590000 - 0x00007ff8f15a2000 	C:\Windows\System32\MSASN1.dll
0x00007ff8f0fb0000 - 0x00007ff8f0fd6000 	C:\Windows\SYSTEM32\ncrypt.dll
0x00007ff8f0f70000 - 0x00007ff8f0fab000 	C:\Windows\SYSTEM32\NTASN1.dll
0x00007ff8d44a0000 - 0x00007ff8d44a7000 	C:\Windows\system32\wshunix.dll
0x00007ff8de1f0000 - 0x00007ff8de206000 	C:\Windows\system32\napinsp.dll
0x00007ff8de0f0000 - 0x00007ff8de10a000 	C:\Windows\system32\pnrpnsp.dll
0x00007ff8de0e0000 - 0x00007ff8de0ee000 	C:\Windows\System32\winrnr.dll
0x00007ff8edb90000 - 0x00007ff8edbac000 	C:\Windows\system32\NLAapi.dll
0x00007ff8de0c0000 - 0x00007ff8de0d5000 	C:\Windows\system32\wshbth.dll
0x00007ff8e6ea0000 - 0x00007ff8e6eaa000 	C:\Windows\System32\rasadhlp.dll
0x00007ff8eb180000 - 0x00007ff8eb1f7000 	C:\Windows\System32\fwpuclnt.dll

dbghelp: loaded successfully - version: 4.0.5 - missing functions: none
symbol engine: initialized successfully - sym options: 0x614 - pdb path: .;C:\Program Files\Java\jdk-17\bin;C:\Windows\SYSTEM32;C:\Windows\WinSxS\amd64_microsoft.windows.common-controls_6595b64144ccf1df_6.0.18362.1556_none_9e7e372fe45e41d5;C:\Program Files\Java\jdk-17\bin\server;C:\Users\admin\.gradle\native\1def1411415f61bf3af743bc5b6707747c0891f09f0c88961ee8f79bc544acac\windows-amd64;C:\Users\admin\.gradle\native\0.2.7\x86_64-windows-gnu

VM Arguments:
jvm_args: --add-opens=java.base/java.lang=ALL-UNNAMED --add-opens=java.base/java.lang.invoke=ALL-UNNAMED --add-opens=java.base/java.util=ALL-UNNAMED --add-opens=java.prefs/java.util.prefs=ALL-UNNAMED --add-exports=jdk.compiler/com.sun.tools.javac.api=ALL-UNNAMED --add-exports=jdk.compiler/com.sun.tools.javac.util=ALL-UNNAMED --add-opens=java.base/java.util=ALL-UNNAMED --add-opens=java.prefs/java.util.prefs=ALL-UNNAMED --add-opens=java.base/java.nio.charset=ALL-UNNAMED --add-opens=java.base/java.net=ALL-UNNAMED --add-opens=java.base/java.util.concurrent.atomic=ALL-UNNAMED --add-opens=java.xml/javax.xml.namespace=ALL-UNNAMED -XX:MaxMetaspaceSize=512m -XX:+HeapDumpOnOutOfMemoryError -Xmx2048m -Dfile.encoding=UTF-8 -Duser.country=US -Duser.language=en -Duser.variant -javaagent:C:\Users\admin\.gradle\wrapper\dists\gradle-8.14-all\c2qonpi39x1mddn7hk5gh9iqj\gradle-8.14\lib\agents\gradle-instrumentation-agent-8.14.jar 
java_command: org.gradle.launcher.daemon.bootstrap.GradleDaemon 8.14
java_class_path (initial): C:\Users\admin\.gradle\wrapper\dists\gradle-8.14-all\c2qonpi39x1mddn7hk5gh9iqj\gradle-8.14\lib\gradle-daemon-main-8.14.jar
Launcher Type: SUN_STANDARD

[Global flags]
     intx CICompilerCount                          = 3                                         {product} {ergonomic}
   size_t CompressedClassSpaceSize                 = 436207616                                 {product} {ergonomic}
     uint ConcGCThreads                            = 1                                         {product} {ergonomic}
     uint G1ConcRefinementThreads                  = 4                                         {product} {ergonomic}
   size_t G1HeapRegionSize                         = 1048576                                   {product} {ergonomic}
    uintx GCDrainStackTargetSize                   = 64                                        {product} {ergonomic}
     bool HeapDumpOnOutOfMemoryError               = true                                   {manageable} {command line}
   size_t InitialHeapSize                          = 134217728                                 {product} {ergonomic}
   size_t MarkStackSize                            = 4194304                                   {product} {ergonomic}
   size_t MaxHeapSize                              = 2147483648                                {product} {command line}
   size_t MaxMetaspaceSize                         = 536870912                                 {product} {command line}
   size_t MaxNewSize                               = 1287651328                                {product} {ergonomic}
   size_t MinHeapDeltaBytes                        = 1048576                                   {product} {ergonomic}
   size_t MinHeapSize                              = 8388608                                   {product} {ergonomic}
    uintx NonNMethodCodeHeapSize                   = 5832780                                {pd product} {ergonomic}
    uintx NonProfiledCodeHeapSize                  = 122912730                              {pd product} {ergonomic}
    uintx ProfiledCodeHeapSize                     = 122912730                              {pd product} {ergonomic}
    uintx ReservedCodeCacheSize                    = 251658240                              {pd product} {ergonomic}
     bool SegmentedCodeCache                       = true                                      {product} {ergonomic}
   size_t SoftMaxHeapSize                          = 2147483648                             {manageable} {ergonomic}
     bool UseCompressedClassPointers               = true                           {product lp64_product} {ergonomic}
     bool UseCompressedOops                        = true                           {product lp64_product} {ergonomic}
     bool UseG1GC                                  = true                                      {product} {ergonomic}
     bool UseLargePagesIndividualAllocation        = false                                  {pd product} {ergonomic}

Logging:
Log output configuration:
 #0: stdout all=warning uptime,level,tags
 #1: stderr all=off uptime,level,tags

Environment Variables:
JAVA_HOME=C:\Program Files\Java\jdk-17
PATH=C:\Python314\Scripts\;C:\Python314\;C:\Windows\system32;C:\Windows;C:\Windows\System32\Wbem;C:\Windows\System32\WindowsPowerShell\v1.0\;C:\Windows\System32\OpenSSH\;C:\Program Files (x86)\Microsoft SQL Server\170\Tools\Binn\;C:\Program Files\Microsoft SQL Server\170\Tools\Binn\;C:\Program Files\Microsoft SQL Server\Client SDK\ODBC\180\Tools\Binn\;C:\Program Files\Microsoft SQL Server\170\DTS\Binn\;C:\Program Files\nodejs\;C:\ProgramData\chocolatey\bin;C:\Program Files\dotnet\;C:\Program Files\MySQL\MySQL Server 9.6\bin;C:\Program Files\Git\cmd;C:\Program Files\Java\jdk-17\bin;C:\Program Files\Common Files\Oracle\Java\javapath;C:\Program Files\Java\jdk-17\bin;C:\Users\admin\Downloads\Release-26.02.0-0\poppler-26.02.0\Library\bin;D:\program Files\cursor\resources\app\bin;C:\Users\admin\AppData\Local\Microsoft\WindowsApps;d:\Users\admin\AppData\Local\Programs\Microsoft VS Code\bin;C:\Users\admin\AppData\Roaming\npm;C:\Users\admin\.dotnet\tools;C:\flutter\bin;C:\Users\admin\AppData\Local\Programs\Antigravity\bin
USERNAME=admin
OS=Windows_NT
PROCESSOR_IDENTIFIER=Intel64 Family 6 Model 58 Stepping 9, GenuineIntel



---------------  S Y S T E M  ---------------

OS:
 Windows 10 , 64 bit Build 18362 (10.0.18362.1500)
OS uptime: 0 days 0:47 hours

CPU: total 4 (initial active 4) (4 cores per cpu, 1 threads per core) family 6 model 58 stepping 9 microcode 0x20, cx8, cmov, fxsr, mmx, sse, sse2, sse3, ssse3, sse4.1, sse4.2, popcnt, tsc, tscinvbit, avx, aes, erms, clmul, vzeroupper, clflush

Memory: 4k page, system-wide physical 8079M (846M free)
TotalPageFile size 15220M (AvailPageFile size 122M)
current process WorkingSet (physical memory assigned to process): 643M, peak: 648M
current process commit charge ("private bytes"): 680M, peak: 807M

vm_info: Java HotSpot(TM) 64-Bit Server VM (17.0.12+8-LTS-286) for windows-amd64 JRE (17.0.12+8-LTS-286), built on Jun  5 2024 06:46:59 by "mach5one" with MS VC++ 17.6 (VS2022)

END.
