#
# There is insufficient memory for the Java Runtime Environment to continue.
# Native memory allocation (malloc) failed to allocate 265616 bytes. Error detail: Chunk::new
# Possible reasons:
#   The system is out of physical RAM or swap space
#   This process is running with CompressedOops enabled, and the Java Heap may be blocking the growth of the native heap
# Possible solutions:
#   Reduce memory load on the system
#   Increase physical memory or swap space
#   Check if swap backing store is full
#   Decrease Java heap size (-Xmx/-Xms)
#   Decrease number of Java threads
#   Decrease Java thread stack sizes (-Xss)
#   Set larger code cache with -XX:ReservedCodeCacheSize=
#   JVM is running with Unscaled Compressed Oops mode in which the Java heap is
#     placed in the first 4GB address space. The Java Heap base address is the
#     maximum limit for the native heap growth. Please use -XX:HeapBaseMinAddress
#     to set the Java Heap base and to place the Java Heap above 4GB virtual address.
# This output file may be truncated or incomplete.
#
#  Out of Memory Error (arena.cpp:168), pid=9608, tid=9144
#
# JRE version: OpenJDK Runtime Environment Temurin-21.0.10+7 (21.0.10+7) (build 21.0.10+7-LTS)
# Java VM: OpenJDK 64-Bit Server VM Temurin-21.0.10+7 (21.0.10+7-LTS, mixed mode, sharing, tiered, compressed oops, compressed class ptrs, g1 gc, windows-amd64)
# No core dump will be written. Minidumps are not enabled by default on client versions of Windows
#

---------------  S U M M A R Y ------------

Command Line: --add-opens=java.base/java.util=ALL-UNNAMED --add-opens=java.base/java.lang=ALL-UNNAMED --add-opens=java.base/java.lang.invoke=ALL-UNNAMED --add-opens=java.prefs/java.util.prefs=ALL-UNNAMED --add-exports=jdk.compiler/com.sun.tools.javac.api=ALL-UNNAMED --add-exports=jdk.compiler/com.sun.tools.javac.util=ALL-UNNAMED --add-opens=java.base/java.nio.charset=ALL-UNNAMED --add-opens=java.base/java.net=ALL-UNNAMED --add-opens=java.base/java.util.concurrent.atomic=ALL-UNNAMED -XX:MaxMetaspaceSize=384m -XX:+HeapDumpOnOutOfMemoryError -Xms256m -Xmx512m -Dfile.encoding=utf8 -Duser.country=US -Duser.language=en -Duser.variant -javaagent:C:\Users\admin\.gradle\wrapper\dists\gradle-8.9-bin\90cnw93cvbtalezasaz0blq0a\gradle-8.9\lib\agents\gradle-instrumentation-agent-8.9.jar org.gradle.launcher.daemon.bootstrap.GradleDaemon 8.9

Host: Intel(R) Core(TM) i5-3470S CPU @ 2.90GHz, 4 cores, 7G,  Windows 10 , 64 bit Build 18362 (10.0.18362.1500)
Time: Sat May 30 17:53:40 2026 India Standard Time elapsed time: 11.620373 seconds (0d 0h 0m 11s)

---------------  T H R E A D  ---------------

Current thread (0x000001c46eb801c0):  JavaThread "C2 CompilerThread0" daemon [_thread_in_native, id=9144, stack(0x0000004ca1200000,0x0000004ca1300000) (1024K)]


Current CompileTask:
C2:11620 4734       4       java.lang.PublicMethods::merge (81 bytes)

Stack: [0x0000004ca1200000,0x0000004ca1300000]
Native frames: (J=compiled Java code, j=interpreted, Vv=VM code, C=native code)
V  [jvm.dll+0x6d7a39]
V  [jvm.dll+0x8b4b26]
V  [jvm.dll+0x8b70de]
V  [jvm.dll+0x8b77c3]
V  [jvm.dll+0x284346]
V  [jvm.dll+0xc66ed]
V  [jvm.dll+0xc6c31]
V  [jvm.dll+0x2fb29e]
V  [jvm.dll+0x5fe884]
V  [jvm.dll+0x255b17]
V  [jvm.dll+0x24e12a]
V  [jvm.dll+0x24ba42]
V  [jvm.dll+0x1cb34e]
V  [jvm.dll+0x25b85d]
V  [jvm.dll+0x259dea]
V  [jvm.dll+0x3f857e]
V  [jvm.dll+0x85f59d]
V  [jvm.dll+0x6d626d]
C  [ucrtbase.dll+0x210b2]
C  [KERNEL32.DLL+0x17c24]
C  [ntdll.dll+0x6d721]


---------------  P R O C E S S  ---------------

Threads class SMR info:
_java_thread_list=0x000001c475486e50, length=37, elements={
0x000001c459a4d210, 0x000001c46eb782b0, 0x000001c46eb79380, 0x000001c46eb7d510,
0x000001c46eb7df70, 0x000001c46eb7e9d0, 0x000001c46eb7f430, 0x000001c46eb801c0,
0x000001c46eb81c70, 0x000001c46eda2fb0, 0x000001c46ee14c50, 0x000001c474627ef0,
0x000001c474664a90, 0x000001c474a31df0, 0x000001c474a25c50, 0x000001c474a262c0,
0x000001c47476b7e0, 0x000001c4748a4260, 0x000001c4747b47c0, 0x000001c4747b6200,
0x000001c4747b3aa0, 0x000001c4747b54e0, 0x000001c4747b4130, 0x000001c4747b5b70,
0x000001c4747b4e50, 0x000001c4747b6f20, 0x000001c474f3fd30, 0x000001c474f3e2f0,
0x000001c474f3ae70, 0x000001c474f39430, 0x000001c474f3e980, 0x000001c474f403c0,
0x000001c474f40a50, 0x000001c474f39ac0, 0x000001c4768f98f0, 0x000001c474f3bb90,
0x000001c474f3c220
}

Java Threads: ( => current thread )
  0x000001c459a4d210 JavaThread "main"                              [_thread_blocked, id=2516, stack(0x0000004ca0400000,0x0000004ca0500000) (1024K)]
  0x000001c46eb782b0 JavaThread "Reference Handler"          daemon [_thread_blocked, id=5508, stack(0x0000004ca0c00000,0x0000004ca0d00000) (1024K)]
  0x000001c46eb79380 JavaThread "Finalizer"                  daemon [_thread_blocked, id=9416, stack(0x0000004ca0d00000,0x0000004ca0e00000) (1024K)]
  0x000001c46eb7d510 JavaThread "Signal Dispatcher"          daemon [_thread_blocked, id=8392, stack(0x0000004ca0e00000,0x0000004ca0f00000) (1024K)]
  0x000001c46eb7df70 JavaThread "Attach Listener"            daemon [_thread_blocked, id=6296, stack(0x0000004ca0f00000,0x0000004ca1000000) (1024K)]
  0x000001c46eb7e9d0 JavaThread "Service Thread"             daemon [_thread_blocked, id=10180, stack(0x0000004ca1000000,0x0000004ca1100000) (1024K)]
  0x000001c46eb7f430 JavaThread "Monitor Deflation Thread"   daemon [_thread_blocked, id=12820, stack(0x0000004ca1100000,0x0000004ca1200000) (1024K)]
=>0x000001c46eb801c0 JavaThread "C2 CompilerThread0"         daemon [_thread_in_native, id=9144, stack(0x0000004ca1200000,0x0000004ca1300000) (1024K)]
  0x000001c46eb81c70 JavaThread "C1 CompilerThread0"         daemon [_thread_blocked, id=1288, stack(0x0000004ca1300000,0x0000004ca1400000) (1024K)]
  0x000001c46eda2fb0 JavaThread "Common-Cleaner"             daemon [_thread_blocked, id=12792, stack(0x0000004ca1400000,0x0000004ca1500000) (1024K)]
  0x000001c46ee14c50 JavaThread "Notification Thread"        daemon [_thread_blocked, id=11732, stack(0x0000004ca1500000,0x0000004ca1600000) (1024K)]
  0x000001c474627ef0 JavaThread "Daemon health stats"               [_thread_blocked, id=11700, stack(0x0000004ca1900000,0x0000004ca1a00000) (1024K)]
  0x000001c474664a90 JavaThread "Incoming local TCP Connector on port 52002"        [_thread_in_native, id=13264, stack(0x0000004ca1b00000,0x0000004ca1c00000) (1024K)]
  0x000001c474a31df0 JavaThread "Daemon periodic checks"            [_thread_blocked, id=4268, stack(0x0000004ca1c00000,0x0000004ca1d00000) (1024K)]
  0x000001c474a25c50 JavaThread "Daemon"                            [_thread_blocked, id=11172, stack(0x0000004ca1d00000,0x0000004ca1e00000) (1024K)]
  0x000001c474a262c0 JavaThread "Handler for socket connection from /127.0.0.1:52002 to /127.0.0.1:52003"        [_thread_in_native, id=2180, stack(0x0000004ca1e00000,0x0000004ca1f00000) (1024K)]
  0x000001c47476b7e0 JavaThread "Cancel handler"                    [_thread_blocked, id=13048, stack(0x0000004ca1f00000,0x0000004ca2000000) (1024K)]
  0x000001c4748a4260 JavaThread "Daemon worker"                     [_thread_in_vm, id=12396, stack(0x0000004ca2000000,0x0000004ca2100000) (1024K)]
  0x000001c4747b47c0 JavaThread "Asynchronous log dispatcher for DefaultDaemonConnection: socket connection from /127.0.0.1:52002 to /127.0.0.1:52003"        [_thread_blocked, id=3172, stack(0x0000004ca2100000,0x0000004ca2200000) (1024K)]
  0x000001c4747b6200 JavaThread "Stdin handler"                     [_thread_blocked, id=7860, stack(0x0000004ca2200000,0x0000004ca2300000) (1024K)]
  0x000001c4747b3aa0 JavaThread "Daemon client event forwarder"        [_thread_blocked, id=10664, stack(0x0000004ca2300000,0x0000004ca2400000) (1024K)]
  0x000001c4747b54e0 JavaThread "Cache worker for journal cache (C:\Users\admin\.gradle\caches\journal-1)"        [_thread_blocked, id=10836, stack(0x0000004ca1a00000,0x0000004ca1b00000) (1024K)]
  0x000001c4747b4130 JavaThread "File lock request listener"        [_thread_in_native, id=12844, stack(0x0000004ca2400000,0x0000004ca2500000) (1024K)]
  0x000001c4747b5b70 JavaThread "Cache worker for file hash cache (C:\Users\admin\.gradle\caches\8.9\fileHashes)"        [_thread_blocked, id=568, stack(0x0000004ca2500000,0x0000004ca2600000) (1024K)]
  0x000001c4747b4e50 JavaThread "Cache worker for file hash cache (C:\Users\admin\AppData\Local\Pub\Cache\hosted\pub.dev\app_links-7.0.0\android\.gradle\8.9\fileHashes)"        [_thread_blocked, id=10064, stack(0x0000004ca2700000,0x0000004ca2800000) (1024K)]
  0x000001c4747b6f20 JavaThread "Cache worker for Build Output Cleanup Cache (C:\Users\admin\AppData\Local\Pub\Cache\hosted\pub.dev\app_links-7.0.0\android\.gradle\buildOutputCleanup)"        [_thread_blocked, id=12936, stack(0x0000004ca2800000,0x0000004ca2900000) (1024K)]
  0x000001c474f3fd30 JavaThread "File watcher server"        daemon [_thread_in_native, id=12744, stack(0x0000004ca2600000,0x0000004ca2700000) (1024K)]
  0x000001c474f3e2f0 JavaThread "File watcher consumer"      daemon [_thread_blocked, id=2668, stack(0x0000004ca2900000,0x0000004ca2a00000) (1024K)]
  0x000001c474f3ae70 JavaThread "Cache worker for checksums cache (C:\Users\admin\AppData\Local\Pub\Cache\hosted\pub.dev\app_links-7.0.0\android\.gradle\8.9\checksums)"        [_thread_blocked, id=6936, stack(0x0000004ca2a00000,0x0000004ca2b00000) (1024K)]
  0x000001c474f39430 JavaThread "Cache worker for file content cache (C:\Users\admin\.gradle\caches\8.9\fileContent)"        [_thread_blocked, id=13216, stack(0x0000004ca2b00000,0x0000004ca2c00000) (1024K)]
  0x000001c474f3e980 JavaThread "Cache worker for cache directory md-rule (C:\Users\admin\.gradle\caches\8.9\md-rule)"        [_thread_blocked, id=7976, stack(0x0000004ca2c00000,0x0000004ca2d00000) (1024K)]
  0x000001c474f403c0 JavaThread "Cache worker for cache directory md-supplier (C:\Users\admin\.gradle\caches\8.9\md-supplier)"        [_thread_blocked, id=5476, stack(0x0000004ca2d00000,0x0000004ca2e00000) (1024K)]
  0x000001c474f40a50 JavaThread "jar transforms"                    [_thread_blocked, id=11400, stack(0x0000004ca2e00000,0x0000004ca2f00000) (1024K)]
  0x000001c474f39ac0 JavaThread "jar transforms Thread 2"           [_thread_blocked, id=692, stack(0x0000004ca2f00000,0x0000004ca3000000) (1024K)]
  0x000001c4768f98f0 JavaThread "C2 CompilerThread1"         daemon [_thread_blocked, id=10812, stack(0x0000004ca3000000,0x0000004ca3100000) (1024K)]
  0x000001c474f3bb90 JavaThread "jar transforms Thread 3"           [_thread_blocked, id=12668, stack(0x0000004ca3100000,0x0000004ca3200000) (1024K)]
  0x000001c474f3c220 JavaThread "jar transforms Thread 4"           [_thread_blocked, id=6540, stack(0x0000004ca3200000,0x0000004ca3300000) (1024K)]
Total: 37

Other Threads:
  0x000001c46eb5baf0 VMThread "VM Thread"                           [id=12852, stack(0x0000004ca0b00000,0x0000004ca0c00000) (1024K)]
  0x000001c46eb4a900 WatcherThread "VM Periodic Task Thread"        [id=12556, stack(0x0000004ca0a00000,0x0000004ca0b00000) (1024K)]
  0x000001c459a75650 WorkerThread "GC Thread#0"                     [id=9352, stack(0x0000004ca0500000,0x0000004ca0600000) (1024K)]
  0x000001c46ef03f20 WorkerThread "GC Thread#1"                     [id=11980, stack(0x0000004ca1600000,0x0000004ca1700000) (1024K)]
  0x000001c46ef042d0 WorkerThread "GC Thread#2"                     [id=11396, stack(0x0000004ca1700000,0x0000004ca1800000) (1024K)]
  0x000001c46ef04680 WorkerThread "GC Thread#3"                     [id=12908, stack(0x0000004ca1800000,0x0000004ca1900000) (1024K)]
  0x000001c459a7a550 ConcurrentGCThread "G1 Main Marker"            [id=1880, stack(0x0000004ca0600000,0x0000004ca0700000) (1024K)]
  0x000001c459a7af70 WorkerThread "G1 Conc#0"                       [id=1908, stack(0x0000004ca0700000,0x0000004ca0800000) (1024K)]
  0x000001c46ea1c590 ConcurrentGCThread "G1 Refine#0"               [id=12776, stack(0x0000004ca0800000,0x0000004ca0900000) (1024K)]
  0x000001c46ea1cdc0 ConcurrentGCThread "G1 Service"                [id=13208, stack(0x0000004ca0900000,0x0000004ca0a00000) (1024K)]
Total: 10

Threads with active compile tasks:
C2 CompilerThread0  11657 4734       4       java.lang.PublicMethods::merge (81 bytes)
Total: 1

VM state: not at safepoint (normal execution)

VM Mutex/Monitor currently owned by a thread: None

Heap address: 0x00000000e0000000, size: 512 MB, Compressed Oops mode: 32-bit

CDS archive(s) mapped at: [0x000001c400000000-0x000001c400ba0000-0x000001c400ba0000), size 12189696, SharedBaseAddress: 0x000001c400000000, ArchiveRelocationMode: 1.
Compressed class space mapped at: 0x000001c401000000-0x000001c415000000, reserved size: 335544320
Narrow klass base: 0x000001c400000000, Narrow klass shift: 0, Narrow klass range: 0x100000000

GC Precious Log:
 CardTable entry size: 512
 Card Set container configuration: InlinePtr #cards 5 size 8 Array Of Cards #cards 12 size 40 Howl #buckets 4 coarsen threshold 1843 Howl Bitmap #cards 512 size 80 coarsen threshold 460 Card regions per heap region 1 cards per card region 2048
 CPUs: 4 total, 4 available
 Memory: 8079M
 Large Page Support: Disabled
 NUMA Support: Disabled
 Compressed Oops: Enabled (32-bit)
 Heap Region Size: 1M
 Heap Min Capacity: 256M
 Heap Initial Capacity: 256M
 Heap Max Capacity: 512M
 Pre-touch: Disabled
 Parallel Workers: 4
 Concurrent Workers: 1
 Concurrent Refinement Workers: 4
 Periodic GC: Disabled

Heap:
 garbage-first heap   total 262144K, used 90015K [0x00000000e0000000, 0x0000000100000000)
  region size 1024K, 60 young (61440K), 7 survivors (7168K)
 Metaspace       used 38860K, committed 40192K, reserved 393216K
  class space    used 5651K, committed 6272K, reserved 327680K

Heap Regions: E=young(eden), S=young(survivor), O=old, HS=humongous(starts), HC=humongous(continues), CS=collection set, F=free, TAMS=top-at-mark-start, PB=parsable bottom
|   0|0x00000000e0000000, 0x00000000e0100000, 0x00000000e0100000|100%|HS|  |TAMS 0x00000000e0000000| PB 0x00000000e0000000| Complete 
|   1|0x00000000e0100000, 0x00000000e0200000, 0x00000000e0200000|100%|HC|  |TAMS 0x00000000e0100000| PB 0x00000000e0100000| Complete 
|   2|0x00000000e0200000, 0x00000000e0300000, 0x00000000e0300000|100%|HC|  |TAMS 0x00000000e0200000| PB 0x00000000e0200000| Complete 
|   3|0x00000000e0300000, 0x00000000e0400000, 0x00000000e0400000|100%|HC|  |TAMS 0x00000000e0300000| PB 0x00000000e0300000| Complete 
|   4|0x00000000e0400000, 0x00000000e0500000, 0x00000000e0500000|100%| O|  |TAMS 0x00000000e0400000| PB 0x00000000e0400000| Untracked 
|   5|0x00000000e0500000, 0x00000000e0600000, 0x00000000e0600000|100%| O|  |TAMS 0x00000000e0500000| PB 0x00000000e0500000| Untracked 
|   6|0x00000000e0600000, 0x00000000e0700000, 0x00000000e0700000|100%| O|  |TAMS 0x00000000e0600000| PB 0x00000000e0600000| Untracked 
|   7|0x00000000e0700000, 0x00000000e0800000, 0x00000000e0800000|100%| O|  |TAMS 0x00000000e0700000| PB 0x00000000e0700000| Untracked 
|   8|0x00000000e0800000, 0x00000000e0900000, 0x00000000e0900000|100%|HS|  |TAMS 0x00000000e0800000| PB 0x00000000e0800000| Complete 
|   9|0x00000000e0900000, 0x00000000e0a00000, 0x00000000e0a00000|100%| O|  |TAMS 0x00000000e0900000| PB 0x00000000e0900000| Untracked 
|  10|0x00000000e0a00000, 0x00000000e0b00000, 0x00000000e0b00000|100%| O|  |TAMS 0x00000000e0a00000| PB 0x00000000e0a00000| Untracked 
|  11|0x00000000e0b00000, 0x00000000e0c00000, 0x00000000e0c00000|100%| O|  |TAMS 0x00000000e0b00000| PB 0x00000000e0b00000| Untracked 
|  12|0x00000000e0c00000, 0x00000000e0d00000, 0x00000000e0d00000|100%| O|  |TAMS 0x00000000e0c00000| PB 0x00000000e0c00000| Untracked 
|  13|0x00000000e0d00000, 0x00000000e0e00000, 0x00000000e0e00000|100%| O|  |TAMS 0x00000000e0d00000| PB 0x00000000e0d00000| Untracked 
|  14|0x00000000e0e00000, 0x00000000e0f00000, 0x00000000e0f00000|100%| O|  |TAMS 0x00000000e0e00000| PB 0x00000000e0e00000| Untracked 
|  15|0x00000000e0f00000, 0x00000000e1000000, 0x00000000e1000000|100%| O|  |TAMS 0x00000000e0f00000| PB 0x00000000e0f00000| Untracked 
|  16|0x00000000e1000000, 0x00000000e1100000, 0x00000000e1100000|100%| O|  |TAMS 0x00000000e1000000| PB 0x00000000e1000000| Untracked 
|  17|0x00000000e1100000, 0x00000000e1200000, 0x00000000e1200000|100%| O|  |TAMS 0x00000000e1100000| PB 0x00000000e1100000| Untracked 
|  18|0x00000000e1200000, 0x00000000e1300000, 0x00000000e1300000|100%| O|  |TAMS 0x00000000e1200000| PB 0x00000000e1200000| Untracked 
|  19|0x00000000e1300000, 0x00000000e1400000, 0x00000000e1400000|100%| O|  |TAMS 0x00000000e1300000| PB 0x00000000e1300000| Untracked 
|  20|0x00000000e1400000, 0x00000000e1500000, 0x00000000e1500000|100%| O|  |TAMS 0x00000000e1400000| PB 0x00000000e1400000| Untracked 
|  21|0x00000000e1500000, 0x00000000e1600000, 0x00000000e1600000|100%| O|  |TAMS 0x00000000e1500000| PB 0x00000000e1500000| Untracked 
|  22|0x00000000e1600000, 0x00000000e1700000, 0x00000000e1700000|100%| O|  |TAMS 0x00000000e1600000| PB 0x00000000e1600000| Untracked 
|  23|0x00000000e1700000, 0x00000000e17e7e00, 0x00000000e1800000| 90%| O|  |TAMS 0x00000000e1700000| PB 0x00000000e1700000| Untracked 
|  24|0x00000000e1800000, 0x00000000e1900000, 0x00000000e1900000|100%|HS|  |TAMS 0x00000000e1800000| PB 0x00000000e1800000| Complete 
|  25|0x00000000e1900000, 0x00000000e1a00000, 0x00000000e1a00000|100%|HS|  |TAMS 0x00000000e1900000| PB 0x00000000e1900000| Complete 
|  26|0x00000000e1a00000, 0x00000000e1b00000, 0x00000000e1b00000|100%|HC|  |TAMS 0x00000000e1a00000| PB 0x00000000e1a00000| Complete 
|  27|0x00000000e1b00000, 0x00000000e1c00000, 0x00000000e1c00000|100%|HS|  |TAMS 0x00000000e1b00000| PB 0x00000000e1b00000| Complete 
|  28|0x00000000e1c00000, 0x00000000e1d00000, 0x00000000e1d00000|100%|HC|  |TAMS 0x00000000e1c00000| PB 0x00000000e1c00000| Complete 
|  29|0x00000000e1d00000, 0x00000000e1d00000, 0x00000000e1e00000|  0%| F|  |TAMS 0x00000000e1d00000| PB 0x00000000e1d00000| Untracked 
|  30|0x00000000e1e00000, 0x00000000e1e00000, 0x00000000e1f00000|  0%| F|  |TAMS 0x00000000e1e00000| PB 0x00000000e1e00000| Untracked 
|  31|0x00000000e1f00000, 0x00000000e1f00000, 0x00000000e2000000|  0%| F|  |TAMS 0x00000000e1f00000| PB 0x00000000e1f00000| Untracked 
|  32|0x00000000e2000000, 0x00000000e2000000, 0x00000000e2100000|  0%| F|  |TAMS 0x00000000e2000000| PB 0x00000000e2000000| Untracked 
|  33|0x00000000e2100000, 0x00000000e2100000, 0x00000000e2200000|  0%| F|  |TAMS 0x00000000e2100000| PB 0x00000000e2100000| Untracked 
|  34|0x00000000e2200000, 0x00000000e2200000, 0x00000000e2300000|  0%| F|  |TAMS 0x00000000e2200000| PB 0x00000000e2200000| Untracked 
|  35|0x00000000e2300000, 0x00000000e2300000, 0x00000000e2400000|  0%| F|  |TAMS 0x00000000e2300000| PB 0x00000000e2300000| Untracked 
|  36|0x00000000e2400000, 0x00000000e2400000, 0x00000000e2500000|  0%| F|  |TAMS 0x00000000e2400000| PB 0x00000000e2400000| Untracked 
|  37|0x00000000e2500000, 0x00000000e2500000, 0x00000000e2600000|  0%| F|  |TAMS 0x00000000e2500000| PB 0x00000000e2500000| Untracked 
|  38|0x00000000e2600000, 0x00000000e2600000, 0x00000000e2700000|  0%| F|  |TAMS 0x00000000e2600000| PB 0x00000000e2600000| Untracked 
|  39|0x00000000e2700000, 0x00000000e2700000, 0x00000000e2800000|  0%| F|  |TAMS 0x00000000e2700000| PB 0x00000000e2700000| Untracked 
|  40|0x00000000e2800000, 0x00000000e2800000, 0x00000000e2900000|  0%| F|  |TAMS 0x00000000e2800000| PB 0x00000000e2800000| Untracked 
|  41|0x00000000e2900000, 0x00000000e2900000, 0x00000000e2a00000|  0%| F|  |TAMS 0x00000000e2900000| PB 0x00000000e2900000| Untracked 
|  42|0x00000000e2a00000, 0x00000000e2a00000, 0x00000000e2b00000|  0%| F|  |TAMS 0x00000000e2a00000| PB 0x00000000e2a00000| Untracked 
|  43|0x00000000e2b00000, 0x00000000e2b00000, 0x00000000e2c00000|  0%| F|  |TAMS 0x00000000e2b00000| PB 0x00000000e2b00000| Untracked 
|  44|0x00000000e2c00000, 0x00000000e2c00000, 0x00000000e2d00000|  0%| F|  |TAMS 0x00000000e2c00000| PB 0x00000000e2c00000| Untracked 
|  45|0x00000000e2d00000, 0x00000000e2d00000, 0x00000000e2e00000|  0%| F|  |TAMS 0x00000000e2d00000| PB 0x00000000e2d00000| Untracked 
|  46|0x00000000e2e00000, 0x00000000e2e00000, 0x00000000e2f00000|  0%| F|  |TAMS 0x00000000e2e00000| PB 0x00000000e2e00000| Untracked 
|  47|0x00000000e2f00000, 0x00000000e2f00000, 0x00000000e3000000|  0%| F|  |TAMS 0x00000000e2f00000| PB 0x00000000e2f00000| Untracked 
|  48|0x00000000e3000000, 0x00000000e3000000, 0x00000000e3100000|  0%| F|  |TAMS 0x00000000e3000000| PB 0x00000000e3000000| Untracked 
|  49|0x00000000e3100000, 0x00000000e3100000, 0x00000000e3200000|  0%| F|  |TAMS 0x00000000e3100000| PB 0x00000000e3100000| Untracked 
|  50|0x00000000e3200000, 0x00000000e3200000, 0x00000000e3300000|  0%| F|  |TAMS 0x00000000e3200000| PB 0x00000000e3200000| Untracked 
|  51|0x00000000e3300000, 0x00000000e3300000, 0x00000000e3400000|  0%| F|  |TAMS 0x00000000e3300000| PB 0x00000000e3300000| Untracked 
|  52|0x00000000e3400000, 0x00000000e3400000, 0x00000000e3500000|  0%| F|  |TAMS 0x00000000e3400000| PB 0x00000000e3400000| Untracked 
|  53|0x00000000e3500000, 0x00000000e3500000, 0x00000000e3600000|  0%| F|  |TAMS 0x00000000e3500000| PB 0x00000000e3500000| Untracked 
|  54|0x00000000e3600000, 0x00000000e3600000, 0x00000000e3700000|  0%| F|  |TAMS 0x00000000e3600000| PB 0x00000000e3600000| Untracked 
|  55|0x00000000e3700000, 0x00000000e3700000, 0x00000000e3800000|  0%| F|  |TAMS 0x00000000e3700000| PB 0x00000000e3700000| Untracked 
|  56|0x00000000e3800000, 0x00000000e3800000, 0x00000000e3900000|  0%| F|  |TAMS 0x00000000e3800000| PB 0x00000000e3800000| Untracked 
|  57|0x00000000e3900000, 0x00000000e3900000, 0x00000000e3a00000|  0%| F|  |TAMS 0x00000000e3900000| PB 0x00000000e3900000| Untracked 
|  58|0x00000000e3a00000, 0x00000000e3a00000, 0x00000000e3b00000|  0%| F|  |TAMS 0x00000000e3a00000| PB 0x00000000e3a00000| Untracked 
|  59|0x00000000e3b00000, 0x00000000e3b00000, 0x00000000e3c00000|  0%| F|  |TAMS 0x00000000e3b00000| PB 0x00000000e3b00000| Untracked 
|  60|0x00000000e3c00000, 0x00000000e3c00000, 0x00000000e3d00000|  0%| F|  |TAMS 0x00000000e3c00000| PB 0x00000000e3c00000| Untracked 
|  61|0x00000000e3d00000, 0x00000000e3d00000, 0x00000000e3e00000|  0%| F|  |TAMS 0x00000000e3d00000| PB 0x00000000e3d00000| Untracked 
|  62|0x00000000e3e00000, 0x00000000e3e00000, 0x00000000e3f00000|  0%| F|  |TAMS 0x00000000e3e00000| PB 0x00000000e3e00000| Untracked 
|  63|0x00000000e3f00000, 0x00000000e3f00000, 0x00000000e4000000|  0%| F|  |TAMS 0x00000000e3f00000| PB 0x00000000e3f00000| Untracked 
|  64|0x00000000e4000000, 0x00000000e4000000, 0x00000000e4100000|  0%| F|  |TAMS 0x00000000e4000000| PB 0x00000000e4000000| Untracked 
|  65|0x00000000e4100000, 0x00000000e4100000, 0x00000000e4200000|  0%| F|  |TAMS 0x00000000e4100000| PB 0x00000000e4100000| Untracked 
|  66|0x00000000e4200000, 0x00000000e4200000, 0x00000000e4300000|  0%| F|  |TAMS 0x00000000e4200000| PB 0x00000000e4200000| Untracked 
|  67|0x00000000e4300000, 0x00000000e4300000, 0x00000000e4400000|  0%| F|  |TAMS 0x00000000e4300000| PB 0x00000000e4300000| Untracked 
|  68|0x00000000e4400000, 0x00000000e4400000, 0x00000000e4500000|  0%| F|  |TAMS 0x00000000e4400000| PB 0x00000000e4400000| Untracked 
|  69|0x00000000e4500000, 0x00000000e4500000, 0x00000000e4600000|  0%| F|  |TAMS 0x00000000e4500000| PB 0x00000000e4500000| Untracked 
|  70|0x00000000e4600000, 0x00000000e4600000, 0x00000000e4700000|  0%| F|  |TAMS 0x00000000e4600000| PB 0x00000000e4600000| Untracked 
|  71|0x00000000e4700000, 0x00000000e4700000, 0x00000000e4800000|  0%| F|  |TAMS 0x00000000e4700000| PB 0x00000000e4700000| Untracked 
|  72|0x00000000e4800000, 0x00000000e4800000, 0x00000000e4900000|  0%| F|  |TAMS 0x00000000e4800000| PB 0x00000000e4800000| Untracked 
|  73|0x00000000e4900000, 0x00000000e4900000, 0x00000000e4a00000|  0%| F|  |TAMS 0x00000000e4900000| PB 0x00000000e4900000| Untracked 
|  74|0x00000000e4a00000, 0x00000000e4a00000, 0x00000000e4b00000|  0%| F|  |TAMS 0x00000000e4a00000| PB 0x00000000e4a00000| Untracked 
|  75|0x00000000e4b00000, 0x00000000e4b00000, 0x00000000e4c00000|  0%| F|  |TAMS 0x00000000e4b00000| PB 0x00000000e4b00000| Untracked 
|  76|0x00000000e4c00000, 0x00000000e4c00000, 0x00000000e4d00000|  0%| F|  |TAMS 0x00000000e4c00000| PB 0x00000000e4c00000| Untracked 
|  77|0x00000000e4d00000, 0x00000000e4d00000, 0x00000000e4e00000|  0%| F|  |TAMS 0x00000000e4d00000| PB 0x00000000e4d00000| Untracked 
|  78|0x00000000e4e00000, 0x00000000e4e00000, 0x00000000e4f00000|  0%| F|  |TAMS 0x00000000e4e00000| PB 0x00000000e4e00000| Untracked 
|  79|0x00000000e4f00000, 0x00000000e4f00000, 0x00000000e5000000|  0%| F|  |TAMS 0x00000000e4f00000| PB 0x00000000e4f00000| Untracked 
|  80|0x00000000e5000000, 0x00000000e5000000, 0x00000000e5100000|  0%| F|  |TAMS 0x00000000e5000000| PB 0x00000000e5000000| Untracked 
|  81|0x00000000e5100000, 0x00000000e5100000, 0x00000000e5200000|  0%| F|  |TAMS 0x00000000e5100000| PB 0x00000000e5100000| Untracked 
|  82|0x00000000e5200000, 0x00000000e5200000, 0x00000000e5300000|  0%| F|  |TAMS 0x00000000e5200000| PB 0x00000000e5200000| Untracked 
|  83|0x00000000e5300000, 0x00000000e5300000, 0x00000000e5400000|  0%| F|  |TAMS 0x00000000e5300000| PB 0x00000000e5300000| Untracked 
|  84|0x00000000e5400000, 0x00000000e5400000, 0x00000000e5500000|  0%| F|  |TAMS 0x00000000e5400000| PB 0x00000000e5400000| Untracked 
|  85|0x00000000e5500000, 0x00000000e5500000, 0x00000000e5600000|  0%| F|  |TAMS 0x00000000e5500000| PB 0x00000000e5500000| Untracked 
|  86|0x00000000e5600000, 0x00000000e5600000, 0x00000000e5700000|  0%| F|  |TAMS 0x00000000e5600000| PB 0x00000000e5600000| Untracked 
|  87|0x00000000e5700000, 0x00000000e5700000, 0x00000000e5800000|  0%| F|  |TAMS 0x00000000e5700000| PB 0x00000000e5700000| Untracked 
|  88|0x00000000e5800000, 0x00000000e5800000, 0x00000000e5900000|  0%| F|  |TAMS 0x00000000e5800000| PB 0x00000000e5800000| Untracked 
|  89|0x00000000e5900000, 0x00000000e5900000, 0x00000000e5a00000|  0%| F|  |TAMS 0x00000000e5900000| PB 0x00000000e5900000| Untracked 
|  90|0x00000000e5a00000, 0x00000000e5a00000, 0x00000000e5b00000|  0%| F|  |TAMS 0x00000000e5a00000| PB 0x00000000e5a00000| Untracked 
|  91|0x00000000e5b00000, 0x00000000e5b00000, 0x00000000e5c00000|  0%| F|  |TAMS 0x00000000e5b00000| PB 0x00000000e5b00000| Untracked 
|  92|0x00000000e5c00000, 0x00000000e5c00000, 0x00000000e5d00000|  0%| F|  |TAMS 0x00000000e5c00000| PB 0x00000000e5c00000| Untracked 
|  93|0x00000000e5d00000, 0x00000000e5d00000, 0x00000000e5e00000|  0%| F|  |TAMS 0x00000000e5d00000| PB 0x00000000e5d00000| Untracked 
|  94|0x00000000e5e00000, 0x00000000e5e00000, 0x00000000e5f00000|  0%| F|  |TAMS 0x00000000e5e00000| PB 0x00000000e5e00000| Untracked 
|  95|0x00000000e5f00000, 0x00000000e5f00000, 0x00000000e6000000|  0%| F|  |TAMS 0x00000000e5f00000| PB 0x00000000e5f00000| Untracked 
|  96|0x00000000e6000000, 0x00000000e6000000, 0x00000000e6100000|  0%| F|  |TAMS 0x00000000e6000000| PB 0x00000000e6000000| Untracked 
|  97|0x00000000e6100000, 0x00000000e6100000, 0x00000000e6200000|  0%| F|  |TAMS 0x00000000e6100000| PB 0x00000000e6100000| Untracked 
|  98|0x00000000e6200000, 0x00000000e6200000, 0x00000000e6300000|  0%| F|  |TAMS 0x00000000e6200000| PB 0x00000000e6200000| Untracked 
|  99|0x00000000e6300000, 0x00000000e6300000, 0x00000000e6400000|  0%| F|  |TAMS 0x00000000e6300000| PB 0x00000000e6300000| Untracked 
| 100|0x00000000e6400000, 0x00000000e6400000, 0x00000000e6500000|  0%| F|  |TAMS 0x00000000e6400000| PB 0x00000000e6400000| Untracked 
| 101|0x00000000e6500000, 0x00000000e6500000, 0x00000000e6600000|  0%| F|  |TAMS 0x00000000e6500000| PB 0x00000000e6500000| Untracked 
| 102|0x00000000e6600000, 0x00000000e6600000, 0x00000000e6700000|  0%| F|  |TAMS 0x00000000e6600000| PB 0x00000000e6600000| Untracked 
| 103|0x00000000e6700000, 0x00000000e6700000, 0x00000000e6800000|  0%| F|  |TAMS 0x00000000e6700000| PB 0x00000000e6700000| Untracked 
| 104|0x00000000e6800000, 0x00000000e6800000, 0x00000000e6900000|  0%| F|  |TAMS 0x00000000e6800000| PB 0x00000000e6800000| Untracked 
| 105|0x00000000e6900000, 0x00000000e6900000, 0x00000000e6a00000|  0%| F|  |TAMS 0x00000000e6900000| PB 0x00000000e6900000| Untracked 
| 106|0x00000000e6a00000, 0x00000000e6a00000, 0x00000000e6b00000|  0%| F|  |TAMS 0x00000000e6a00000| PB 0x00000000e6a00000| Untracked 
| 107|0x00000000e6b00000, 0x00000000e6b00000, 0x00000000e6c00000|  0%| F|  |TAMS 0x00000000e6b00000| PB 0x00000000e6b00000| Untracked 
| 108|0x00000000e6c00000, 0x00000000e6c00000, 0x00000000e6d00000|  0%| F|  |TAMS 0x00000000e6c00000| PB 0x00000000e6c00000| Untracked 
| 109|0x00000000e6d00000, 0x00000000e6d00000, 0x00000000e6e00000|  0%| F|  |TAMS 0x00000000e6d00000| PB 0x00000000e6d00000| Untracked 
| 110|0x00000000e6e00000, 0x00000000e6e00000, 0x00000000e6f00000|  0%| F|  |TAMS 0x00000000e6e00000| PB 0x00000000e6e00000| Untracked 
| 111|0x00000000e6f00000, 0x00000000e6f00000, 0x00000000e7000000|  0%| F|  |TAMS 0x00000000e6f00000| PB 0x00000000e6f00000| Untracked 
| 112|0x00000000e7000000, 0x00000000e7000000, 0x00000000e7100000|  0%| F|  |TAMS 0x00000000e7000000| PB 0x00000000e7000000| Untracked 
| 113|0x00000000e7100000, 0x00000000e7100000, 0x00000000e7200000|  0%| F|  |TAMS 0x00000000e7100000| PB 0x00000000e7100000| Untracked 
| 114|0x00000000e7200000, 0x00000000e7200000, 0x00000000e7300000|  0%| F|  |TAMS 0x00000000e7200000| PB 0x00000000e7200000| Untracked 
| 115|0x00000000e7300000, 0x00000000e7300000, 0x00000000e7400000|  0%| F|  |TAMS 0x00000000e7300000| PB 0x00000000e7300000| Untracked 
| 116|0x00000000e7400000, 0x00000000e7400000, 0x00000000e7500000|  0%| F|  |TAMS 0x00000000e7400000| PB 0x00000000e7400000| Untracked 
| 117|0x00000000e7500000, 0x00000000e7500000, 0x00000000e7600000|  0%| F|  |TAMS 0x00000000e7500000| PB 0x00000000e7500000| Untracked 
| 118|0x00000000e7600000, 0x00000000e7600000, 0x00000000e7700000|  0%| F|  |TAMS 0x00000000e7600000| PB 0x00000000e7600000| Untracked 
| 119|0x00000000e7700000, 0x00000000e7700000, 0x00000000e7800000|  0%| F|  |TAMS 0x00000000e7700000| PB 0x00000000e7700000| Untracked 
| 120|0x00000000e7800000, 0x00000000e7800000, 0x00000000e7900000|  0%| F|  |TAMS 0x00000000e7800000| PB 0x00000000e7800000| Untracked 
| 121|0x00000000e7900000, 0x00000000e7900000, 0x00000000e7a00000|  0%| F|  |TAMS 0x00000000e7900000| PB 0x00000000e7900000| Untracked 
| 122|0x00000000e7a00000, 0x00000000e7a00000, 0x00000000e7b00000|  0%| F|  |TAMS 0x00000000e7a00000| PB 0x00000000e7a00000| Untracked 
| 123|0x00000000e7b00000, 0x00000000e7b00000, 0x00000000e7c00000|  0%| F|  |TAMS 0x00000000e7b00000| PB 0x00000000e7b00000| Untracked 
| 124|0x00000000e7c00000, 0x00000000e7c00000, 0x00000000e7d00000|  0%| F|  |TAMS 0x00000000e7c00000| PB 0x00000000e7c00000| Untracked 
| 125|0x00000000e7d00000, 0x00000000e7d00000, 0x00000000e7e00000|  0%| F|  |TAMS 0x00000000e7d00000| PB 0x00000000e7d00000| Untracked 
| 126|0x00000000e7e00000, 0x00000000e7e00000, 0x00000000e7f00000|  0%| F|  |TAMS 0x00000000e7e00000| PB 0x00000000e7e00000| Untracked 
| 127|0x00000000e7f00000, 0x00000000e7f00000, 0x00000000e8000000|  0%| F|  |TAMS 0x00000000e7f00000| PB 0x00000000e7f00000| Untracked 
| 128|0x00000000e8000000, 0x00000000e8000000, 0x00000000e8100000|  0%| F|  |TAMS 0x00000000e8000000| PB 0x00000000e8000000| Untracked 
| 129|0x00000000e8100000, 0x00000000e8100000, 0x00000000e8200000|  0%| F|  |TAMS 0x00000000e8100000| PB 0x00000000e8100000| Untracked 
| 130|0x00000000e8200000, 0x00000000e8200000, 0x00000000e8300000|  0%| F|  |TAMS 0x00000000e8200000| PB 0x00000000e8200000| Untracked 
| 131|0x00000000e8300000, 0x00000000e8300000, 0x00000000e8400000|  0%| F|  |TAMS 0x00000000e8300000| PB 0x00000000e8300000| Untracked 
| 132|0x00000000e8400000, 0x00000000e8400000, 0x00000000e8500000|  0%| F|  |TAMS 0x00000000e8400000| PB 0x00000000e8400000| Untracked 
| 133|0x00000000e8500000, 0x00000000e8500000, 0x00000000e8600000|  0%| F|  |TAMS 0x00000000e8500000| PB 0x00000000e8500000| Untracked 
| 134|0x00000000e8600000, 0x00000000e8600000, 0x00000000e8700000|  0%| F|  |TAMS 0x00000000e8600000| PB 0x00000000e8600000| Untracked 
| 135|0x00000000e8700000, 0x00000000e8700000, 0x00000000e8800000|  0%| F|  |TAMS 0x00000000e8700000| PB 0x00000000e8700000| Untracked 
| 136|0x00000000e8800000, 0x00000000e8800000, 0x00000000e8900000|  0%| F|  |TAMS 0x00000000e8800000| PB 0x00000000e8800000| Untracked 
| 137|0x00000000e8900000, 0x00000000e8900000, 0x00000000e8a00000|  0%| F|  |TAMS 0x00000000e8900000| PB 0x00000000e8900000| Untracked 
| 138|0x00000000e8a00000, 0x00000000e8a00000, 0x00000000e8b00000|  0%| F|  |TAMS 0x00000000e8a00000| PB 0x00000000e8a00000| Untracked 
| 139|0x00000000e8b00000, 0x00000000e8b00000, 0x00000000e8c00000|  0%| F|  |TAMS 0x00000000e8b00000| PB 0x00000000e8b00000| Untracked 
| 140|0x00000000e8c00000, 0x00000000e8c00000, 0x00000000e8d00000|  0%| F|  |TAMS 0x00000000e8c00000| PB 0x00000000e8c00000| Untracked 
| 141|0x00000000e8d00000, 0x00000000e8d00000, 0x00000000e8e00000|  0%| F|  |TAMS 0x00000000e8d00000| PB 0x00000000e8d00000| Untracked 
| 142|0x00000000e8e00000, 0x00000000e8e00000, 0x00000000e8f00000|  0%| F|  |TAMS 0x00000000e8e00000| PB 0x00000000e8e00000| Untracked 
| 143|0x00000000e8f00000, 0x00000000e8f00000, 0x00000000e9000000|  0%| F|  |TAMS 0x00000000e8f00000| PB 0x00000000e8f00000| Untracked 
| 144|0x00000000e9000000, 0x00000000e9000000, 0x00000000e9100000|  0%| F|  |TAMS 0x00000000e9000000| PB 0x00000000e9000000| Untracked 
| 145|0x00000000e9100000, 0x00000000e9100000, 0x00000000e9200000|  0%| F|  |TAMS 0x00000000e9100000| PB 0x00000000e9100000| Untracked 
| 146|0x00000000e9200000, 0x00000000e9200000, 0x00000000e9300000|  0%| F|  |TAMS 0x00000000e9200000| PB 0x00000000e9200000| Untracked 
| 147|0x00000000e9300000, 0x00000000e9300000, 0x00000000e9400000|  0%| F|  |TAMS 0x00000000e9300000| PB 0x00000000e9300000| Untracked 
| 148|0x00000000e9400000, 0x00000000e9400000, 0x00000000e9500000|  0%| F|  |TAMS 0x00000000e9400000| PB 0x00000000e9400000| Untracked 
| 149|0x00000000e9500000, 0x00000000e9500000, 0x00000000e9600000|  0%| F|  |TAMS 0x00000000e9500000| PB 0x00000000e9500000| Untracked 
| 150|0x00000000e9600000, 0x00000000e9600000, 0x00000000e9700000|  0%| F|  |TAMS 0x00000000e9600000| PB 0x00000000e9600000| Untracked 
| 151|0x00000000e9700000, 0x00000000e9700000, 0x00000000e9800000|  0%| F|  |TAMS 0x00000000e9700000| PB 0x00000000e9700000| Untracked 
| 152|0x00000000e9800000, 0x00000000e9800000, 0x00000000e9900000|  0%| F|  |TAMS 0x00000000e9800000| PB 0x00000000e9800000| Untracked 
| 153|0x00000000e9900000, 0x00000000e9900000, 0x00000000e9a00000|  0%| F|  |TAMS 0x00000000e9900000| PB 0x00000000e9900000| Untracked 
| 154|0x00000000e9a00000, 0x00000000e9a00000, 0x00000000e9b00000|  0%| F|  |TAMS 0x00000000e9a00000| PB 0x00000000e9a00000| Untracked 
| 155|0x00000000e9b00000, 0x00000000e9b00000, 0x00000000e9c00000|  0%| F|  |TAMS 0x00000000e9b00000| PB 0x00000000e9b00000| Untracked 
| 156|0x00000000e9c00000, 0x00000000e9c00000, 0x00000000e9d00000|  0%| F|  |TAMS 0x00000000e9c00000| PB 0x00000000e9c00000| Untracked 
| 157|0x00000000e9d00000, 0x00000000e9d00000, 0x00000000e9e00000|  0%| F|  |TAMS 0x00000000e9d00000| PB 0x00000000e9d00000| Untracked 
| 158|0x00000000e9e00000, 0x00000000e9e00000, 0x00000000e9f00000|  0%| F|  |TAMS 0x00000000e9e00000| PB 0x00000000e9e00000| Untracked 
| 159|0x00000000e9f00000, 0x00000000e9f00000, 0x00000000ea000000|  0%| F|  |TAMS 0x00000000e9f00000| PB 0x00000000e9f00000| Untracked 
| 160|0x00000000ea000000, 0x00000000ea000000, 0x00000000ea100000|  0%| F|  |TAMS 0x00000000ea000000| PB 0x00000000ea000000| Untracked 
| 161|0x00000000ea100000, 0x00000000ea100000, 0x00000000ea200000|  0%| F|  |TAMS 0x00000000ea100000| PB 0x00000000ea100000| Untracked 
| 162|0x00000000ea200000, 0x00000000ea200000, 0x00000000ea300000|  0%| F|  |TAMS 0x00000000ea200000| PB 0x00000000ea200000| Untracked 
| 163|0x00000000ea300000, 0x00000000ea300000, 0x00000000ea400000|  0%| F|  |TAMS 0x00000000ea300000| PB 0x00000000ea300000| Untracked 
| 164|0x00000000ea400000, 0x00000000ea400000, 0x00000000ea500000|  0%| F|  |TAMS 0x00000000ea400000| PB 0x00000000ea400000| Untracked 
| 165|0x00000000ea500000, 0x00000000ea500000, 0x00000000ea600000|  0%| F|  |TAMS 0x00000000ea500000| PB 0x00000000ea500000| Untracked 
| 166|0x00000000ea600000, 0x00000000ea600000, 0x00000000ea700000|  0%| F|  |TAMS 0x00000000ea600000| PB 0x00000000ea600000| Untracked 
| 167|0x00000000ea700000, 0x00000000ea700000, 0x00000000ea800000|  0%| F|  |TAMS 0x00000000ea700000| PB 0x00000000ea700000| Untracked 
| 168|0x00000000ea800000, 0x00000000ea800000, 0x00000000ea900000|  0%| F|  |TAMS 0x00000000ea800000| PB 0x00000000ea800000| Untracked 
| 169|0x00000000ea900000, 0x00000000ea900000, 0x00000000eaa00000|  0%| F|  |TAMS 0x00000000ea900000| PB 0x00000000ea900000| Untracked 
| 170|0x00000000eaa00000, 0x00000000eaa00000, 0x00000000eab00000|  0%| F|  |TAMS 0x00000000eaa00000| PB 0x00000000eaa00000| Untracked 
| 171|0x00000000eab00000, 0x00000000eab00000, 0x00000000eac00000|  0%| F|  |TAMS 0x00000000eab00000| PB 0x00000000eab00000| Untracked 
| 172|0x00000000eac00000, 0x00000000eac00000, 0x00000000ead00000|  0%| F|  |TAMS 0x00000000eac00000| PB 0x00000000eac00000| Untracked 
| 173|0x00000000ead00000, 0x00000000ead00000, 0x00000000eae00000|  0%| F|  |TAMS 0x00000000ead00000| PB 0x00000000ead00000| Untracked 
| 174|0x00000000eae00000, 0x00000000eae00000, 0x00000000eaf00000|  0%| F|  |TAMS 0x00000000eae00000| PB 0x00000000eae00000| Untracked 
| 175|0x00000000eaf00000, 0x00000000eaf00000, 0x00000000eb000000|  0%| F|  |TAMS 0x00000000eaf00000| PB 0x00000000eaf00000| Untracked 
| 176|0x00000000eb000000, 0x00000000eb000000, 0x00000000eb100000|  0%| F|  |TAMS 0x00000000eb000000| PB 0x00000000eb000000| Untracked 
| 177|0x00000000eb100000, 0x00000000eb100000, 0x00000000eb200000|  0%| F|  |TAMS 0x00000000eb100000| PB 0x00000000eb100000| Untracked 
| 178|0x00000000eb200000, 0x00000000eb200000, 0x00000000eb300000|  0%| F|  |TAMS 0x00000000eb200000| PB 0x00000000eb200000| Untracked 
| 179|0x00000000eb300000, 0x00000000eb300000, 0x00000000eb400000|  0%| F|  |TAMS 0x00000000eb300000| PB 0x00000000eb300000| Untracked 
| 180|0x00000000eb400000, 0x00000000eb400000, 0x00000000eb500000|  0%| F|  |TAMS 0x00000000eb400000| PB 0x00000000eb400000| Untracked 
| 181|0x00000000eb500000, 0x00000000eb500000, 0x00000000eb600000|  0%| F|  |TAMS 0x00000000eb500000| PB 0x00000000eb500000| Untracked 
| 182|0x00000000eb600000, 0x00000000eb600000, 0x00000000eb700000|  0%| F|  |TAMS 0x00000000eb600000| PB 0x00000000eb600000| Untracked 
| 183|0x00000000eb700000, 0x00000000eb700000, 0x00000000eb800000|  0%| F|  |TAMS 0x00000000eb700000| PB 0x00000000eb700000| Untracked 
| 184|0x00000000eb800000, 0x00000000eb800000, 0x00000000eb900000|  0%| F|  |TAMS 0x00000000eb800000| PB 0x00000000eb800000| Untracked 
| 185|0x00000000eb900000, 0x00000000eb900000, 0x00000000eba00000|  0%| F|  |TAMS 0x00000000eb900000| PB 0x00000000eb900000| Untracked 
| 186|0x00000000eba00000, 0x00000000eba00000, 0x00000000ebb00000|  0%| F|  |TAMS 0x00000000eba00000| PB 0x00000000eba00000| Untracked 
| 187|0x00000000ebb00000, 0x00000000ebb00000, 0x00000000ebc00000|  0%| F|  |TAMS 0x00000000ebb00000| PB 0x00000000ebb00000| Untracked 
| 188|0x00000000ebc00000, 0x00000000ebc00000, 0x00000000ebd00000|  0%| F|  |TAMS 0x00000000ebc00000| PB 0x00000000ebc00000| Untracked 
| 189|0x00000000ebd00000, 0x00000000ebd00000, 0x00000000ebe00000|  0%| F|  |TAMS 0x00000000ebd00000| PB 0x00000000ebd00000| Untracked 
| 190|0x00000000ebe00000, 0x00000000ebe00000, 0x00000000ebf00000|  0%| F|  |TAMS 0x00000000ebe00000| PB 0x00000000ebe00000| Untracked 
| 191|0x00000000ebf00000, 0x00000000ebf00000, 0x00000000ec000000|  0%| F|  |TAMS 0x00000000ebf00000| PB 0x00000000ebf00000| Untracked 
| 192|0x00000000ec000000, 0x00000000ec000000, 0x00000000ec100000|  0%| F|  |TAMS 0x00000000ec000000| PB 0x00000000ec000000| Untracked 
| 193|0x00000000ec100000, 0x00000000ec100000, 0x00000000ec200000|  0%| F|  |TAMS 0x00000000ec100000| PB 0x00000000ec100000| Untracked 
| 194|0x00000000ec200000, 0x00000000ec200000, 0x00000000ec300000|  0%| F|  |TAMS 0x00000000ec200000| PB 0x00000000ec200000| Untracked 
| 195|0x00000000ec300000, 0x00000000ec300000, 0x00000000ec400000|  0%| F|  |TAMS 0x00000000ec300000| PB 0x00000000ec300000| Untracked 
| 196|0x00000000ec400000, 0x00000000ec500000, 0x00000000ec500000|100%| E|  |TAMS 0x00000000ec400000| PB 0x00000000ec400000| Complete 
| 197|0x00000000ec500000, 0x00000000ec600000, 0x00000000ec600000|100%| E|CS|TAMS 0x00000000ec500000| PB 0x00000000ec500000| Complete 
| 198|0x00000000ec600000, 0x00000000ec700000, 0x00000000ec700000|100%| E|CS|TAMS 0x00000000ec600000| PB 0x00000000ec600000| Complete 
| 199|0x00000000ec700000, 0x00000000ec800000, 0x00000000ec800000|100%| E|CS|TAMS 0x00000000ec700000| PB 0x00000000ec700000| Complete 
| 200|0x00000000ec800000, 0x00000000ec900000, 0x00000000ec900000|100%| E|CS|TAMS 0x00000000ec800000| PB 0x00000000ec800000| Complete 
| 201|0x00000000ec900000, 0x00000000eca00000, 0x00000000eca00000|100%| E|CS|TAMS 0x00000000ec900000| PB 0x00000000ec900000| Complete 
| 202|0x00000000eca00000, 0x00000000ecb00000, 0x00000000ecb00000|100%| E|CS|TAMS 0x00000000eca00000| PB 0x00000000eca00000| Complete 
| 203|0x00000000ecb00000, 0x00000000ecc00000, 0x00000000ecc00000|100%| E|CS|TAMS 0x00000000ecb00000| PB 0x00000000ecb00000| Complete 
| 204|0x00000000ecc00000, 0x00000000ecd00000, 0x00000000ecd00000|100%| E|CS|TAMS 0x00000000ecc00000| PB 0x00000000ecc00000| Complete 
| 205|0x00000000ecd00000, 0x00000000ece00000, 0x00000000ece00000|100%| E|CS|TAMS 0x00000000ecd00000| PB 0x00000000ecd00000| Complete 
| 206|0x00000000ece00000, 0x00000000ecf00000, 0x00000000ecf00000|100%| E|CS|TAMS 0x00000000ece00000| PB 0x00000000ece00000| Complete 
| 207|0x00000000ecf00000, 0x00000000ed000000, 0x00000000ed000000|100%| E|CS|TAMS 0x00000000ecf00000| PB 0x00000000ecf00000| Complete 
| 208|0x00000000ed000000, 0x00000000ed100000, 0x00000000ed100000|100%| E|CS|TAMS 0x00000000ed000000| PB 0x00000000ed000000| Complete 
| 209|0x00000000ed100000, 0x00000000ed200000, 0x00000000ed200000|100%| E|CS|TAMS 0x00000000ed100000| PB 0x00000000ed100000| Complete 
| 210|0x00000000ed200000, 0x00000000ed300000, 0x00000000ed300000|100%| E|CS|TAMS 0x00000000ed200000| PB 0x00000000ed200000| Complete 
| 211|0x00000000ed300000, 0x00000000ed400000, 0x00000000ed400000|100%| E|CS|TAMS 0x00000000ed300000| PB 0x00000000ed300000| Complete 
| 212|0x00000000ed400000, 0x00000000ed500000, 0x00000000ed500000|100%| E|CS|TAMS 0x00000000ed400000| PB 0x00000000ed400000| Complete 
| 213|0x00000000ed500000, 0x00000000ed600000, 0x00000000ed600000|100%| E|CS|TAMS 0x00000000ed500000| PB 0x00000000ed500000| Complete 
| 214|0x00000000ed600000, 0x00000000ed700000, 0x00000000ed700000|100%| E|CS|TAMS 0x00000000ed600000| PB 0x00000000ed600000| Complete 
| 215|0x00000000ed700000, 0x00000000ed800000, 0x00000000ed800000|100%| E|CS|TAMS 0x00000000ed700000| PB 0x00000000ed700000| Complete 
| 216|0x00000000ed800000, 0x00000000ed900000, 0x00000000ed900000|100%| E|CS|TAMS 0x00000000ed800000| PB 0x00000000ed800000| Complete 
| 217|0x00000000ed900000, 0x00000000eda00000, 0x00000000eda00000|100%| E|CS|TAMS 0x00000000ed900000| PB 0x00000000ed900000| Complete 
| 218|0x00000000eda00000, 0x00000000edb00000, 0x00000000edb00000|100%| E|CS|TAMS 0x00000000eda00000| PB 0x00000000eda00000| Complete 
| 219|0x00000000edb00000, 0x00000000edc00000, 0x00000000edc00000|100%| E|CS|TAMS 0x00000000edb00000| PB 0x00000000edb00000| Complete 
| 220|0x00000000edc00000, 0x00000000edd00000, 0x00000000edd00000|100%| E|CS|TAMS 0x00000000edc00000| PB 0x00000000edc00000| Complete 
| 221|0x00000000edd00000, 0x00000000ede00000, 0x00000000ede00000|100%| E|CS|TAMS 0x00000000edd00000| PB 0x00000000edd00000| Complete 
| 222|0x00000000ede00000, 0x00000000edf00000, 0x00000000edf00000|100%| E|CS|TAMS 0x00000000ede00000| PB 0x00000000ede00000| Complete 
| 223|0x00000000edf00000, 0x00000000ee000000, 0x00000000ee000000|100%| E|CS|TAMS 0x00000000edf00000| PB 0x00000000edf00000| Complete 
| 224|0x00000000ee000000, 0x00000000ee100000, 0x00000000ee100000|100%| E|CS|TAMS 0x00000000ee000000| PB 0x00000000ee000000| Complete 
| 225|0x00000000ee100000, 0x00000000ee200000, 0x00000000ee200000|100%| E|CS|TAMS 0x00000000ee100000| PB 0x00000000ee100000| Complete 
| 226|0x00000000ee200000, 0x00000000ee300000, 0x00000000ee300000|100%| E|CS|TAMS 0x00000000ee200000| PB 0x00000000ee200000| Complete 
| 227|0x00000000ee300000, 0x00000000ee400000, 0x00000000ee400000|100%| E|CS|TAMS 0x00000000ee300000| PB 0x00000000ee300000| Complete 
| 228|0x00000000ee400000, 0x00000000ee500000, 0x00000000ee500000|100%| E|CS|TAMS 0x00000000ee400000| PB 0x00000000ee400000| Complete 
| 229|0x00000000ee500000, 0x00000000ee600000, 0x00000000ee600000|100%| E|CS|TAMS 0x00000000ee500000| PB 0x00000000ee500000| Complete 
| 230|0x00000000ee600000, 0x00000000ee700000, 0x00000000ee700000|100%| E|CS|TAMS 0x00000000ee600000| PB 0x00000000ee600000| Complete 
| 231|0x00000000ee700000, 0x00000000ee800000, 0x00000000ee800000|100%| E|CS|TAMS 0x00000000ee700000| PB 0x00000000ee700000| Complete 
| 232|0x00000000ee800000, 0x00000000ee900000, 0x00000000ee900000|100%| E|CS|TAMS 0x00000000ee800000| PB 0x00000000ee800000| Complete 
| 233|0x00000000ee900000, 0x00000000eea00000, 0x00000000eea00000|100%| E|CS|TAMS 0x00000000ee900000| PB 0x00000000ee900000| Complete 
| 234|0x00000000eea00000, 0x00000000eeb00000, 0x00000000eeb00000|100%| E|CS|TAMS 0x00000000eea00000| PB 0x00000000eea00000| Complete 
| 235|0x00000000eeb00000, 0x00000000eec00000, 0x00000000eec00000|100%| E|CS|TAMS 0x00000000eeb00000| PB 0x00000000eeb00000| Complete 
| 236|0x00000000eec00000, 0x00000000eed00000, 0x00000000eed00000|100%| E|CS|TAMS 0x00000000eec00000| PB 0x00000000eec00000| Complete 
| 237|0x00000000eed00000, 0x00000000eee00000, 0x00000000eee00000|100%| E|CS|TAMS 0x00000000eed00000| PB 0x00000000eed00000| Complete 
| 238|0x00000000eee00000, 0x00000000eef00000, 0x00000000eef00000|100%| S|CS|TAMS 0x00000000eee00000| PB 0x00000000eee00000| Complete 
| 239|0x00000000eef00000, 0x00000000ef000000, 0x00000000ef000000|100%| S|CS|TAMS 0x00000000eef00000| PB 0x00000000eef00000| Complete 
| 240|0x00000000ef000000, 0x00000000ef100000, 0x00000000ef100000|100%| S|CS|TAMS 0x00000000ef000000| PB 0x00000000ef000000| Complete 
| 241|0x00000000ef100000, 0x00000000ef200000, 0x00000000ef200000|100%| S|CS|TAMS 0x00000000ef100000| PB 0x00000000ef100000| Complete 
| 242|0x00000000ef200000, 0x00000000ef300000, 0x00000000ef300000|100%| S|CS|TAMS 0x00000000ef200000| PB 0x00000000ef200000| Complete 
| 243|0x00000000ef300000, 0x00000000ef400000, 0x00000000ef400000|100%| S|CS|TAMS 0x00000000ef300000| PB 0x00000000ef300000| Complete 
| 244|0x00000000ef400000, 0x00000000ef500000, 0x00000000ef500000|100%| S|CS|TAMS 0x00000000ef400000| PB 0x00000000ef400000| Complete 
| 245|0x00000000ef500000, 0x00000000ef600000, 0x00000000ef600000|100%| E|CS|TAMS 0x00000000ef500000| PB 0x00000000ef500000| Complete 
| 246|0x00000000ef600000, 0x00000000ef700000, 0x00000000ef700000|100%| E|CS|TAMS 0x00000000ef600000| PB 0x00000000ef600000| Complete 
| 247|0x00000000ef700000, 0x00000000ef800000, 0x00000000ef800000|100%| E|CS|TAMS 0x00000000ef700000| PB 0x00000000ef700000| Complete 
| 248|0x00000000ef800000, 0x00000000ef900000, 0x00000000ef900000|100%| E|CS|TAMS 0x00000000ef800000| PB 0x00000000ef800000| Complete 
| 249|0x00000000ef900000, 0x00000000efa00000, 0x00000000efa00000|100%| E|CS|TAMS 0x00000000ef900000| PB 0x00000000ef900000| Complete 
| 250|0x00000000efa00000, 0x00000000efb00000, 0x00000000efb00000|100%| E|CS|TAMS 0x00000000efa00000| PB 0x00000000efa00000| Complete 
| 251|0x00000000efb00000, 0x00000000efc00000, 0x00000000efc00000|100%| E|CS|TAMS 0x00000000efb00000| PB 0x00000000efb00000| Complete 
| 252|0x00000000efc00000, 0x00000000efd00000, 0x00000000efd00000|100%| E|CS|TAMS 0x00000000efc00000| PB 0x00000000efc00000| Complete 
| 253|0x00000000efd00000, 0x00000000efe00000, 0x00000000efe00000|100%| E|CS|TAMS 0x00000000efd00000| PB 0x00000000efd00000| Complete 
| 254|0x00000000efe00000, 0x00000000eff00000, 0x00000000eff00000|100%| E|CS|TAMS 0x00000000efe00000| PB 0x00000000efe00000| Complete 
| 255|0x00000000eff00000, 0x00000000f0000000, 0x00000000f0000000|100%| E|CS|TAMS 0x00000000eff00000| PB 0x00000000eff00000| Complete 

Card table byte_map: [0x000001c46bc50000,0x000001c46bd50000] _byte_map_base: 0x000001c46b550000

Marking Bits: (CMBitMap*) 0x000001c459a75c70
 Bits: [0x000001c46bd50000, 0x000001c46c550000)

Polling page: 0x000001c4577b0000

Metaspace:

Usage:
  Non-class:     32.49 MB used.
      Class:      5.53 MB used.
       Both:     38.02 MB used.

Virtual space:
  Non-class space:       64.00 MB reserved,      33.19 MB ( 52%) committed,  1 nodes.
      Class space:      320.00 MB reserved,       6.13 MB (  2%) committed,  1 nodes.
             Both:      384.00 MB reserved,      39.31 MB ( 10%) committed. 

Chunk freelists:
   Non-Class:  14.78 MB
       Class:  9.69 MB
        Both:  24.47 MB

MaxMetaspaceSize: 384.00 MB
CompressedClassSpaceSize: 320.00 MB
Initial GC threshold: 21.00 MB
Current GC threshold: 58.75 MB
CDS: on
 - commit_granule_bytes: 65536.
 - commit_granule_words: 8192.
 - virtual_space_node_default_size: 8388608.
 - enlarge_chunks_in_place: 1.
 - use_allocation_guard: 0.


Internal statistics:

num_allocs_failed_limit: 6.
num_arena_births: 2300.
num_arena_deaths: 0.
num_vsnodes_births: 2.
num_vsnodes_deaths: 0.
num_space_committed: 629.
num_space_uncommitted: 0.
num_chunks_returned_to_freelist: 6.
num_chunks_taken_from_freelist: 4044.
num_chunk_merges: 6.
num_chunk_splits: 2617.
num_chunks_enlarged: 1631.
num_inconsistent_stats: 0.

CodeHeap 'non-profiled nmethods': size=120000Kb used=2519Kb max_used=2519Kb free=117480Kb
 bounds [0x000001c464720000, 0x000001c4649a0000, 0x000001c46bc50000]
CodeHeap 'profiled nmethods': size=120000Kb used=8275Kb max_used=8275Kb free=111724Kb
 bounds [0x000001c45cc50000, 0x000001c45d470000, 0x000001c464180000]
CodeHeap 'non-nmethods': size=5760Kb used=2547Kb max_used=2596Kb free=3212Kb
 bounds [0x000001c464180000, 0x000001c464420000, 0x000001c464720000]
CodeCache: size=245760Kb, used=13341Kb, max_used=13390Kb, free=232416Kb
 total_blobs=5062, nmethods=4240, adapters=725, full_count=0
Compilation: enabled, stopped_count=0, restarted_count=0

Compilation events (20 events):
Event: 11.595 Thread 0x000001c46eb81c70 nmethod 4727 0x000001c45d458d90 code [0x000001c45d458f80, 0x000001c45d4593e8]
Event: 11.597 Thread 0x000001c46eb81c70 4728       3       groovy.lang.MetaClassImpl::establishStaticMetaProperty (262 bytes)
Event: 11.597 Thread 0x000001c46eb801c0 4731       4       java.lang.ThreadLocal::get (35 bytes)
Event: 11.598 Thread 0x000001c46eb81c70 nmethod 4728 0x000001c45d459590 code [0x000001c45d459860, 0x000001c45d45afa0]
Event: 11.598 Thread 0x000001c46eb81c70 4729       3       org.codehaus.groovy.runtime.metaclass.MetaMethodIndex::getMethods (82 bytes)
Event: 11.598 Thread 0x000001c46eb81c70 nmethod 4729 0x000001c45d45b490 code [0x000001c45d45b6a0, 0x000001c45d45bc80]
Event: 11.598 Thread 0x000001c46eb81c70 4730       3       groovy.lang.MetaClassImpl::getMethods (173 bytes)
Event: 11.599 Thread 0x000001c46eb81c70 nmethod 4730 0x000001c45d45bf10 code [0x000001c45d45c240, 0x000001c45d45d640]
Event: 11.599 Thread 0x000001c46eb801c0 nmethod 4731 0x000001c464994c10 code [0x000001c464994dc0, 0x000001c464994f68]
Event: 11.600 Thread 0x000001c46eb81c70 4732       3       java.util.AbstractList::listIterator (6 bytes)
Event: 11.600 Thread 0x000001c46eb81c70 nmethod 4732 0x000001c45d45dc90 code [0x000001c45d45de40, 0x000001c45d45e018]
Event: 11.601 Thread 0x000001c46eb801c0 4733       4       org.codehaus.groovy.reflection.CachedMethod::getReturnType (8 bytes)
Event: 11.601 Thread 0x000001c46eb801c0 nmethod 4733 0x000001c464995190 code [0x000001c464995320, 0x000001c4649953c8]
Event: 11.604 Thread 0x000001c46eb801c0 4734       4       java.lang.PublicMethods::merge (81 bytes)
Event: 11.605 Thread 0x000001c46eb81c70 4735       3       com.sun.beans.util.Cache::index (7 bytes)
Event: 11.605 Thread 0x000001c46eb81c70 nmethod 4735 0x000001c45d45e090 code [0x000001c45d45e220, 0x000001c45d45e318]
Event: 11.605 Thread 0x000001c46eb81c70 4736       3       java.util.AbstractSequentialList::iterator (5 bytes)
Event: 11.605 Thread 0x000001c46eb81c70 nmethod 4736 0x000001c45d45e410 code [0x000001c45d45e620, 0x000001c45d45eba8]
Event: 11.616 Thread 0x000001c46eb81c70 4737       3       org.gradle.internal.operations.OperationIdentifier::hashCode (14 bytes)
Event: 11.616 Thread 0x000001c46eb81c70 nmethod 4737 0x000001c45d45ed90 code [0x000001c45d45ef20, 0x000001c45d45f040]

GC Heap History (10 events):
Event: 0.866 GC heap before
{Heap before GC invocations=0 (full 0):
 garbage-first heap   total 262144K, used 13312K [0x00000000e0000000, 0x0000000100000000)
  region size 1024K, 13 young (13312K), 0 survivors (0K)
 Metaspace       used 826K, committed 960K, reserved 393216K
  class space    used 70K, committed 128K, reserved 327680K
}
Event: 0.923 GC heap after
{Heap after GC invocations=1 (full 0):
 garbage-first heap   total 262144K, used 1280K [0x00000000e0000000, 0x0000000100000000)
  region size 1024K, 2 young (2048K), 2 survivors (2048K)
 Metaspace       used 826K, committed 960K, reserved 393216K
  class space    used 70K, committed 128K, reserved 327680K
}
Event: 1.881 GC heap before
{Heap before GC invocations=1 (full 0):
 garbage-first heap   total 262144K, used 23808K [0x00000000e0000000, 0x0000000100000000)
  region size 1024K, 21 young (21504K), 2 survivors (2048K)
 Metaspace       used 3454K, committed 3712K, reserved 393216K
  class space    used 451K, committed 576K, reserved 327680K
}
Event: 1.886 GC heap after
{Heap after GC invocations=2 (full 0):
 garbage-first heap   total 262144K, used 11079K [0x00000000e0000000, 0x0000000100000000)
  region size 1024K, 3 young (3072K), 3 survivors (3072K)
 Metaspace       used 3454K, committed 3712K, reserved 393216K
  class space    used 451K, committed 576K, reserved 327680K
}
Event: 7.113 GC heap before
{Heap before GC invocations=2 (full 0):
 garbage-first heap   total 262144K, used 162631K [0x00000000e0000000, 0x0000000100000000)
  region size 1024K, 150 young (153600K), 3 survivors (3072K)
 Metaspace       used 20807K, committed 21504K, reserved 393216K
  class space    used 3069K, committed 3392K, reserved 327680K
}
Event: 7.130 GC heap after
{Heap after GC invocations=3 (full 0):
 garbage-first heap   total 262144K, used 24695K [0x00000000e0000000, 0x0000000100000000)
  region size 1024K, 16 young (16384K), 16 survivors (16384K)
 Metaspace       used 20807K, committed 21504K, reserved 393216K
  class space    used 3069K, committed 3392K, reserved 327680K
}
Event: 9.607 GC heap before
{Heap before GC invocations=4 (full 0):
 garbage-first heap   total 262144K, used 103543K [0x00000000e0000000, 0x0000000100000000)
  region size 1024K, 94 young (96256K), 16 survivors (16384K)
 Metaspace       used 31785K, committed 33024K, reserved 393216K
  class space    used 4822K, committed 5440K, reserved 327680K
}
Event: 9.626 GC heap after
{Heap after GC invocations=5 (full 0):
 garbage-first heap   total 262144K, used 30099K [0x00000000e0000000, 0x0000000100000000)
  region size 1024K, 6 young (6144K), 6 survivors (6144K)
 Metaspace       used 31785K, committed 33024K, reserved 393216K
  class space    used 4822K, committed 5440K, reserved 327680K
}
Event: 9.908 GC heap before
{Heap before GC invocations=5 (full 0):
 garbage-first heap   total 262144K, used 39315K [0x00000000e0000000, 0x0000000100000000)
  region size 1024K, 17 young (17408K), 6 survivors (6144K)
 Metaspace       used 34736K, committed 35968K, reserved 393216K
  class space    used 5157K, committed 5760K, reserved 327680K
}
Event: 9.913 GC heap after
{Heap after GC invocations=6 (full 0):
 garbage-first heap   total 262144K, used 31647K [0x00000000e0000000, 0x0000000100000000)
  region size 1024K, 7 young (7168K), 7 survivors (7168K)
 Metaspace       used 34736K, committed 35968K, reserved 393216K
  class space    used 5157K, committed 5760K, reserved 327680K
}

Dll operation events (14 events):
Event: 0.008 Loaded shared library C:\Users\admin\.vscode\extensions\redhat.java-1.54.0-win32-x64\jre\21.0.10-win32-x86_64\bin\java.dll
Event: 0.185 Loaded shared library C:\Users\admin\.vscode\extensions\redhat.java-1.54.0-win32-x64\jre\21.0.10-win32-x86_64\bin\zip.dll
Event: 0.215 Loaded shared library C:\Users\admin\.vscode\extensions\redhat.java-1.54.0-win32-x64\jre\21.0.10-win32-x86_64\bin\instrument.dll
Event: 0.221 Loaded shared library C:\Users\admin\.vscode\extensions\redhat.java-1.54.0-win32-x64\jre\21.0.10-win32-x86_64\bin\net.dll
Event: 0.223 Loaded shared library C:\Users\admin\.vscode\extensions\redhat.java-1.54.0-win32-x64\jre\21.0.10-win32-x86_64\bin\nio.dll
Event: 0.227 Loaded shared library C:\Users\admin\.vscode\extensions\redhat.java-1.54.0-win32-x64\jre\21.0.10-win32-x86_64\bin\zip.dll
Event: 1.013 Loaded shared library C:\Users\admin\.vscode\extensions\redhat.java-1.54.0-win32-x64\jre\21.0.10-win32-x86_64\bin\jimage.dll
Event: 1.242 Loaded shared library C:\Users\admin\.vscode\extensions\redhat.java-1.54.0-win32-x64\jre\21.0.10-win32-x86_64\bin\verify.dll
Event: 1.484 Loaded shared library C:\Users\admin\.gradle\native\c067742578af261105cb4f569cf0c3c89f3d7b1fecec35dd04571415982c5e48\windows-amd64\native-platform.dll
Event: 1.521 Loaded shared library C:\Users\admin\.gradle\native\100fb08df4bc3b14c8652ba06237920a3bd2aa13389f12d3474272988ae205f9\windows-amd64\native-platform-file-events.dll
Event: 3.405 Loaded shared library C:\Users\admin\.vscode\extensions\redhat.java-1.54.0-win32-x64\jre\21.0.10-win32-x86_64\bin\management.dll
Event: 3.409 Loaded shared library C:\Users\admin\.vscode\extensions\redhat.java-1.54.0-win32-x64\jre\21.0.10-win32-x86_64\bin\management_ext.dll
Event: 3.737 Loaded shared library C:\Users\admin\.vscode\extensions\redhat.java-1.54.0-win32-x64\jre\21.0.10-win32-x86_64\bin\extnet.dll
Event: 4.043 Loaded shared library C:\Users\admin\.vscode\extensions\redhat.java-1.54.0-win32-x64\jre\21.0.10-win32-x86_64\bin\sunmscapi.dll

Deoptimization events (20 events):
Event: 11.473 Thread 0x000001c4748a4260 Uncommon trap: trap_request=0xffffff45 fr.pc=0x000001c464908ed0 relative=0x00000000000002b0
Event: 11.473 Thread 0x000001c4748a4260 Uncommon trap: reason=unstable_if action=reinterpret pc=0x000001c464908ed0 method=java.util.HashMap.putVal(ILjava/lang/Object;Ljava/lang/Object;ZZ)Ljava/lang/Object; @ 162 c2
Event: 11.473 Thread 0x000001c4748a4260 DEOPT PACKING pc=0x000001c464908ed0 sp=0x0000004ca20f94d0
Event: 11.473 Thread 0x000001c4748a4260 DEOPT UNPACKING pc=0x000001c4641d4422 sp=0x0000004ca20f9450 mode 2
Event: 11.474 Thread 0x000001c4748a4260 Uncommon trap: trap_request=0xffffff45 fr.pc=0x000001c4648dc34c relative=0x000000000000028c
Event: 11.474 Thread 0x000001c4748a4260 Uncommon trap: reason=unstable_if action=reinterpret pc=0x000001c4648dc34c method=java.util.HashMap.getNode(Ljava/lang/Object;)Ljava/util/HashMap$Node; @ 85 c2
Event: 11.474 Thread 0x000001c4748a4260 DEOPT PACKING pc=0x000001c4648dc34c sp=0x0000004ca20f95a0
Event: 11.474 Thread 0x000001c4748a4260 DEOPT UNPACKING pc=0x000001c4641d4422 sp=0x0000004ca20f94a0 mode 2
Event: 11.474 Thread 0x000001c4748a4260 Uncommon trap: trap_request=0xffffff45 fr.pc=0x000001c46475039c relative=0x000000000000097c
Event: 11.474 Thread 0x000001c4748a4260 Uncommon trap: reason=unstable_if action=reinterpret pc=0x000001c46475039c method=java.util.HashMap.resize()[Ljava/util/HashMap$Node; @ 203 c2
Event: 11.474 Thread 0x000001c4748a4260 DEOPT PACKING pc=0x000001c46475039c sp=0x0000004ca20f93e0
Event: 11.474 Thread 0x000001c4748a4260 DEOPT UNPACKING pc=0x000001c4641d4422 sp=0x0000004ca20f9388 mode 2
Event: 11.474 Thread 0x000001c4748a4260 Uncommon trap: trap_request=0xffffff45 fr.pc=0x000001c4648b8100 relative=0x0000000000000240
Event: 11.474 Thread 0x000001c4748a4260 Uncommon trap: reason=unstable_if action=reinterpret pc=0x000001c4648b8100 method=java.util.HashMap.getNode(Ljava/lang/Object;)Ljava/util/HashMap$Node; @ 85 c2
Event: 11.474 Thread 0x000001c4748a4260 DEOPT PACKING pc=0x000001c4648b8100 sp=0x0000004ca20f9520
Event: 11.474 Thread 0x000001c4748a4260 DEOPT UNPACKING pc=0x000001c4641d4422 sp=0x0000004ca20f94a0 mode 2
Event: 11.499 Thread 0x000001c4748a4260 Uncommon trap: trap_request=0xffffffde fr.pc=0x000001c464840d94 relative=0x00000000000002b4
Event: 11.499 Thread 0x000001c4748a4260 Uncommon trap: reason=class_check action=maybe_recompile pc=0x000001c464840d94 method=java.util.Collections$SetFromMap.remove(Ljava/lang/Object;)Z @ 5 c2
Event: 11.499 Thread 0x000001c4748a4260 DEOPT PACKING pc=0x000001c464840d94 sp=0x0000004ca20fb490
Event: 11.499 Thread 0x000001c4748a4260 DEOPT UNPACKING pc=0x000001c4641d4422 sp=0x0000004ca20fb478 mode 2

Classes loaded (20 events):
Event: 10.914 Loading class sun/nio/fs/WindowsException
Event: 10.915 Loading class sun/nio/fs/WindowsException done
Event: 11.099 Loading class sun/invoke/util/ValueConversions$1
Event: 11.099 Loading class sun/invoke/util/ValueConversions$1 done
Event: 11.101 Loading class java/lang/invoke/BoundMethodHandle$Species_LI
Event: 11.101 Loading class java/lang/invoke/BoundMethodHandle$Species_LI done
Event: 11.404 Loading class java/nio/file/AtomicMoveNotSupportedException
Event: 11.404 Loading class java/nio/file/AtomicMoveNotSupportedException done
Event: 11.425 Loading class java/io/FileWriter
Event: 11.425 Loading class java/io/FileWriter done
Event: 11.546 Loading class java/util/function/IntBinaryOperator
Event: 11.546 Loading class java/util/function/IntBinaryOperator done
Event: 11.585 Loading class sun/reflect/generics/tree/BooleanSignature
Event: 11.585 Loading class sun/reflect/generics/tree/BooleanSignature done
Event: 11.595 Loading class org/xml/sax/Locator
Event: 11.595 Loading class org/xml/sax/Locator done
Event: 11.595 Loading class org/xml/sax/SAXParseException
Event: 11.595 Loading class org/xml/sax/SAXParseException done
Event: 11.596 Loading class org/xml/sax/Attributes
Event: 11.596 Loading class org/xml/sax/Attributes done

Classes unloaded (0 events):
No events

Classes redefined (0 events):
No events

Internal exceptions (20 events):
Event: 11.096 Thread 0x000001c4748a4260 Exception <a 'java/lang/ClassNotFoundException'{0x00000000ed44b160}: settings_3y0gmznavny7eis2x0tivde0eCustomizer> (0x00000000ed44b160) 
thrown [s\src\hotspot\share\classfile\systemDictionary.cpp, line 312]
Event: 11.099 Thread 0x000001c4748a4260 Implicit null exception at 0x000001c464874165 to 0x000001c4648743f0
Event: 11.100 Thread 0x000001c4748a4260 Exception <a 'java/lang/NoSuchMethodError'{0x00000000ed467430}: 'int java.lang.invoke.DirectMethodHandle$Holder.invokeSpecial(java.lang.Object, java.lang.Object, java.lang.Object, int)'> (0x00000000ed467430) 
thrown [s\src\hotspot\share\interpreter\linkResolver.cpp, line 773]
Event: 11.101 Thread 0x000001c4748a4260 Exception <a 'java/lang/NoSuchMethodError'{0x00000000ed478750}: 'java.lang.Object java.lang.invoke.DirectMethodHandle$Holder.invokeStatic(java.lang.Object, java.lang.Object, java.lang.Object, java.lang.Object, int)'> (0x00000000ed478750) 
thrown [s\src\hotspot\share\interpreter\linkResolver.cpp, line 773]
Event: 11.102 Thread 0x000001c4748a4260 Exception <a 'java/lang/NoSuchMethodError'{0x00000000ed480e58}: 'java.lang.Object java.lang.invoke.DirectMethodHandle$Holder.invokeSpecial(java.lang.Object, java.lang.Object, java.lang.Object, java.lang.Object, int)'> (0x00000000ed480e58) 
thrown [s\src\hotspot\share\interpreter\linkResolver.cpp, line 773]
Event: 11.109 Thread 0x000001c4748a4260 Exception <a 'java/lang/ClassNotFoundException'{0x00000000ed313d40}: org/gradle/initialization/DefaultSettings_DecoratedBeanInfo> (0x00000000ed313d40) 
thrown [s\src\hotspot\share\classfile\systemDictionary.cpp, line 312]
Event: 11.110 Thread 0x000001c4748a4260 Exception <a 'java/lang/ClassNotFoundException'{0x00000000ed322058}: org/gradle/initialization/DefaultSettingsBeanInfo> (0x00000000ed322058) 
thrown [s\src\hotspot\share\classfile\systemDictionary.cpp, line 312]
Event: 11.110 Thread 0x000001c4748a4260 Exception <a 'java/lang/ClassNotFoundException'{0x00000000ed32fe00}: org/gradle/initialization/DefaultSettingsCustomizer> (0x00000000ed32fe00) 
thrown [s\src\hotspot\share\classfile\systemDictionary.cpp, line 312]
Event: 11.125 Thread 0x000001c4748a4260 Exception <a 'java/lang/ClassNotFoundException'{0x00000000ed379d98}: org/gradle/initialization/DefaultSettings_DecoratedCustomizer> (0x00000000ed379d98) 
thrown [s\src\hotspot\share\classfile\systemDictionary.cpp, line 312]
Event: 11.158 Thread 0x000001c4748a4260 Exception <a 'java/lang/ClassNotFoundException'{0x00000000ed21d908}: org/gradle/initialization/DefaultProjectDescriptorBeanInfo> (0x00000000ed21d908) 
thrown [s\src\hotspot\share\classfile\systemDictionary.cpp, line 312]
Event: 11.159 Thread 0x000001c4748a4260 Exception <a 'java/lang/ClassNotFoundException'{0x00000000ed22adf0}: org/gradle/initialization/DefaultProjectDescriptorCustomizer> (0x00000000ed22adf0) 
thrown [s\src\hotspot\share\classfile\systemDictionary.cpp, line 312]
Event: 11.187 Thread 0x000001c4748a4260 Implicit null exception at 0x000001c4649199fc to 0x000001c464919ab4
Event: 11.536 Thread 0x000001c4748a4260 Exception <a 'java/lang/ClassNotFoundException'{0x00000000ec988cd0}: org/gradle/internal/metaobject/ConfigureDelegateBeanInfo> (0x00000000ec988cd0) 
thrown [s\src\hotspot\share\classfile\systemDictionary.cpp, line 312]
Event: 11.536 Thread 0x000001c4748a4260 Exception <a 'java/lang/ClassNotFoundException'{0x00000000ec993620}: org/gradle/internal/metaobject/ConfigureDelegateCustomizer> (0x00000000ec993620) 
thrown [s\src\hotspot\share\classfile\systemDictionary.cpp, line 312]
Event: 11.571 Thread 0x000001c4748a4260 Exception <a 'java/lang/ClassNotFoundException'{0x00000000ec72bcc0}: org/gradle/api/internal/project/DefaultProject_DecoratedBeanInfo> (0x00000000ec72bcc0) 
thrown [s\src\hotspot\share\classfile\systemDictionary.cpp, line 312]
Event: 11.571 Thread 0x000001c4748a4260 Exception <a 'java/lang/ClassNotFoundException'{0x00000000ec737570}: org/gradle/api/internal/project/DefaultProjectBeanInfo> (0x00000000ec737570) 
thrown [s\src\hotspot\share\classfile\systemDictionary.cpp, line 312]
Event: 11.572 Thread 0x000001c4748a4260 Exception <a 'java/lang/ClassNotFoundException'{0x00000000ec743148}: org/gradle/api/internal/project/DefaultProjectCustomizer> (0x00000000ec743148) 
thrown [s\src\hotspot\share\classfile\systemDictionary.cpp, line 312]
Event: 11.591 Thread 0x000001c4748a4260 Exception <a 'java/lang/ClassNotFoundException'{0x00000000ec7f8648}: org/gradle/api/internal/project/DefaultProject_DecoratedCustomizer> (0x00000000ec7f8648) 
thrown [s\src\hotspot\share\classfile\systemDictionary.cpp, line 312]
Event: 11.604 Thread 0x000001c4748a4260 Exception <a 'java/lang/ClassNotFoundException'{0x00000000ec6a0308}: org/gradle/configuration/internal/DefaultListenerBuildOperationDecorator$BuildOperationEmittingClosureBeanInfo> (0x00000000ec6a0308) 
thrown [s\src\hotspot\share\classfile\systemDictionary.cpp, line 312]
Event: 11.604 Thread 0x000001c4748a4260 Exception <a 'java/lang/ClassNotFoundException'{0x00000000ec6ac698}: org/gradle/configuration/internal/DefaultListenerBuildOperationDecorator$BuildOperationEmittingClosureCustomizer> (0x00000000ec6ac698) 
thrown [s\src\hotspot\share\classfile\systemDictionary.cpp, line 312]

ZGC Phase Switch (0 events):
No events

VM Operations (20 events):
Event: 9.942 Executing safepoint VM operation: G1PauseRemark
Event: 9.945 Executing safepoint VM operation: G1PauseRemark done
Event: 9.954 Executing safepoint VM operation: G1PauseCleanup
Event: 9.955 Executing safepoint VM operation: G1PauseCleanup done
Event: 9.960 Executing non-safepoint VM operation: HandshakeAllThreads (Deoptimize)
Event: 9.961 Executing non-safepoint VM operation: HandshakeAllThreads (Deoptimize) done
Event: 9.965 Executing non-safepoint VM operation: HandshakeAllThreads (Deoptimize)
Event: 9.965 Executing non-safepoint VM operation: HandshakeAllThreads (Deoptimize) done
Event: 9.979 Executing non-safepoint VM operation: HandshakeAllThreads (Deoptimize)
Event: 9.979 Executing non-safepoint VM operation: HandshakeAllThreads (Deoptimize) done
Event: 10.064 Executing non-safepoint VM operation: HandshakeAllThreads (Deoptimize)
Event: 10.064 Executing non-safepoint VM operation: HandshakeAllThreads (Deoptimize) done
Event: 10.603 Executing safepoint VM operation: ICBufferFull
Event: 10.603 Executing safepoint VM operation: ICBufferFull done
Event: 10.916 Executing non-safepoint VM operation: HandshakeAllThreads (Deoptimize)
Event: 10.916 Executing non-safepoint VM operation: HandshakeAllThreads (Deoptimize) done
Event: 11.426 Executing non-safepoint VM operation: HandshakeAllThreads (Deoptimize)
Event: 11.426 Executing non-safepoint VM operation: HandshakeAllThreads (Deoptimize) done
Event: 11.536 Executing safepoint VM operation: ICBufferFull
Event: 11.536 Executing safepoint VM operation: ICBufferFull done

Memory protections (0 events):
No events

Nmethod flushes (20 events):
Event: 9.945 Thread 0x000001c46eb5baf0 flushing  nmethod 0x000001c45ce53c90
Event: 9.945 Thread 0x000001c46eb5baf0 flushing  nmethod 0x000001c45ce59010
Event: 9.945 Thread 0x000001c46eb5baf0 flushing  nmethod 0x000001c45ce5ef90
Event: 9.945 Thread 0x000001c46eb5baf0 flushing  nmethod 0x000001c45ce75110
Event: 9.945 Thread 0x000001c46eb5baf0 flushing  nmethod 0x000001c45ce77910
Event: 9.945 Thread 0x000001c46eb5baf0 flushing  nmethod 0x000001c45cea1f10
Event: 9.945 Thread 0x000001c46eb5baf0 flushing  nmethod 0x000001c45cee3210
Event: 9.945 Thread 0x000001c46eb5baf0 flushing  nmethod 0x000001c45cee5690
Event: 9.945 Thread 0x000001c46eb5baf0 flushing  nmethod 0x000001c45cee8e90
Event: 9.945 Thread 0x000001c46eb5baf0 flushing  nmethod 0x000001c45cee9210
Event: 9.945 Thread 0x000001c46eb5baf0 flushing  nmethod 0x000001c45cf1fa90
Event: 9.945 Thread 0x000001c46eb5baf0 flushing  nmethod 0x000001c45cf3f390
Event: 9.945 Thread 0x000001c46eb5baf0 flushing  nmethod 0x000001c45cfd2290
Event: 9.945 Thread 0x000001c46eb5baf0 flushing  nmethod 0x000001c45cfd7390
Event: 9.945 Thread 0x000001c46eb5baf0 flushing  nmethod 0x000001c45d02b810
Event: 9.945 Thread 0x000001c46eb5baf0 flushing  nmethod 0x000001c45d035690
Event: 9.945 Thread 0x000001c46eb5baf0 flushing  nmethod 0x000001c45d035f90
Event: 9.945 Thread 0x000001c46eb5baf0 flushing  nmethod 0x000001c45d03d910
Event: 9.945 Thread 0x000001c46eb5baf0 flushing  nmethod 0x000001c45d078090
Event: 9.945 Thread 0x000001c46eb5baf0 flushing  nmethod 0x000001c45d232110

Events (20 events):
Event: 4.919 Thread 0x000001c4748a4260 Thread added: 0x000001c4747b54e0
Event: 4.931 Thread 0x000001c4748a4260 Thread added: 0x000001c4747b4130
Event: 4.982 Thread 0x000001c4748a4260 Thread added: 0x000001c4747b5b70
Event: 5.961 Thread 0x000001c46eb81c70 Thread added: 0x000001c47556ac20
Event: 6.638 Thread 0x000001c47556ac20 Thread exited: 0x000001c47556ac20
Event: 6.995 Thread 0x000001c46eb81c70 Thread added: 0x000001c474c0cea0
Event: 7.087 Thread 0x000001c4748a4260 Thread added: 0x000001c4747b4e50
Event: 7.150 Thread 0x000001c4748a4260 Thread added: 0x000001c4747b6f20
Event: 7.400 Thread 0x000001c474c0cea0 Thread exited: 0x000001c474c0cea0
Event: 7.616 Thread 0x000001c4748a4260 Thread added: 0x000001c474f3fd30
Event: 7.632 Thread 0x000001c4748a4260 Thread added: 0x000001c474f3e2f0
Event: 8.016 Thread 0x000001c4748a4260 Thread added: 0x000001c474f3ae70
Event: 8.082 Thread 0x000001c4748a4260 Thread added: 0x000001c474f39430
Event: 8.472 Thread 0x000001c4748a4260 Thread added: 0x000001c474f3e980
Event: 8.704 Thread 0x000001c4748a4260 Thread added: 0x000001c474f403c0
Event: 8.972 Thread 0x000001c4748a4260 Thread added: 0x000001c474f40a50
Event: 9.049 Thread 0x000001c4748a4260 Thread added: 0x000001c474f39ac0
Event: 9.317 Thread 0x000001c46eb81c70 Thread added: 0x000001c4768f98f0
Event: 10.976 Thread 0x000001c4748a4260 Thread added: 0x000001c474f3bb90
Event: 11.047 Thread 0x000001c4748a4260 Thread added: 0x000001c474f3c220


Dynamic libraries:
0x00007ff7f6740000 - 0x00007ff7f674e000 	C:\Users\admin\.vscode\extensions\redhat.java-1.54.0-win32-x64\jre\21.0.10-win32-x86_64\bin\java.exe
0x00007ffb1c560000 - 0x00007ffb1c750000 	C:\Windows\SYSTEM32\ntdll.dll
0x00007ffb1ad30000 - 0x00007ffb1ade2000 	C:\Windows\System32\KERNEL32.DLL
0x00007ffb194d0000 - 0x00007ffb19775000 	C:\Windows\System32\KERNELBASE.dll
0x00007ffb1a3c0000 - 0x00007ffb1a4ba000 	C:\Windows\System32\ucrtbase.dll
0x00007ffaee9d0000 - 0x00007ffaee9e8000 	C:\Users\admin\.vscode\extensions\redhat.java-1.54.0-win32-x64\jre\21.0.10-win32-x86_64\bin\jli.dll
0x00007ffb1be70000 - 0x00007ffb1c004000 	C:\Windows\System32\USER32.dll
0x00007ffb1a550000 - 0x00007ffb1a571000 	C:\Windows\System32\win32u.dll
0x00007ffb1ad00000 - 0x00007ffb1ad26000 	C:\Windows\System32\GDI32.dll
0x00007ffb19820000 - 0x00007ffb199b8000 	C:\Windows\System32\gdi32full.dll
0x00007ffb19780000 - 0x00007ffb1981e000 	C:\Windows\System32\msvcp_win.dll
0x00007ffaedcd0000 - 0x00007ffaedcee000 	C:\Users\admin\.vscode\extensions\redhat.java-1.54.0-win32-x64\jre\21.0.10-win32-x86_64\bin\VCRUNTIME140.dll
0x00007ffb0dbe0000 - 0x00007ffb0de64000 	C:\Windows\WinSxS\amd64_microsoft.windows.common-controls_6595b64144ccf1df_6.0.18362.1556_none_9e7e372fe45e41d5\COMCTL32.dll
0x00007ffb1b150000 - 0x00007ffb1b1ee000 	C:\Windows\System32\msvcrt.dll
0x00007ffb1b990000 - 0x00007ffb1bcc6000 	C:\Windows\System32\combase.dll
0x00007ffb1c380000 - 0x00007ffb1c49f000 	C:\Windows\System32\RPCRT4.dll
0x00007ffb1a580000 - 0x00007ffb1a601000 	C:\Windows\System32\bcryptPrimitives.dll
0x00007ffb1b8a0000 - 0x00007ffb1b8ce000 	C:\Windows\System32\IMM32.DLL
0x00007ffb079b0000 - 0x00007ffb079bc000 	C:\Users\admin\.vscode\extensions\redhat.java-1.54.0-win32-x64\jre\21.0.10-win32-x86_64\bin\vcruntime140_1.dll
0x00007ffac1730000 - 0x00007ffac17bd000 	C:\Users\admin\.vscode\extensions\redhat.java-1.54.0-win32-x64\jre\21.0.10-win32-x86_64\bin\msvcp140.dll
0x00007ffab42d0000 - 0x00007ffab5071000 	C:\Users\admin\.vscode\extensions\redhat.java-1.54.0-win32-x64\jre\21.0.10-win32-x86_64\bin\server\jvm.dll
0x00007ffb1adf0000 - 0x00007ffb1ae93000 	C:\Windows\System32\ADVAPI32.dll
0x00007ffb1c0f0000 - 0x00007ffb1c187000 	C:\Windows\System32\sechost.dll
0x00007ffb19480000 - 0x00007ffb194ca000 	C:\Windows\System32\POWRPROF.dll
0x00007ffb19410000 - 0x00007ffb19420000 	C:\Windows\System32\UMPDC.dll
0x00007ffb1bcd0000 - 0x00007ffb1bd3f000 	C:\Windows\System32\WS2_32.dll
0x00007ffb174a0000 - 0x00007ffb174c4000 	C:\Windows\SYSTEM32\WINMM.dll
0x00007ffb11e50000 - 0x00007ffb11e5a000 	C:\Windows\SYSTEM32\VERSION.dll
0x00007ffb17340000 - 0x00007ffb1736d000 	C:\Windows\SYSTEM32\WINMMBASE.dll
0x00007ffb1a1f0000 - 0x00007ffb1a23a000 	C:\Windows\System32\cfgmgr32.dll
0x00007ffb19420000 - 0x00007ffb19431000 	C:\Windows\System32\kernel.appcore.dll
0x00007ffb07930000 - 0x00007ffb0793a000 	C:\Users\admin\.vscode\extensions\redhat.java-1.54.0-win32-x64\jre\21.0.10-win32-x86_64\bin\jimage.dll
0x00007ffb0e1d0000 - 0x00007ffb0e3c4000 	C:\Windows\SYSTEM32\DBGHELP.DLL
0x00007ffb0afe0000 - 0x00007ffb0b00a000 	C:\Windows\SYSTEM32\dbgcore.DLL
0x00007ffb068c0000 - 0x00007ffb068cf000 	C:\Users\admin\.vscode\extensions\redhat.java-1.54.0-win32-x64\jre\21.0.10-win32-x86_64\bin\instrument.dll
0x00007ffaecc10000 - 0x00007ffaecc30000 	C:\Users\admin\.vscode\extensions\redhat.java-1.54.0-win32-x64\jre\21.0.10-win32-x86_64\bin\java.dll
0x00007ffb1a610000 - 0x00007ffb1acf7000 	C:\Windows\System32\SHELL32.dll
0x00007ffb1b040000 - 0x00007ffb1b0e8000 	C:\Windows\System32\shcore.dll
0x00007ffb199c0000 - 0x00007ffb1a13b000 	C:\Windows\System32\windows.storage.dll
0x00007ffb19460000 - 0x00007ffb1947e000 	C:\Windows\System32\profapi.dll
0x00007ffb1b0f0000 - 0x00007ffb1b142000 	C:\Windows\System32\shlwapi.dll
0x00007ffb1a3a0000 - 0x00007ffb1a3b7000 	C:\Windows\System32\cryptsp.dll
0x00007ffad97e0000 - 0x00007ffad97f8000 	C:\Users\admin\.vscode\extensions\redhat.java-1.54.0-win32-x64\jre\21.0.10-win32-x86_64\bin\zip.dll
0x00007ffb073a0000 - 0x00007ffb073b0000 	C:\Users\admin\.vscode\extensions\redhat.java-1.54.0-win32-x64\jre\21.0.10-win32-x86_64\bin\net.dll
0x00007ffb140f0000 - 0x00007ffb141ea000 	C:\Windows\SYSTEM32\WINHTTP.dll
0x00007ffb18bf0000 - 0x00007ffb18c57000 	C:\Windows\system32\mswsock.dll
0x00007ffad97c0000 - 0x00007ffad97d6000 	C:\Users\admin\.vscode\extensions\redhat.java-1.54.0-win32-x64\jre\21.0.10-win32-x86_64\bin\nio.dll
0x00007ffb03530000 - 0x00007ffb03540000 	C:\Users\admin\.vscode\extensions\redhat.java-1.54.0-win32-x64\jre\21.0.10-win32-x86_64\bin\verify.dll
0x00007ffb013b0000 - 0x00007ffb013d7000 	C:\Users\admin\.gradle\native\c067742578af261105cb4f569cf0c3c89f3d7b1fecec35dd04571415982c5e48\windows-amd64\native-platform.dll
0x00007ffac1910000 - 0x00007ffac1a54000 	C:\Users\admin\.gradle\native\100fb08df4bc3b14c8652ba06237920a3bd2aa13389f12d3474272988ae205f9\windows-amd64\native-platform-file-events.dll
0x00007ffaf5a90000 - 0x00007ffaf5a9a000 	C:\Users\admin\.vscode\extensions\redhat.java-1.54.0-win32-x64\jre\21.0.10-win32-x86_64\bin\management.dll
0x00007ffaf57e0000 - 0x00007ffaf57ec000 	C:\Users\admin\.vscode\extensions\redhat.java-1.54.0-win32-x64\jre\21.0.10-win32-x86_64\bin\management_ext.dll
0x00007ffb1c0e0000 - 0x00007ffb1c0e8000 	C:\Windows\System32\PSAPI.DLL
0x00007ffb18770000 - 0x00007ffb187a3000 	C:\Windows\system32\rsaenh.dll
0x00007ffb1a4c0000 - 0x00007ffb1a4e6000 	C:\Windows\System32\bcrypt.dll
0x00007ffb19330000 - 0x00007ffb19355000 	C:\Windows\SYSTEM32\USERENV.dll
0x00007ffb18dc0000 - 0x00007ffb18dcc000 	C:\Windows\SYSTEM32\CRYPTBASE.dll
0x00007ffb18900000 - 0x00007ffb1893a000 	C:\Windows\SYSTEM32\IPHLPAPI.DLL
0x00007ffb1b980000 - 0x00007ffb1b988000 	C:\Windows\System32\NSI.dll
0x00007ffaf6fb0000 - 0x00007ffaf6fb9000 	C:\Users\admin\.vscode\extensions\redhat.java-1.54.0-win32-x64\jre\21.0.10-win32-x86_64\bin\extnet.dll
0x00007ffafb290000 - 0x00007ffafb29e000 	C:\Users\admin\.vscode\extensions\redhat.java-1.54.0-win32-x64\jre\21.0.10-win32-x86_64\bin\sunmscapi.dll
0x00007ffb1a240000 - 0x00007ffb1a391000 	C:\Windows\System32\CRYPT32.dll
0x00007ffb19440000 - 0x00007ffb19452000 	C:\Windows\System32\MSASN1.dll
0x00007ffb18ed0000 - 0x00007ffb18ef6000 	C:\Windows\SYSTEM32\ncrypt.dll
0x00007ffb18e90000 - 0x00007ffb18ecb000 	C:\Windows\SYSTEM32\NTASN1.dll
0x00007ffaf9c80000 - 0x00007ffaf9c87000 	C:\Windows\system32\wshunix.dll

JVMTI agents:
C:\Users\admin\.gradle\wrapper\dists\gradle-8.9-bin\90cnw93cvbtalezasaz0blq0a\gradle-8.9\lib\agents\gradle-instrumentation-agent-8.9.jar path:C:\Users\admin\.vscode\extensions\redhat.java-1.54.0-win32-x64\jre\21.0.10-win32-x86_64\bin\instrument.dll, loaded, initialized, instrumentlib options:none

dbghelp: loaded successfully - version: 4.0.5 - missing functions: none
symbol engine: initialized successfully - sym options: 0x614 - pdb path: .;C:\Users\admin\.vscode\extensions\redhat.java-1.54.0-win32-x64\jre\21.0.10-win32-x86_64\bin;C:\Windows\SYSTEM32;C:\Windows\WinSxS\amd64_microsoft.windows.common-controls_6595b64144ccf1df_6.0.18362.1556_none_9e7e372fe45e41d5;C:\Users\admin\.vscode\extensions\redhat.java-1.54.0-win32-x64\jre\21.0.10-win32-x86_64\bin\server;C:\Users\admin\.gradle\native\c067742578af261105cb4f569cf0c3c89f3d7b1fecec35dd04571415982c5e48\windows-amd64;C:\Users\admin\.gradle\native\100fb08df4bc3b14c8652ba06237920a3bd2aa13389f12d3474272988ae205f9\windows-amd64

VM Arguments:
jvm_args: --add-opens=java.base/java.util=ALL-UNNAMED --add-opens=java.base/java.lang=ALL-UNNAMED --add-opens=java.base/java.lang.invoke=ALL-UNNAMED --add-opens=java.prefs/java.util.prefs=ALL-UNNAMED --add-exports=jdk.compiler/com.sun.tools.javac.api=ALL-UNNAMED --add-exports=jdk.compiler/com.sun.tools.javac.util=ALL-UNNAMED --add-opens=java.base/java.nio.charset=ALL-UNNAMED --add-opens=java.base/java.net=ALL-UNNAMED --add-opens=java.base/java.util.concurrent.atomic=ALL-UNNAMED -XX:MaxMetaspaceSize=384m -XX:+HeapDumpOnOutOfMemoryError -Xms256m -Xmx512m -Dfile.encoding=utf8 -Duser.country=US -Duser.language=en -Duser.variant -javaagent:C:\Users\admin\.gradle\wrapper\dists\gradle-8.9-bin\90cnw93cvbtalezasaz0blq0a\gradle-8.9\lib\agents\gradle-instrumentation-agent-8.9.jar 
java_command: org.gradle.launcher.daemon.bootstrap.GradleDaemon 8.9
java_class_path (initial): C:\Users\admin\.gradle\wrapper\dists\gradle-8.9-bin\90cnw93cvbtalezasaz0blq0a\gradle-8.9\lib\gradle-daemon-main-8.9.jar
Launcher Type: SUN_STANDARD

[Global flags]
     intx CICompilerCount                          = 3                                         {product} {ergonomic}
   size_t CompressedClassSpaceSize                 = 335544320                                 {product} {ergonomic}
     uint ConcGCThreads                            = 1                                         {product} {ergonomic}
     uint G1ConcRefinementThreads                  = 4                                         {product} {ergonomic}
   size_t G1HeapRegionSize                         = 1048576                                   {product} {ergonomic}
    uintx GCDrainStackTargetSize                   = 64                                        {product} {ergonomic}
     bool HeapDumpOnOutOfMemoryError               = true                                   {manageable} {command line}
   size_t InitialHeapSize                          = 268435456                                 {product} {command line}
   size_t MarkStackSize                            = 4194304                                   {product} {ergonomic}
   size_t MaxHeapSize                              = 536870912                                 {product} {command line}
   size_t MaxMetaspaceSize                         = 402653184                                 {product} {command line}
   size_t MaxNewSize                               = 321912832                                 {product} {ergonomic}
   size_t MinHeapDeltaBytes                        = 1048576                                   {product} {ergonomic}
   size_t MinHeapSize                              = 268435456                                 {product} {command line}
    uintx NonNMethodCodeHeapSize                   = 5832780                                {pd product} {ergonomic}
    uintx NonProfiledCodeHeapSize                  = 122912730                              {pd product} {ergonomic}
    uintx ProfiledCodeHeapSize                     = 122912730                              {pd product} {ergonomic}
    uintx ReservedCodeCacheSize                    = 251658240                              {pd product} {ergonomic}
     bool SegmentedCodeCache                       = true                                      {product} {ergonomic}
   size_t SoftMaxHeapSize                          = 536870912                              {manageable} {ergonomic}
     bool UseCompressedOops                        = true                           {product lp64_product} {ergonomic}
     bool UseG1GC                                  = true                                      {product} {ergonomic}
     bool UseLargePagesIndividualAllocation        = false                                  {pd product} {ergonomic}

Logging:
Log output configuration:
 #0: stdout all=warning uptime,level,tags foldmultilines=false
 #1: stderr all=off uptime,level,tags foldmultilines=false

Release file:
JAVA_VERSION="21.0.10" 
MODULES="java.base java.compiler java.datatransfer java.xml java.prefs java.desktop java.instrument java.logging java.management java.security.sasl java.naming java.rmi java.management.rmi java.net.http java.scripting java.security.jgss java.transaction.xa java.sql java.sql.rowset java.xml.crypto java.se java.smartcardio jdk.accessibility jdk.internal.jvmstat jdk.attach jdk.charsets jdk.internal.opt jdk.zipfs jdk.compiler jdk.crypto.ec jdk.crypto.cryptoki jdk.crypto.mscapi jdk.dynalink jdk.internal.ed jdk.editpad jdk.hotspot.agent jdk.httpserver jdk.internal.le jdk.internal.vm.ci jdk.internal.vm.compiler jdk.internal.vm.compiler.management jdk.jartool jdk.javadoc jdk.jcmd jdk.management jdk.management.agent jdk.jconsole jdk.jdeps jdk.jdwp.agent jdk.jdi jdk.jfr jdk.jshell jdk.jsobject jdk.jstatd jdk.localedata jdk.management.jfr jdk.naming.dns jdk.naming.rmi jdk.net jdk.nio.mapmode jdk.random jdk.sctp jdk.security.auth jdk.security.jgss jdk.unsupported jdk.unsupported.desktop jdk.xml.dom" 

Environment Variables:
JAVA_HOME=C:\Program Files\Java\jdk-17
PATH=C:\Python314\Scripts\;C:\Python314\;C:\Windows\system32;C:\Windows;C:\Windows\System32\Wbem;C:\Windows\System32\WindowsPowerShell\v1.0\;C:\Windows\System32\OpenSSH\;C:\Program Files (x86)\Microsoft SQL Server\170\Tools\Binn\;C:\Program Files\Microsoft SQL Server\170\Tools\Binn\;C:\Program Files\Microsoft SQL Server\Client SDK\ODBC\180\Tools\Binn\;C:\Program Files\Microsoft SQL Server\170\DTS\Binn\;C:\Program Files\nodejs\;C:\ProgramData\chocolatey\bin;C:\Program Files\dotnet\;C:\Program Files\MySQL\MySQL Server 9.6\bin;C:\Program Files\Git\cmd;C:\Program Files\Java\jdk-17\bin;C:\Program Files\Common Files\Oracle\Java\javapath;C:\Program Files\Java\jdk-17\bin;C:\Users\admin\Downloads\Release-26.02.0-0\poppler-26.02.0\Library\bin;D:\program Files\cursor\resources\app\bin;C:\Users\admin\AppData\Local\Microsoft\WindowsApps;d:\Users\admin\AppData\Local\Programs\Microsoft VS Code\bin;C:\Users\admin\AppData\Roaming\npm;C:\Users\admin\.dotnet\tools;C:\flutter\bin;C:\Users\admin\AppData\Local\Programs\Antigravity\bin
USERNAME=admin
OS=Windows_NT
PROCESSOR_IDENTIFIER=Intel64 Family 6 Model 58 Stepping 9, GenuineIntel
TMP=C:\Users\admin\AppData\Local\Temp
TEMP=C:\Users\admin\AppData\Local\Temp




Periodic native trim disabled

---------------  S Y S T E M  ---------------

OS:
 Windows 10 , 64 bit Build 18362 (10.0.18362.1500)
OS uptime: 0 days 1:43 hours

CPU: total 4 (initial active 4) (4 cores per cpu, 1 threads per core) family 6 model 58 stepping 9 microcode 0x20, cx8, cmov, fxsr, mmx, sse, sse2, sse3, ssse3, sse4.1, sse4.2, popcnt, tsc, tscinvbit, avx, aes, erms, clmul, vzeroupper, clflush, rdtscp, f16c
Processor Information for the first 4 processors :
  Max Mhz: 2901, Current Mhz: 2901, Mhz Limit: 2901

Memory: 4k page, system-wide physical 8079M (371M free)
TotalPageFile size 16025M (AvailPageFile size 1M)
current process WorkingSet (physical memory assigned to process): 348M, peak: 356M
current process commit charge ("private bytes"): 449M, peak: 458M

vm_info: OpenJDK 64-Bit Server VM (21.0.10+7-LTS) for windows-amd64 JRE (21.0.10+7-LTS), built on 2026-01-20T00:00:00Z by "admin" with MS VC++ 17.12 (VS2022)

END.
