#
# There is insufficient memory for the Java Runtime Environment to continue.
# Native memory allocation (malloc) failed to allocate 2157424 bytes for Chunk::new
# Possible reasons:
#   The system is out of physical RAM or swap space
#   The process is running with CompressedOops enabled, and the Java Heap may be blocking the growth of the native heap
# Possible solutions:
#   Reduce memory load on the system
#   Increase physical memory or swap space
#   Check if swap backing store is full
#   Decrease Java heap size (-Xmx/-Xms)
#   Decrease number of Java threads
#   Decrease Java thread stack sizes (-Xss)
#   Set larger code cache with -XX:ReservedCodeCacheSize=
#   JVM is running with Unscaled Compressed Oops mode in which the Java heap is
#     placed in the first 4GB address space. The Java Heap base address is the
#     maximum limit for the native heap growth. Please use -XX:HeapBaseMinAddress
#     to set the Java Heap base and to place the Java Heap above 4GB virtual address.
# This output file may be truncated or incomplete.
#
#  Out of Memory Error (arena.cpp:189), pid=8204, tid=8476
#
# JRE version: Java(TM) SE Runtime Environment (17.0.12+8) (build 17.0.12+8-LTS-286)
# Java VM: Java HotSpot(TM) 64-Bit Server VM (17.0.12+8-LTS-286, mixed mode, sharing, tiered, compressed oops, compressed class ptrs, g1 gc, windows-amd64)
# No core dump will be written. Minidumps are not enabled by default on client versions of Windows
#

---------------  S U M M A R Y ------------

Command Line: --add-opens=java.base/java.lang=ALL-UNNAMED --add-opens=java.base/java.lang.invoke=ALL-UNNAMED --add-opens=java.base/java.util=ALL-UNNAMED --add-opens=java.prefs/java.util.prefs=ALL-UNNAMED --add-exports=jdk.compiler/com.sun.tools.javac.api=ALL-UNNAMED --add-exports=jdk.compiler/com.sun.tools.javac.util=ALL-UNNAMED --add-opens=java.base/java.util=ALL-UNNAMED --add-opens=java.prefs/java.util.prefs=ALL-UNNAMED --add-opens=java.base/java.nio.charset=ALL-UNNAMED --add-opens=java.base/java.net=ALL-UNNAMED --add-opens=java.base/java.util.concurrent.atomic=ALL-UNNAMED --add-opens=java.xml/javax.xml.namespace=ALL-UNNAMED -XX:MaxMetaspaceSize=512m -XX:+HeapDumpOnOutOfMemoryError -Xmx2048m -Dfile.encoding=UTF-8 -Duser.country=US -Duser.language=en -Duser.variant -javaagent:C:\Users\admin\.gradle\wrapper\dists\gradle-8.14-all\c2qonpi39x1mddn7hk5gh9iqj\gradle-8.14\lib\agents\gradle-instrumentation-agent-8.14.jar org.gradle.launcher.daemon.bootstrap.GradleDaemon 8.14

Host: Intel(R) Core(TM) i5-3470S CPU @ 2.90GHz, 4 cores, 7G,  Windows 10 , 64 bit Build 18362 (10.0.18362.1500)
Time: Fri Jun 19 13:04:19 2026 India Standard Time elapsed time: 6.646798 seconds (0d 0h 0m 6s)

---------------  T H R E A D  ---------------

Current thread (0x000001e168d599c0):  JavaThread "C2 CompilerThread0" daemon [_thread_in_native, id=8476, stack(0x000000b15f100000,0x000000b15f200000)]


Current CompileTask:
C2:   6646 2459   !   4       java.net.URLClassLoader::findClass (47 bytes)

Stack: [0x000000b15f100000,0x000000b15f200000]
Native frames: (J=compiled Java code, j=interpreted, Vv=VM code, C=native code)
V  [jvm.dll+0x67a04a]
V  [jvm.dll+0x7da4ed]
V  [jvm.dll+0x7dbe33]
V  [jvm.dll+0x7dc4a3]
V  [jvm.dll+0x24508f]
V  [jvm.dll+0xab773]
V  [jvm.dll+0xabd3c]
V  [jvm.dll+0x361bee]
V  [jvm.dll+0x32c431]
V  [jvm.dll+0x32b8ca]
V  [jvm.dll+0x21683f]
V  [jvm.dll+0x215c6f]
V  [jvm.dll+0x1a2960]
V  [jvm.dll+0x22610b]
V  [jvm.dll+0x2242ab]
V  [jvm.dll+0x79075c]
V  [jvm.dll+0x78abea]
V  [jvm.dll+0x678f35]
C  [ucrtbase.dll+0x210b2]
C  [KERNEL32.DLL+0x17c24]
C  [ntdll.dll+0x6d721]


---------------  P R O C E S S  ---------------

Threads class SMR info:
_java_thread_list=0x000001e16facacb0, length=25, elements={
0x000001e1494b7c20, 0x000001e168d40670, 0x000001e168d41400, 0x000001e168d51f20,
0x000001e168d53a00, 0x000001e168d544d0, 0x000001e168d56db0, 0x000001e168d599c0,
0x000001e168d5a380, 0x000001e168dcbb10, 0x000001e168d29940, 0x000001e16d1b2680,
0x000001e16e56fa00, 0x000001e16dd675d0, 0x000001e16eee5290, 0x000001e16ef37bd0,
0x000001e16ef380b0, 0x000001e16ef9ea40, 0x000001e16ef9ef50, 0x000001e16ef9c6d0,
0x000001e16ef9d600, 0x000001e16ef9db10, 0x000001e16ef9e020, 0x000001e16ef9e530,
0x000001e16ef9f460
}

Java Threads: ( => current thread )
  0x000001e1494b7c20 JavaThread "main" [_thread_blocked, id=7928, stack(0x000000b15e300000,0x000000b15e400000)]
  0x000001e168d40670 JavaThread "Reference Handler" daemon [_thread_blocked, id=9220, stack(0x000000b15eb00000,0x000000b15ec00000)]
  0x000001e168d41400 JavaThread "Finalizer" daemon [_thread_blocked, id=10956, stack(0x000000b15ec00000,0x000000b15ed00000)]
  0x000001e168d51f20 JavaThread "Signal Dispatcher" daemon [_thread_blocked, id=10376, stack(0x000000b15ed00000,0x000000b15ee00000)]
  0x000001e168d53a00 JavaThread "Attach Listener" daemon [_thread_blocked, id=440, stack(0x000000b15ee00000,0x000000b15ef00000)]
  0x000001e168d544d0 JavaThread "Service Thread" daemon [_thread_blocked, id=5672, stack(0x000000b15ef00000,0x000000b15f000000)]
  0x000001e168d56db0 JavaThread "Monitor Deflation Thread" daemon [_thread_blocked, id=6372, stack(0x000000b15f000000,0x000000b15f100000)]
=>0x000001e168d599c0 JavaThread "C2 CompilerThread0" daemon [_thread_in_native, id=8476, stack(0x000000b15f100000,0x000000b15f200000)]
  0x000001e168d5a380 JavaThread "C1 CompilerThread0" daemon [_thread_blocked, id=5256, stack(0x000000b15f200000,0x000000b15f300000)]
  0x000001e168dcbb10 JavaThread "Sweeper thread" daemon [_thread_blocked, id=7272, stack(0x000000b15f300000,0x000000b15f400000)]
  0x000001e168d29940 JavaThread "Common-Cleaner" daemon [_thread_blocked, id=2172, stack(0x000000b15f400000,0x000000b15f500000)]
  0x000001e16d1b2680 JavaThread "Notification Thread" daemon [_thread_blocked, id=1672, stack(0x000000b15f500000,0x000000b15f600000)]
  0x000001e16e56fa00 JavaThread "Daemon health stats" [_thread_blocked, id=2748, stack(0x000000b15fb00000,0x000000b15fc00000)]
  0x000001e16dd675d0 JavaThread "Incoming local TCP Connector on port 50285" [_thread_in_native, id=12280, stack(0x000000b15f900000,0x000000b15fa00000)]
  0x000001e16eee5290 JavaThread "Daemon periodic checks" [_thread_blocked, id=12108, stack(0x000000b15fc00000,0x000000b15fd00000)]
  0x000001e16ef37bd0 JavaThread "Daemon" [_thread_blocked, id=1408, stack(0x000000b15fe00000,0x000000b15ff00000)]
  0x000001e16ef380b0 JavaThread "Handler for socket connection from /127.0.0.1:50285 to /127.0.0.1:50286" [_thread_in_native, id=11460, stack(0x000000b15ff00000,0x000000b160000000)]
  0x000001e16ef9ea40 JavaThread "Cancel handler" [_thread_blocked, id=5572, stack(0x000000b160000000,0x000000b160100000)]
  0x000001e16ef9ef50 JavaThread "Daemon worker" [_thread_in_Java, id=2064, stack(0x000000b160100000,0x000000b160200000)]
  0x000001e16ef9c6d0 JavaThread "Asynchronous log dispatcher for DefaultDaemonConnection: socket connection from /127.0.0.1:50285 to /127.0.0.1:50286" [_thread_blocked, id=9284, stack(0x000000b160200000,0x000000b160300000)]
  0x000001e16ef9d600 JavaThread "Stdin handler" [_thread_blocked, id=80, stack(0x000000b160300000,0x000000b160400000)]
  0x000001e16ef9db10 JavaThread "Daemon client event forwarder" [_thread_blocked, id=11732, stack(0x000000b160400000,0x000000b160500000)]
  0x000001e16ef9e020 JavaThread "Cache worker for journal cache (C:\Users\admin\.gradle\caches\journal-1)" [_thread_blocked, id=9276, stack(0x000000b15fd00000,0x000000b15fe00000)]
  0x000001e16ef9e530 JavaThread "File lock request listener" [_thread_in_native, id=9676, stack(0x000000b160500000,0x000000b160600000)]
  0x000001e16ef9f460 JavaThread "Cache worker for file hash cache (C:\Users\admin\.gradle\caches\8.14\fileHashes)" [_thread_blocked, id=11504, stack(0x000000b160600000,0x000000b160700000)]

Other Threads:
  0x000001e168d39070 VMThread "VM Thread" [stack: 0x000000b15ea00000,0x000000b15eb00000] [id=2636]
  0x000001e1494b99c0 WatcherThread [stack: 0x000000b15f600000,0x000000b15f700000] [id=5624]
  0x000001e14947e850 GCTaskThread "GC Thread#0" [stack: 0x000000b15e500000,0x000000b15e600000] [id=6160]
  0x000001e16d247220 GCTaskThread "GC Thread#1" [stack: 0x000000b15f700000,0x000000b15f800000] [id=5304]
  0x000001e16d2474e0 GCTaskThread "GC Thread#2" [stack: 0x000000b15f800000,0x000000b15f900000] [id=8636]
  0x000001e16e17cdc0 GCTaskThread "GC Thread#3" [stack: 0x000000b15fa00000,0x000000b15fb00000] [id=6968]
  0x000001e14951fe50 ConcurrentGCThread "G1 Main Marker" [stack: 0x000000b15e600000,0x000000b15e700000] [id=10832]
  0x000001e149520770 ConcurrentGCThread "G1 Conc#0" [stack: 0x000000b15e700000,0x000000b15e800000] [id=11852]
  0x000001e149576f10 ConcurrentGCThread "G1 Refine#0" [stack: 0x000000b15e800000,0x000000b15e900000] [id=11848]
  0x000001e149577850 ConcurrentGCThread "G1 Service" [stack: 0x000000b15e900000,0x000000b15ea00000] [id=1668]

Threads with active compile tasks:
C2 CompilerThread0     6667 2459   !   4       java.net.URLClassLoader::findClass (47 bytes)

VM state: not at safepoint (normal execution)

VM Mutex/Monitor currently owned by a thread: None

Heap address: 0x0000000080000000, size: 2048 MB, Compressed Oops mode: 32-bit

CDS archive(s) mapped at: [0x000001e100000000-0x000001e100bd0000-0x000001e100bd0000), size 12386304, SharedBaseAddress: 0x000001e100000000, ArchiveRelocationMode: 1.
Compressed class space mapped at: 0x000001e101000000-0x000001e11b000000, reserved size: 436207616
Narrow klass base: 0x000001e100000000, Narrow klass shift: 0, Narrow klass range: 0x100000000

GC Precious Log:
 CPUs: 4 total, 4 available
 Memory: 8079M
 Large Page Support: Disabled
 NUMA Support: Disabled
 Compressed Oops: Enabled (32-bit)
 Heap Region Size: 1M
 Heap Min Capacity: 8M
 Heap Initial Capacity: 128M
 Heap Max Capacity: 2G
 Pre-touch: Disabled
 Parallel Workers: 4
 Concurrent Workers: 1
 Concurrent Refinement Workers: 4
 Periodic GC: Disabled

Heap:
 garbage-first heap   total 131072K, used 25648K [0x0000000080000000, 0x0000000100000000)
  region size 1024K, 11 young (11264K), 6 survivors (6144K)
 Metaspace       used 17542K, committed 17856K, reserved 491520K
  class space    used 2490K, committed 2624K, reserved 425984K

Heap Regions: E=young(eden), S=young(survivor), O=old, HS=humongous(starts), HC=humongous(continues), CS=collection set, F=free, OA=open archive, CA=closed archive, TAMS=top-at-mark-start (previous, next)
|   0|0x0000000080000000, 0x0000000080100000, 0x0000000080100000|100%|HS|  |TAMS 0x0000000080000000, 0x0000000080000000| Complete 
|   1|0x0000000080100000, 0x0000000080200000, 0x0000000080200000|100%|HC|  |TAMS 0x0000000080100000, 0x0000000080100000| Complete 
|   2|0x0000000080200000, 0x0000000080300000, 0x0000000080300000|100%|HC|  |TAMS 0x0000000080200000, 0x0000000080200000| Complete 
|   3|0x0000000080300000, 0x0000000080400000, 0x0000000080400000|100%| O|  |TAMS 0x0000000080300000, 0x0000000080300000| Untracked 
|   4|0x0000000080400000, 0x0000000080500000, 0x0000000080500000|100%| O|  |TAMS 0x0000000080400000, 0x0000000080400000| Untracked 
|   5|0x0000000080500000, 0x0000000080600000, 0x0000000080600000|100%| O|  |TAMS 0x0000000080500000, 0x0000000080500000| Untracked 
|   6|0x0000000080600000, 0x0000000080700000, 0x0000000080700000|100%| O|  |TAMS 0x0000000080600000, 0x0000000080600000| Untracked 
|   7|0x0000000080700000, 0x0000000080800000, 0x0000000080800000|100%|HS|  |TAMS 0x0000000080700000, 0x0000000080700000| Complete 
|   8|0x0000000080800000, 0x0000000080900000, 0x0000000080900000|100%| O|  |TAMS 0x0000000080800000, 0x0000000080800000| Untracked 
|   9|0x0000000080900000, 0x0000000080a00000, 0x0000000080a00000|100%| O|  |TAMS 0x0000000080900000, 0x0000000080900000| Untracked 
|  10|0x0000000080a00000, 0x0000000080b00000, 0x0000000080b00000|100%| O|  |TAMS 0x0000000080a00000, 0x0000000080a00000| Untracked 
|  11|0x0000000080b00000, 0x0000000080c00000, 0x0000000080c00000|100%| O|  |TAMS 0x0000000080b00000, 0x0000000080b00000| Untracked 
|  12|0x0000000080c00000, 0x0000000080d00000, 0x0000000080d00000|100%| O|  |TAMS 0x0000000080c00000, 0x0000000080c00000| Untracked 
|  13|0x0000000080d00000, 0x0000000080e00000, 0x0000000080e00000|100%| O|  |TAMS 0x0000000080d00000, 0x0000000080d00000| Untracked 
|  14|0x0000000080e00000, 0x0000000080f00000, 0x0000000080f00000|100%| O|  |TAMS 0x0000000080e00000, 0x0000000080e00000| Untracked 
|  15|0x0000000080f00000, 0x0000000080fa8800, 0x0000000081000000| 65%| O|  |TAMS 0x0000000080f00000, 0x0000000080f00000| Untracked 
|  16|0x0000000081000000, 0x0000000081000000, 0x0000000081100000|  0%| F|  |TAMS 0x0000000081000000, 0x0000000081000000| Untracked 
|  17|0x0000000081100000, 0x0000000081100000, 0x0000000081200000|  0%| F|  |TAMS 0x0000000081100000, 0x0000000081100000| Untracked 
|  18|0x0000000081200000, 0x0000000081200000, 0x0000000081300000|  0%| F|  |TAMS 0x0000000081200000, 0x0000000081200000| Untracked 
|  19|0x0000000081300000, 0x0000000081300000, 0x0000000081400000|  0%| F|  |TAMS 0x0000000081300000, 0x0000000081300000| Untracked 
|  20|0x0000000081400000, 0x0000000081400000, 0x0000000081500000|  0%| F|  |TAMS 0x0000000081400000, 0x0000000081400000| Untracked 
|  21|0x0000000081500000, 0x0000000081500000, 0x0000000081600000|  0%| F|  |TAMS 0x0000000081500000, 0x0000000081500000| Untracked 
|  22|0x0000000081600000, 0x0000000081600000, 0x0000000081700000|  0%| F|  |TAMS 0x0000000081600000, 0x0000000081600000| Untracked 
|  23|0x0000000081700000, 0x0000000081700000, 0x0000000081800000|  0%| F|  |TAMS 0x0000000081700000, 0x0000000081700000| Untracked 
|  24|0x0000000081800000, 0x0000000081800000, 0x0000000081900000|  0%| F|  |TAMS 0x0000000081800000, 0x0000000081800000| Untracked 
|  25|0x0000000081900000, 0x0000000081900000, 0x0000000081a00000|  0%| F|  |TAMS 0x0000000081900000, 0x0000000081900000| Untracked 
|  26|0x0000000081a00000, 0x0000000081a00000, 0x0000000081b00000|  0%| F|  |TAMS 0x0000000081a00000, 0x0000000081a00000| Untracked 
|  27|0x0000000081b00000, 0x0000000081b00000, 0x0000000081c00000|  0%| F|  |TAMS 0x0000000081b00000, 0x0000000081b00000| Untracked 
|  28|0x0000000081c00000, 0x0000000081c00000, 0x0000000081d00000|  0%| F|  |TAMS 0x0000000081c00000, 0x0000000081c00000| Untracked 
|  29|0x0000000081d00000, 0x0000000081d00000, 0x0000000081e00000|  0%| F|  |TAMS 0x0000000081d00000, 0x0000000081d00000| Untracked 
|  30|0x0000000081e00000, 0x0000000081e00000, 0x0000000081f00000|  0%| F|  |TAMS 0x0000000081e00000, 0x0000000081e00000| Untracked 
|  31|0x0000000081f00000, 0x0000000081f00000, 0x0000000082000000|  0%| F|  |TAMS 0x0000000081f00000, 0x0000000081f00000| Untracked 
|  32|0x0000000082000000, 0x0000000082000000, 0x0000000082100000|  0%| F|  |TAMS 0x0000000082000000, 0x0000000082000000| Untracked 
|  33|0x0000000082100000, 0x0000000082100000, 0x0000000082200000|  0%| F|  |TAMS 0x0000000082100000, 0x0000000082100000| Untracked 
|  34|0x0000000082200000, 0x0000000082200000, 0x0000000082300000|  0%| F|  |TAMS 0x0000000082200000, 0x0000000082200000| Untracked 
|  35|0x0000000082300000, 0x0000000082300000, 0x0000000082400000|  0%| F|  |TAMS 0x0000000082300000, 0x0000000082300000| Untracked 
|  36|0x0000000082400000, 0x0000000082400000, 0x0000000082500000|  0%| F|  |TAMS 0x0000000082400000, 0x0000000082400000| Untracked 
|  37|0x0000000082500000, 0x0000000082500000, 0x0000000082600000|  0%| F|  |TAMS 0x0000000082500000, 0x0000000082500000| Untracked 
|  38|0x0000000082600000, 0x0000000082600000, 0x0000000082700000|  0%| F|  |TAMS 0x0000000082600000, 0x0000000082600000| Untracked 
|  39|0x0000000082700000, 0x0000000082700000, 0x0000000082800000|  0%| F|  |TAMS 0x0000000082700000, 0x0000000082700000| Untracked 
|  40|0x0000000082800000, 0x0000000082800000, 0x0000000082900000|  0%| F|  |TAMS 0x0000000082800000, 0x0000000082800000| Untracked 
|  41|0x0000000082900000, 0x0000000082900000, 0x0000000082a00000|  0%| F|  |TAMS 0x0000000082900000, 0x0000000082900000| Untracked 
|  42|0x0000000082a00000, 0x0000000082a00000, 0x0000000082b00000|  0%| F|  |TAMS 0x0000000082a00000, 0x0000000082a00000| Untracked 
|  43|0x0000000082b00000, 0x0000000082b00000, 0x0000000082c00000|  0%| F|  |TAMS 0x0000000082b00000, 0x0000000082b00000| Untracked 
|  44|0x0000000082c00000, 0x0000000082c00000, 0x0000000082d00000|  0%| F|  |TAMS 0x0000000082c00000, 0x0000000082c00000| Untracked 
|  45|0x0000000082d00000, 0x0000000082d00000, 0x0000000082e00000|  0%| F|  |TAMS 0x0000000082d00000, 0x0000000082d00000| Untracked 
|  46|0x0000000082e00000, 0x0000000082e00000, 0x0000000082f00000|  0%| F|  |TAMS 0x0000000082e00000, 0x0000000082e00000| Untracked 
|  47|0x0000000082f00000, 0x0000000082f00000, 0x0000000083000000|  0%| F|  |TAMS 0x0000000082f00000, 0x0000000082f00000| Untracked 
|  48|0x0000000083000000, 0x0000000083000000, 0x0000000083100000|  0%| F|  |TAMS 0x0000000083000000, 0x0000000083000000| Untracked 
|  49|0x0000000083100000, 0x0000000083100000, 0x0000000083200000|  0%| F|  |TAMS 0x0000000083100000, 0x0000000083100000| Untracked 
|  50|0x0000000083200000, 0x0000000083200000, 0x0000000083300000|  0%| F|  |TAMS 0x0000000083200000, 0x0000000083200000| Untracked 
|  51|0x0000000083300000, 0x0000000083300000, 0x0000000083400000|  0%| F|  |TAMS 0x0000000083300000, 0x0000000083300000| Untracked 
|  52|0x0000000083400000, 0x0000000083400000, 0x0000000083500000|  0%| F|  |TAMS 0x0000000083400000, 0x0000000083400000| Untracked 
|  53|0x0000000083500000, 0x0000000083500000, 0x0000000083600000|  0%| F|  |TAMS 0x0000000083500000, 0x0000000083500000| Untracked 
|  54|0x0000000083600000, 0x0000000083600000, 0x0000000083700000|  0%| F|  |TAMS 0x0000000083600000, 0x0000000083600000| Untracked 
|  55|0x0000000083700000, 0x0000000083763800, 0x0000000083800000| 38%| S|CS|TAMS 0x0000000083700000, 0x0000000083700000| Complete 
|  56|0x0000000083800000, 0x0000000083900000, 0x0000000083900000|100%| S|CS|TAMS 0x0000000083800000, 0x0000000083800000| Complete 
|  57|0x0000000083900000, 0x0000000083a00000, 0x0000000083a00000|100%| S|CS|TAMS 0x0000000083900000, 0x0000000083900000| Complete 
|  58|0x0000000083a00000, 0x0000000083b00000, 0x0000000083b00000|100%| S|CS|TAMS 0x0000000083a00000, 0x0000000083a00000| Complete 
|  59|0x0000000083b00000, 0x0000000083c00000, 0x0000000083c00000|100%| S|CS|TAMS 0x0000000083b00000, 0x0000000083b00000| Complete 
|  60|0x0000000083c00000, 0x0000000083d00000, 0x0000000083d00000|100%| S|CS|TAMS 0x0000000083c00000, 0x0000000083c00000| Complete 
|  61|0x0000000083d00000, 0x0000000083d00000, 0x0000000083e00000|  0%| F|  |TAMS 0x0000000083d00000, 0x0000000083d00000| Untracked 
|  62|0x0000000083e00000, 0x0000000083e00000, 0x0000000083f00000|  0%| F|  |TAMS 0x0000000083e00000, 0x0000000083e00000| Untracked 
|  63|0x0000000083f00000, 0x0000000083f00000, 0x0000000084000000|  0%| F|  |TAMS 0x0000000083f00000, 0x0000000083f00000| Untracked 
|  64|0x0000000084000000, 0x0000000084000000, 0x0000000084100000|  0%| F|  |TAMS 0x0000000084000000, 0x0000000084000000| Untracked 
|  65|0x0000000084100000, 0x0000000084100000, 0x0000000084200000|  0%| F|  |TAMS 0x0000000084100000, 0x0000000084100000| Untracked 
|  66|0x0000000084200000, 0x0000000084200000, 0x0000000084300000|  0%| F|  |TAMS 0x0000000084200000, 0x0000000084200000| Untracked 
|  67|0x0000000084300000, 0x0000000084300000, 0x0000000084400000|  0%| F|  |TAMS 0x0000000084300000, 0x0000000084300000| Untracked 
|  68|0x0000000084400000, 0x0000000084400000, 0x0000000084500000|  0%| F|  |TAMS 0x0000000084400000, 0x0000000084400000| Untracked 
|  69|0x0000000084500000, 0x0000000084500000, 0x0000000084600000|  0%| F|  |TAMS 0x0000000084500000, 0x0000000084500000| Untracked 
|  70|0x0000000084600000, 0x0000000084600000, 0x0000000084700000|  0%| F|  |TAMS 0x0000000084600000, 0x0000000084600000| Untracked 
|  71|0x0000000084700000, 0x0000000084700000, 0x0000000084800000|  0%| F|  |TAMS 0x0000000084700000, 0x0000000084700000| Untracked 
|  72|0x0000000084800000, 0x0000000084800000, 0x0000000084900000|  0%| F|  |TAMS 0x0000000084800000, 0x0000000084800000| Untracked 
|  73|0x0000000084900000, 0x0000000084900000, 0x0000000084a00000|  0%| F|  |TAMS 0x0000000084900000, 0x0000000084900000| Untracked 
|  74|0x0000000084a00000, 0x0000000084a00000, 0x0000000084b00000|  0%| F|  |TAMS 0x0000000084a00000, 0x0000000084a00000| Untracked 
|  75|0x0000000084b00000, 0x0000000084b00000, 0x0000000084c00000|  0%| F|  |TAMS 0x0000000084b00000, 0x0000000084b00000| Untracked 
|  76|0x0000000084c00000, 0x0000000084c00000, 0x0000000084d00000|  0%| F|  |TAMS 0x0000000084c00000, 0x0000000084c00000| Untracked 
|  77|0x0000000084d00000, 0x0000000084d00000, 0x0000000084e00000|  0%| F|  |TAMS 0x0000000084d00000, 0x0000000084d00000| Untracked 
|  78|0x0000000084e00000, 0x0000000084e00000, 0x0000000084f00000|  0%| F|  |TAMS 0x0000000084e00000, 0x0000000084e00000| Untracked 
|  79|0x0000000084f00000, 0x0000000084f00000, 0x0000000085000000|  0%| F|  |TAMS 0x0000000084f00000, 0x0000000084f00000| Untracked 
|  80|0x0000000085000000, 0x0000000085000000, 0x0000000085100000|  0%| F|  |TAMS 0x0000000085000000, 0x0000000085000000| Untracked 
|  81|0x0000000085100000, 0x0000000085100000, 0x0000000085200000|  0%| F|  |TAMS 0x0000000085100000, 0x0000000085100000| Untracked 
|  82|0x0000000085200000, 0x0000000085200000, 0x0000000085300000|  0%| F|  |TAMS 0x0000000085200000, 0x0000000085200000| Untracked 
|  83|0x0000000085300000, 0x0000000085300000, 0x0000000085400000|  0%| F|  |TAMS 0x0000000085300000, 0x0000000085300000| Untracked 
|  84|0x0000000085400000, 0x0000000085400000, 0x0000000085500000|  0%| F|  |TAMS 0x0000000085400000, 0x0000000085400000| Untracked 
|  85|0x0000000085500000, 0x0000000085500000, 0x0000000085600000|  0%| F|  |TAMS 0x0000000085500000, 0x0000000085500000| Untracked 
|  86|0x0000000085600000, 0x0000000085600000, 0x0000000085700000|  0%| F|  |TAMS 0x0000000085600000, 0x0000000085600000| Untracked 
|  87|0x0000000085700000, 0x0000000085700000, 0x0000000085800000|  0%| F|  |TAMS 0x0000000085700000, 0x0000000085700000| Untracked 
|  88|0x0000000085800000, 0x0000000085800000, 0x0000000085900000|  0%| F|  |TAMS 0x0000000085800000, 0x0000000085800000| Untracked 
|  89|0x0000000085900000, 0x0000000085900000, 0x0000000085a00000|  0%| F|  |TAMS 0x0000000085900000, 0x0000000085900000| Untracked 
|  90|0x0000000085a00000, 0x0000000085a00000, 0x0000000085b00000|  0%| F|  |TAMS 0x0000000085a00000, 0x0000000085a00000| Untracked 
|  91|0x0000000085b00000, 0x0000000085b00000, 0x0000000085c00000|  0%| F|  |TAMS 0x0000000085b00000, 0x0000000085b00000| Untracked 
|  92|0x0000000085c00000, 0x0000000085c00000, 0x0000000085d00000|  0%| F|  |TAMS 0x0000000085c00000, 0x0000000085c00000| Untracked 
|  93|0x0000000085d00000, 0x0000000085d00000, 0x0000000085e00000|  0%| F|  |TAMS 0x0000000085d00000, 0x0000000085d00000| Untracked 
|  94|0x0000000085e00000, 0x0000000085e00000, 0x0000000085f00000|  0%| F|  |TAMS 0x0000000085e00000, 0x0000000085e00000| Untracked 
|  95|0x0000000085f00000, 0x0000000085f00000, 0x0000000086000000|  0%| F|  |TAMS 0x0000000085f00000, 0x0000000085f00000| Untracked 
|  96|0x0000000086000000, 0x0000000086000000, 0x0000000086100000|  0%| F|  |TAMS 0x0000000086000000, 0x0000000086000000| Untracked 
|  97|0x0000000086100000, 0x0000000086100000, 0x0000000086200000|  0%| F|  |TAMS 0x0000000086100000, 0x0000000086100000| Untracked 
|  98|0x0000000086200000, 0x0000000086200000, 0x0000000086300000|  0%| F|  |TAMS 0x0000000086200000, 0x0000000086200000| Untracked 
|  99|0x0000000086300000, 0x0000000086300000, 0x0000000086400000|  0%| F|  |TAMS 0x0000000086300000, 0x0000000086300000| Untracked 
| 100|0x0000000086400000, 0x0000000086400000, 0x0000000086500000|  0%| F|  |TAMS 0x0000000086400000, 0x0000000086400000| Untracked 
| 101|0x0000000086500000, 0x0000000086500000, 0x0000000086600000|  0%| F|  |TAMS 0x0000000086500000, 0x0000000086500000| Untracked 
| 102|0x0000000086600000, 0x0000000086600000, 0x0000000086700000|  0%| F|  |TAMS 0x0000000086600000, 0x0000000086600000| Untracked 
| 103|0x0000000086700000, 0x0000000086700000, 0x0000000086800000|  0%| F|  |TAMS 0x0000000086700000, 0x0000000086700000| Untracked 
| 104|0x0000000086800000, 0x0000000086800000, 0x0000000086900000|  0%| F|  |TAMS 0x0000000086800000, 0x0000000086800000| Untracked 
| 105|0x0000000086900000, 0x0000000086900000, 0x0000000086a00000|  0%| F|  |TAMS 0x0000000086900000, 0x0000000086900000| Untracked 
| 106|0x0000000086a00000, 0x0000000086a00000, 0x0000000086b00000|  0%| F|  |TAMS 0x0000000086a00000, 0x0000000086a00000| Untracked 
| 107|0x0000000086b00000, 0x0000000086b00000, 0x0000000086c00000|  0%| F|  |TAMS 0x0000000086b00000, 0x0000000086b00000| Untracked 
| 108|0x0000000086c00000, 0x0000000086c00000, 0x0000000086d00000|  0%| F|  |TAMS 0x0000000086c00000, 0x0000000086c00000| Untracked 
| 109|0x0000000086d00000, 0x0000000086d00000, 0x0000000086e00000|  0%| F|  |TAMS 0x0000000086d00000, 0x0000000086d00000| Untracked 
| 110|0x0000000086e00000, 0x0000000086e00000, 0x0000000086f00000|  0%| F|  |TAMS 0x0000000086e00000, 0x0000000086e00000| Untracked 
| 111|0x0000000086f00000, 0x0000000086f00000, 0x0000000087000000|  0%| F|  |TAMS 0x0000000086f00000, 0x0000000086f00000| Untracked 
| 112|0x0000000087000000, 0x0000000087000000, 0x0000000087100000|  0%| F|  |TAMS 0x0000000087000000, 0x0000000087000000| Untracked 
| 113|0x0000000087100000, 0x0000000087100000, 0x0000000087200000|  0%| F|  |TAMS 0x0000000087100000, 0x0000000087100000| Untracked 
| 114|0x0000000087200000, 0x0000000087200000, 0x0000000087300000|  0%| F|  |TAMS 0x0000000087200000, 0x0000000087200000| Untracked 
| 115|0x0000000087300000, 0x0000000087300000, 0x0000000087400000|  0%| F|  |TAMS 0x0000000087300000, 0x0000000087300000| Untracked 
| 116|0x0000000087400000, 0x0000000087400000, 0x0000000087500000|  0%| F|  |TAMS 0x0000000087400000, 0x0000000087400000| Untracked 
| 117|0x0000000087500000, 0x0000000087500000, 0x0000000087600000|  0%| F|  |TAMS 0x0000000087500000, 0x0000000087500000| Untracked 
| 118|0x0000000087600000, 0x0000000087600000, 0x0000000087700000|  0%| F|  |TAMS 0x0000000087600000, 0x0000000087600000| Untracked 
| 119|0x0000000087700000, 0x0000000087700000, 0x0000000087800000|  0%| F|  |TAMS 0x0000000087700000, 0x0000000087700000| Untracked 
| 120|0x0000000087800000, 0x0000000087800000, 0x0000000087900000|  0%| F|  |TAMS 0x0000000087800000, 0x0000000087800000| Untracked 
| 121|0x0000000087900000, 0x0000000087900000, 0x0000000087a00000|  0%| F|  |TAMS 0x0000000087900000, 0x0000000087900000| Untracked 
| 122|0x0000000087a00000, 0x0000000087a00000, 0x0000000087b00000|  0%| F|  |TAMS 0x0000000087a00000, 0x0000000087a00000| Untracked 
| 123|0x0000000087b00000, 0x0000000087c00000, 0x0000000087c00000|100%| E|  |TAMS 0x0000000087b00000, 0x0000000087b00000| Complete 
| 124|0x0000000087c00000, 0x0000000087d00000, 0x0000000087d00000|100%| E|CS|TAMS 0x0000000087c00000, 0x0000000087c00000| Complete 
| 125|0x0000000087d00000, 0x0000000087e00000, 0x0000000087e00000|100%| E|CS|TAMS 0x0000000087d00000, 0x0000000087d00000| Complete 
| 126|0x0000000087e00000, 0x0000000087f00000, 0x0000000087f00000|100%| E|CS|TAMS 0x0000000087e00000, 0x0000000087e00000| Complete 
| 127|0x0000000087f00000, 0x0000000088000000, 0x0000000088000000|100%| E|CS|TAMS 0x0000000087f00000, 0x0000000087f00000| Complete 

Card table byte_map: [0x000001e161fa0000,0x000001e1623a0000] _byte_map_base: 0x000001e161ba0000

Marking Bits (Prev, Next): (CMBitMap*) 0x000001e14950f760, (CMBitMap*) 0x000001e14950f7a0
 Prev Bits: [0x000001e1627a0000, 0x000001e1647a0000)
 Next Bits: [0x000001e1647a0000, 0x000001e1667a0000)

Polling page: 0x000001e149310000

Metaspace:

Usage:
  Non-class:     14.71 MB used.
      Class:      2.44 MB used.
       Both:     17.15 MB used.

Virtual space:
  Non-class space:       64.00 MB reserved,      14.88 MB ( 23%) committed,  1 nodes.
      Class space:      416.00 MB reserved,       2.56 MB ( <1%) committed,  1 nodes.
             Both:      480.00 MB reserved,      17.44 MB (  4%) committed. 

Chunk freelists:
   Non-Class:  1.17 MB
       Class:  13.48 MB
        Both:  14.64 MB

MaxMetaspaceSize: 512.00 MB
CompressedClassSpaceSize: 416.00 MB
Initial GC threshold: 21.00 MB
Current GC threshold: 21.00 MB
CDS: on
MetaspaceReclaimPolicy: balanced
 - commit_granule_bytes: 65536.
 - commit_granule_words: 8192.
 - virtual_space_node_default_size: 8388608.
 - enlarge_chunks_in_place: 1.
 - new_chunks_are_fully_committed: 0.
 - uncommit_free_chunks: 1.
 - use_allocation_guard: 0.
 - handle_deallocations: 1.


Internal statistics:

num_allocs_failed_limit: 0.
num_arena_births: 224.
num_arena_deaths: 0.
num_vsnodes_births: 2.
num_vsnodes_deaths: 0.
num_space_committed: 279.
num_space_uncommitted: 0.
num_chunks_returned_to_freelist: 0.
num_chunks_taken_from_freelist: 836.
num_chunk_merges: 0.
num_chunk_splits: 538.
num_chunks_enlarged: 374.
num_inconsistent_stats: 0.

CodeHeap 'non-profiled nmethods': size=120000Kb used=1247Kb max_used=1247Kb free=118752Kb
 bounds [0x000001e15a040000, 0x000001e15a2b0000, 0x000001e161570000]
CodeHeap 'profiled nmethods': size=120000Kb used=5120Kb max_used=5120Kb free=114879Kb
 bounds [0x000001e152570000, 0x000001e152a80000, 0x000001e159aa0000]
CodeHeap 'non-nmethods': size=5760Kb used=1232Kb max_used=1261Kb free=4527Kb
 bounds [0x000001e159aa0000, 0x000001e159d10000, 0x000001e15a040000]
 total_blobs=3030 nmethods=2489 adapters=453
 compilation: enabled
              stopped_count=0, restarted_count=0
 full_count=0

Compilation events (20 events):
Event: 6.532 Thread 0x000001e168d5a380 2480       3       org.gradle.internal.service.DefaultServiceRegistry::access$1500 (6 bytes)
Event: 6.532 Thread 0x000001e168d5a380 nmethod 2480 0x000001e152a67a90 code [0x000001e152a67c20, 0x000001e152a67d28]
Event: 6.532 Thread 0x000001e168d5a380 2482       3       org.gradle.internal.service.DefaultServiceRegistry$SingletonService::getAll (38 bytes)
Event: 6.533 Thread 0x000001e168d5a380 nmethod 2482 0x000001e152a67e10 code [0x000001e152a68000, 0x000001e152a68438]
Event: 6.534 Thread 0x000001e168d5a380 2483   !   3       org.gradle.internal.classloader.TransformingClassLoader::findClass (203 bytes)
Event: 6.536 Thread 0x000001e168d5a380 nmethod 2483 0x000001e152a68610 code [0x000001e152a68ae0, 0x000001e152a6ad78]
Event: 6.536 Thread 0x000001e168d5a380 2484       3       org.gradle.initialization.MixInLegacyTypesClassLoader::shouldTransform (42 bytes)
Event: 6.537 Thread 0x000001e168d5a380 nmethod 2484 0x000001e152a6bc90 code [0x000001e152a6be60, 0x000001e152a6c258]
Event: 6.579 Thread 0x000001e168d5a380 2485       3       java.lang.ref.Reference::enqueueFromPending (19 bytes)
Event: 6.579 Thread 0x000001e168d5a380 nmethod 2485 0x000001e152a6c410 code [0x000001e152a6c5c0, 0x000001e152a6c7e8]
Event: 6.579 Thread 0x000001e168d5a380 2487   !   3       java.lang.ref.ReferenceQueue::enqueue (119 bytes)
Event: 6.580 Thread 0x000001e168d5a380 nmethod 2487 0x000001e152a6c890 code [0x000001e152a6ca80, 0x000001e152a6d148]
Event: 6.580 Thread 0x000001e168d5a380 2488       3       java.lang.ref.ReferenceQueue::reallyPoll (65 bytes)
Event: 6.580 Thread 0x000001e168d5a380 nmethod 2488 0x000001e152a6d310 code [0x000001e152a6d4e0, 0x000001e152a6da18]
Event: 6.582 Thread 0x000001e168d5a380 2489       3       org.gradle.internal.service.DefaultServiceRegistry$SingletonService::<init> (58 bytes)
Event: 6.583 Thread 0x000001e168d5a380 nmethod 2489 0x000001e152a6db10 code [0x000001e152a6dd60, 0x000001e152a6e8e8]
Event: 6.598 Thread 0x000001e168d5a380 2490       3       java.util.HashMap::put (13 bytes)
Event: 6.599 Thread 0x000001e168d5a380 nmethod 2490 0x000001e152a6ec90 code [0x000001e152a6ee40, 0x000001e152a6f138]
Event: 6.623 Thread 0x000001e168d5a380 2491       3       java.lang.reflect.Constructor::copy (72 bytes)
Event: 6.623 Thread 0x000001e168d5a380 nmethod 2491 0x000001e152a6f290 code [0x000001e152a6f460, 0x000001e152a6f818]

GC Heap History (8 events):
Event: 1.624 GC heap before
{Heap before GC invocations=0 (full 0):
 garbage-first heap   total 131072K, used 13312K [0x0000000080000000, 0x0000000100000000)
  region size 1024K, 13 young (13312K), 0 survivors (0K)
 Metaspace       used 780K, committed 896K, reserved 491520K
  class space    used 61K, committed 128K, reserved 425984K
}
Event: 1.646 GC heap after
{Heap after GC invocations=1 (full 0):
 garbage-first heap   total 131072K, used 1257K [0x0000000080000000, 0x0000000100000000)
  region size 1024K, 2 young (2048K), 2 survivors (2048K)
 Metaspace       used 780K, committed 896K, reserved 491520K
  class space    used 61K, committed 128K, reserved 425984K
}
Event: 2.317 GC heap before
{Heap before GC invocations=1 (full 0):
 garbage-first heap   total 131072K, used 22761K [0x0000000080000000, 0x0000000100000000)
  region size 1024K, 21 young (21504K), 2 survivors (2048K)
 Metaspace       used 2075K, committed 2240K, reserved 491520K
  class space    used 212K, committed 320K, reserved 425984K
}
Event: 2.321 GC heap after
{Heap after GC invocations=2 (full 0):
 garbage-first heap   total 131072K, used 9978K [0x0000000080000000, 0x0000000100000000)
  region size 1024K, 3 young (3072K), 3 survivors (3072K)
 Metaspace       used 2075K, committed 2240K, reserved 491520K
  class space    used 212K, committed 320K, reserved 425984K
}
Event: 3.969 GC heap before
{Heap before GC invocations=2 (full 0):
 garbage-first heap   total 131072K, used 86778K [0x0000000080000000, 0x0000000100000000)
  region size 1024K, 76 young (77824K), 3 survivors (3072K)
 Metaspace       used 4914K, committed 5120K, reserved 491520K
  class space    used 632K, committed 704K, reserved 425984K
}
Event: 3.977 GC heap after
{Heap after GC invocations=3 (full 0):
 garbage-first heap   total 131072K, used 16329K [0x0000000080000000, 0x0000000100000000)
  region size 1024K, 9 young (9216K), 9 survivors (9216K)
 Metaspace       used 4914K, committed 5120K, reserved 491520K
  class space    used 632K, committed 704K, reserved 425984K
}
Event: 6.563 GC heap before
{Heap before GC invocations=3 (full 0):
 garbage-first heap   total 131072K, used 84937K [0x0000000080000000, 0x0000000100000000)
  region size 1024K, 76 young (77824K), 9 survivors (9216K)
 Metaspace       used 17147K, committed 17408K, reserved 491520K
  class space    used 2428K, committed 2560K, reserved 425984K
}
Event: 6.574 GC heap after
{Heap after GC invocations=4 (full 0):
 garbage-first heap   total 131072K, used 21552K [0x0000000080000000, 0x0000000100000000)
  region size 1024K, 6 young (6144K), 6 survivors (6144K)
 Metaspace       used 17147K, committed 17408K, reserved 491520K
  class space    used 2428K, committed 2560K, reserved 425984K
}

Deoptimization events (20 events):
Event: 5.458 Thread 0x000001e16ef9ef50 DEOPT PACKING pc=0x000001e15a0ddee8 sp=0x000000b1601fb570
Event: 5.458 Thread 0x000001e16ef9ef50 DEOPT UNPACKING pc=0x000001e159af23a3 sp=0x000000b1601fb4d8 mode 2
Event: 6.071 Thread 0x000001e16ef9ef50 Uncommon trap: trap_request=0xffffff45 fr.pc=0x000001e15a1236ac relative=0x000000000000018c
Event: 6.071 Thread 0x000001e16ef9ef50 Uncommon trap: reason=unstable_if action=reinterpret pc=0x000001e15a1236ac method=java.util.WeakHashMap.expungeStaleEntries()V @ 9 c2
Event: 6.071 Thread 0x000001e16ef9ef50 DEOPT PACKING pc=0x000001e15a1236ac sp=0x000000b1601fbc90
Event: 6.071 Thread 0x000001e16ef9ef50 DEOPT UNPACKING pc=0x000001e159af23a3 sp=0x000000b1601fbc28 mode 2
Event: 6.168 Thread 0x000001e16ef9ef50 DEOPT PACKING pc=0x000001e1526639bc sp=0x000000b1601fa860
Event: 6.168 Thread 0x000001e16ef9ef50 DEOPT UNPACKING pc=0x000001e159af2b43 sp=0x000000b1601f9cf8 mode 0
Event: 6.230 Thread 0x000001e16ef9ef50 Uncommon trap: trap_request=0xffffff45 fr.pc=0x000001e15a05e364 relative=0x00000000000009e4
Event: 6.230 Thread 0x000001e16ef9ef50 Uncommon trap: reason=unstable_if action=reinterpret pc=0x000001e15a05e364 method=java.io.WinNTFileSystem.resolve(Ljava/lang/String;Ljava/lang/String;)Ljava/lang/String; @ 19 c2
Event: 6.230 Thread 0x000001e16ef9ef50 DEOPT PACKING pc=0x000001e15a05e364 sp=0x000000b1601fb090
Event: 6.230 Thread 0x000001e16ef9ef50 DEOPT UNPACKING pc=0x000001e159af23a3 sp=0x000000b1601fb038 mode 2
Event: 6.233 Thread 0x000001e16ef9ef50 Uncommon trap: trap_request=0xffffff45 fr.pc=0x000001e15a06b5fc relative=0x00000000000005bc
Event: 6.233 Thread 0x000001e16ef9ef50 Uncommon trap: reason=unstable_if action=reinterpret pc=0x000001e15a06b5fc method=java.io.File.getName()Ljava/lang/String; @ 16 c2
Event: 6.233 Thread 0x000001e16ef9ef50 DEOPT PACKING pc=0x000001e15a06b5fc sp=0x000000b1601fb040
Event: 6.233 Thread 0x000001e16ef9ef50 DEOPT UNPACKING pc=0x000001e159af23a3 sp=0x000000b1601fb010 mode 2
Event: 6.312 Thread 0x000001e16ef9ef50 Uncommon trap: trap_request=0xffffff45 fr.pc=0x000001e15a086078 relative=0x00000000000000d8
Event: 6.312 Thread 0x000001e16ef9ef50 Uncommon trap: reason=unstable_if action=reinterpret pc=0x000001e15a086078 method=java.util.HashMap.hash(Ljava/lang/Object;)I @ 1 c2
Event: 6.312 Thread 0x000001e16ef9ef50 DEOPT PACKING pc=0x000001e15a086078 sp=0x000000b1601fc0c0
Event: 6.312 Thread 0x000001e16ef9ef50 DEOPT UNPACKING pc=0x000001e159af23a3 sp=0x000000b1601fc000 mode 2

Classes unloaded (0 events):
No events

Classes redefined (0 events):
No events

Internal exceptions (20 events):
Event: 5.467 Thread 0x000001e16ef9ef50 Exception <a 'java/lang/NoSuchMethodError'{0x0000000085dca620}: 'int java.lang.invoke.DirectMethodHandle$Holder.invokeVirtual(java.lang.Object, java.lang.Object, java.lang.Object)'> (0x0000000085dca620) 
thrown [s\open\src\hotspot\share\interpreter\linkResolver.cpp, line 759]
Event: 5.610 Thread 0x000001e16ef9ef50 Exception <a 'java/lang/NoSuchMethodError'{0x0000000085a73fd8}: 'java.lang.Object java.lang.invoke.DirectMethodHandle$Holder.newInvokeSpecial(java.lang.Object, java.lang.Object, java.lang.Object, java.lang.Object, java.lang.Object, java.lang.Object)'> (0x0000000085a73fd8) 
thrown [s\open\src\hotspot\share\interpreter\linkResolver.cpp, line 759]
Event: 5.794 Thread 0x000001e16ef9ef50 Exception <a 'java/lang/NoSuchMethodError'{0x0000000085780900}: 'void java.lang.invoke.DelegatingMethodHandle$Holder.reinvoke_L(java.lang.Object, java.lang.Object, java.lang.Object, java.lang.Object, java.lang.Object, java.lang.Object, java.lang.Object, java.lang.Object, java.lang.Object, java.lang.Object)'> (0x0000000085780900) 
thrown [s\open\src\hotspot\share\interpreter\linkResolver.cpp, line 759]
Event: 5.795 Thread 0x000001e16ef9ef50 Exception <a 'java/lang/NoSuchMethodError'{0x00000000857890a0}: 'java.lang.Object java.lang.invoke.DirectMethodHandle$Holder.invokeSpecial(java.lang.Object, java.lang.Object, java.lang.Object, java.lang.Object, java.lang.Object, java.lang.Object, java.lang.Object, java.lang.Object, java.lang.Object, java.lang.Object)'> (0x00000000857890a0) 
thrown [s\open\src\hotspot\share\interpreter\linkResolver.cpp, line 759]
Event: 5.795 Thread 0x000001e16ef9ef50 Exception <a 'java/lang/NoSuchMethodError'{0x000000008578d970}: 'java.lang.Object java.lang.invoke.Invokers$Holder.invoker(java.lang.Object, java.lang.Object, java.lang.Object, java.lang.Object, java.lang.Object, java.lang.Object, java.lang.Object, java.lang.Object, java.lang.Object, java.lang.Object)'> (0x000000008578d970) 
thrown [s\open\src\hotspot\share\interpreter\linkResolver.cpp, line 759]
Event: 5.796 Thread 0x000001e16ef9ef50 Exception <a 'java/lang/NoSuchMethodError'{0x0000000085793578}: 'java.lang.Object java.lang.invoke.DirectMethodHandle$Holder.invokeSpecial(java.lang.Object, java.lang.Object, java.lang.Object, java.lang.Object, java.lang.Object, java.lang.Object, java.lang.Object, java.lang.Object, java.lang.Object, java.lang.Object, java.lang.Object)'> (0x0000000085793578) 
thrown [s\open\src\hotspot\share\interpreter\linkResolver.cpp, line 759]
Event: 6.129 Thread 0x000001e16ef9ef50 Exception <a 'java/lang/NoSuchMethodError'{0x0000000084fcf9e0}: 'java.lang.Object java.lang.invoke.DirectMethodHandle$Holder.newInvokeSpecial(java.lang.Object, java.lang.Object, int)'> (0x0000000084fcf9e0) 
thrown [s\open\src\hotspot\share\interpreter\linkResolver.cpp, line 759]
Event: 6.245 Thread 0x000001e16ef9ef50 Exception <a 'java/lang/NoSuchMethodError'{0x0000000084a9d5e0}: 'void java.lang.invoke.DirectMethodHandle$Holder.invokeStatic(java.lang.Object, java.lang.Object, java.lang.Object, java.lang.Object)'> (0x0000000084a9d5e0) 
thrown [s\open\src\hotspot\share\interpreter\linkResolver.cpp, line 759]
Event: 6.245 Thread 0x000001e16ef9ef50 Exception <a 'java/lang/NoSuchMethodError'{0x0000000084aa1a80}: 'void java.lang.invoke.DirectMethodHandle$Holder.invokeStaticInit(java.lang.Object, java.lang.Object, java.lang.Object, java.lang.Object)'> (0x0000000084aa1a80) 
thrown [s\open\src\hotspot\share\interpreter\linkResolver.cpp, line 759]
Event: 6.252 Thread 0x000001e16ef9ef50 Exception <a 'java/lang/NoSuchMethodError'{0x0000000084900fa8}: 'java.lang.Object java.lang.invoke.DirectMethodHandle$Holder.invokeInterface(java.lang.Object, java.lang.Object, java.lang.Object)'> (0x0000000084900fa8) 
thrown [s\open\src\hotspot\share\interpreter\linkResolver.cpp, line 759]
Event: 6.283 Thread 0x000001e16ef9ef50 Exception <a 'java/lang/NoSuchMethodError'{0x00000000849e78e8}: 'int java.lang.invoke.DirectMethodHandle$Holder.invokeSpecialIFC(java.lang.Object, java.lang.Object, java.lang.Object, java.lang.Object)'> (0x00000000849e78e8) 
thrown [s\open\src\hotspot\share\interpreter\linkResolver.cpp, line 759]
Event: 6.288 Thread 0x000001e16ef9ef50 Exception <a 'java/lang/IncompatibleClassChangeError'{0x00000000849f6680}: Found class java.lang.Object, but interface was expected> (0x00000000849f6680) 
thrown [s\open\src\hotspot\share\interpreter\linkResolver.cpp, line 826]
Event: 6.312 Thread 0x000001e16ef9ef50 Implicit null exception at 0x000001e15a085fd8 to 0x000001e15a08606e
Event: 6.331 Thread 0x000001e16ef9ef50 Exception <a 'java/lang/NoSuchMethodError'{0x00000000846012e0}: 'int java.lang.invoke.DirectMethodHandle$Holder.invokeStatic(java.lang.Object, java.lang.Object, java.lang.Object, java.lang.Object)'> (0x00000000846012e0) 
thrown [s\open\src\hotspot\share\interpreter\linkResolver.cpp, line 759]
Event: 6.332 Thread 0x000001e16ef9ef50 Exception <a 'java/lang/NoSuchMethodError'{0x00000000846051b0}: 'java.lang.Object java.lang.invoke.Invokers$Holder.invokeExact_MT(java.lang.Object, java.lang.Object, java.lang.Object, java.lang.Object, java.lang.Object, java.lang.Object)'> (0x00000000846051b0) 
thrown [s\open\src\hotspot\share\interpreter\linkResolver.cpp, line 759]
Event: 6.422 Thread 0x000001e16ef9ef50 Exception <a 'java/lang/IncompatibleClassChangeError'{0x000000008420b520}: Found class java.lang.Object, but interface was expected> (0x000000008420b520) 
thrown [s\open\src\hotspot\share\interpreter\linkResolver.cpp, line 826]
Event: 6.484 Thread 0x000001e16ef9db10 Exception <a 'java/lang/NoSuchMethodError'{0x0000000086613640}: static Lorg/gradle/internal/build/event/types/DefaultOperationStartedProgressEvent;.<clinit>()V> (0x0000000086613640) 
thrown [s\open\src\hotspot\share\prims\jni.cpp, line 1112]
Event: 6.485 Thread 0x000001e16ef9db10 Exception <a 'java/lang/NoSuchMethodError'{0x0000000086614bc8}: static Lorg/gradle/internal/build/event/types/AbstractProgressEvent;.<clinit>()V> (0x0000000086614bc8) 
thrown [s\open\src\hotspot\share\prims\jni.cpp, line 1112]
Event: 6.489 Thread 0x000001e16ef9db10 Exception <a 'java/lang/NoSuchMethodError'{0x000000008661d8e0}: static Lorg/gradle/internal/build/event/types/DefaultOperationDescriptor;.<clinit>()V> (0x000000008661d8e0) 
thrown [s\open\src\hotspot\share\prims\jni.cpp, line 1112]
Event: 6.491 Thread 0x000001e16ef9db10 Exception <a 'java/lang/NoSuchMethodError'{0x0000000086633240}: static Lorg/gradle/internal/operations/OperationIdentifier;.<clinit>()V> (0x0000000086633240) 
thrown [s\open\src\hotspot\share\prims\jni.cpp, line 1112]

VM Operations (20 events):
Event: 4.578 Executing VM operation: HandshakeAllThreads
Event: 4.578 Executing VM operation: HandshakeAllThreads done
Event: 4.648 Executing VM operation: HandshakeAllThreads
Event: 4.648 Executing VM operation: HandshakeAllThreads done
Event: 4.716 Executing VM operation: HandshakeAllThreads
Event: 4.716 Executing VM operation: HandshakeAllThreads done
Event: 4.767 Executing VM operation: HandshakeAllThreads
Event: 4.767 Executing VM operation: HandshakeAllThreads done
Event: 4.995 Executing VM operation: HandshakeAllThreads
Event: 4.995 Executing VM operation: HandshakeAllThreads done
Event: 4.995 Executing VM operation: Cleanup
Event: 4.995 Executing VM operation: Cleanup done
Event: 6.331 Executing VM operation: ICBufferFull
Event: 6.331 Executing VM operation: ICBufferFull done
Event: 6.401 Executing VM operation: HandshakeAllThreads
Event: 6.401 Executing VM operation: HandshakeAllThreads done
Event: 6.402 Executing VM operation: HandshakeAllThreads
Event: 6.402 Executing VM operation: HandshakeAllThreads done
Event: 6.563 Executing VM operation: G1CollectForAllocation
Event: 6.574 Executing VM operation: G1CollectForAllocation done

Events (20 events):
Event: 6.275 loading class java/nio/file/FileVisitOption
Event: 6.275 loading class java/nio/file/FileVisitOption done
Event: 6.290 loading class java/util/stream/ReduceOps$1
Event: 6.291 loading class java/util/stream/ReduceOps$1 done
Event: 6.291 loading class java/util/stream/ReduceOps$1ReducingSink
Event: 6.291 loading class java/util/stream/ReduceOps$1ReducingSink done
Event: 6.436 loading class java/util/Collections$2
Event: 6.439 loading class java/util/Collections$2 done
Event: 6.482 loading class java/io/ObjectOutputStream$BlockDataOutputStream
Event: 6.482 loading class java/io/ObjectOutputStream$BlockDataOutputStream done
Event: 6.482 loading class java/io/ObjectOutputStream$HandleTable
Event: 6.483 loading class java/io/ObjectOutputStream$HandleTable done
Event: 6.483 loading class java/io/ObjectOutputStream$ReplaceTable
Event: 6.483 loading class java/io/ObjectOutputStream$ReplaceTable done
Event: 6.489 loading class java/io/UnsupportedEncodingException
Event: 6.490 loading class java/io/UnsupportedEncodingException done
Event: 6.490 loading class java/nio/charset/CharacterCodingException
Event: 6.490 loading class java/nio/charset/CharacterCodingException done
Event: 6.604 loading class java/util/function/LongFunction
Event: 6.604 loading class java/util/function/LongFunction done


Dynamic libraries:
0x00007ff6b3050000 - 0x00007ff6b3060000 	C:\Program Files\Java\jdk-17\bin\java.exe
0x00007ffd83a00000 - 0x00007ffd83bf0000 	C:\Windows\SYSTEM32\ntdll.dll
0x00007ffd81bd0000 - 0x00007ffd81c82000 	C:\Windows\System32\KERNEL32.DLL
0x00007ffd81640000 - 0x00007ffd818e5000 	C:\Windows\System32\KERNELBASE.dll
0x00007ffd809a0000 - 0x00007ffd80a9a000 	C:\Windows\System32\ucrtbase.dll
0x00007ffd679e0000 - 0x00007ffd679f9000 	C:\Program Files\Java\jdk-17\bin\jli.dll
0x00007ffd83690000 - 0x00007ffd83733000 	C:\Windows\System32\ADVAPI32.dll
0x00007ffd81c90000 - 0x00007ffd81d2e000 	C:\Windows\System32\msvcrt.dll
0x00007ffd835f0000 - 0x00007ffd83687000 	C:\Windows\System32\sechost.dll
0x00007ffd81ab0000 - 0x00007ffd81bcf000 	C:\Windows\System32\RPCRT4.dll
0x00007ffd82d30000 - 0x00007ffd82ec4000 	C:\Windows\System32\USER32.dll
0x00007ffd80970000 - 0x00007ffd80991000 	C:\Windows\System32\win32u.dll
0x00007ffd82d00000 - 0x00007ffd82d26000 	C:\Windows\System32\GDI32.dll
0x00007ffd80d20000 - 0x00007ffd80eb8000 	C:\Windows\System32\gdi32full.dll
0x00007ffd81a10000 - 0x00007ffd81aae000 	C:\Windows\System32\msvcp_win.dll
0x00007ffd68330000 - 0x00007ffd6834b000 	C:\Program Files\Java\jdk-17\bin\VCRUNTIME140.dll
0x00007ffd71e60000 - 0x00007ffd720e4000 	C:\Windows\WinSxS\amd64_microsoft.windows.common-controls_6595b64144ccf1df_6.0.18362.1556_none_9e7e372fe45e41d5\COMCTL32.dll
0x00007ffd82ed0000 - 0x00007ffd83206000 	C:\Windows\System32\combase.dll
0x00007ffd80aa0000 - 0x00007ffd80b21000 	C:\Windows\System32\bcryptPrimitives.dll
0x00007ffd79400000 - 0x00007ffd7940a000 	C:\Windows\SYSTEM32\VERSION.dll
0x00007ffd832d0000 - 0x00007ffd832fe000 	C:\Windows\System32\IMM32.DLL
0x00007ffd6a9f0000 - 0x00007ffd6a9fc000 	C:\Program Files\Java\jdk-17\bin\vcruntime140_1.dll
0x00007ffd1c3f0000 - 0x00007ffd1c47e000 	C:\Program Files\Java\jdk-17\bin\msvcp140.dll
0x00007ffd1adc0000 - 0x00007ffd1b9a0000 	C:\Program Files\Java\jdk-17\bin\server\jvm.dll
0x00007ffd82b80000 - 0x00007ffd82b88000 	C:\Windows\System32\PSAPI.DLL
0x00007ffd68470000 - 0x00007ffd68479000 	C:\Windows\SYSTEM32\WSOCK32.dll
0x00007ffd83740000 - 0x00007ffd837af000 	C:\Windows\System32\WS2_32.dll
0x00007ffd7e9d0000 - 0x00007ffd7e9f4000 	C:\Windows\SYSTEM32\WINMM.dll
0x00007ffd7e9a0000 - 0x00007ffd7e9cd000 	C:\Windows\SYSTEM32\WINMMBASE.dll
0x00007ffd81910000 - 0x00007ffd8195a000 	C:\Windows\System32\cfgmgr32.dll
0x00007ffd808c0000 - 0x00007ffd808d1000 	C:\Windows\System32\kernel.appcore.dll
0x00007ffd5e520000 - 0x00007ffd5e52a000 	C:\Program Files\Java\jdk-17\bin\jimage.dll
0x00007ffd728f0000 - 0x00007ffd72ae4000 	C:\Windows\SYSTEM32\DBGHELP.DLL
0x00007ffd70e40000 - 0x00007ffd70e6a000 	C:\Windows\SYSTEM32\dbgcore.DLL
0x00007ffd57690000 - 0x00007ffd5769e000 	C:\Program Files\Java\jdk-17\bin\instrument.dll
0x00007ffd57660000 - 0x00007ffd57685000 	C:\Program Files\Java\jdk-17\bin\java.dll
0x00007ffd1c310000 - 0x00007ffd1c3e7000 	C:\Program Files\Java\jdk-17\bin\jsvml.dll
0x00007ffd82430000 - 0x00007ffd82b17000 	C:\Windows\System32\SHELL32.dll
0x00007ffd81ef0000 - 0x00007ffd81f98000 	C:\Windows\System32\shcore.dll
0x00007ffd80ec0000 - 0x00007ffd8163b000 	C:\Windows\System32\windows.storage.dll
0x00007ffd80900000 - 0x00007ffd8091e000 	C:\Windows\System32\profapi.dll
0x00007ffd80920000 - 0x00007ffd8096a000 	C:\Windows\System32\powrprof.dll
0x00007ffd808b0000 - 0x00007ffd808c0000 	C:\Windows\System32\UMPDC.dll
0x00007ffd83810000 - 0x00007ffd83862000 	C:\Windows\System32\shlwapi.dll
0x00007ffd818f0000 - 0x00007ffd81907000 	C:\Windows\System32\cryptsp.dll
0x00007ffd3bb00000 - 0x00007ffd3bb18000 	C:\Program Files\Java\jdk-17\bin\zip.dll
0x00007ffd3bae0000 - 0x00007ffd3baf9000 	C:\Program Files\Java\jdk-17\bin\net.dll
0x00007ffd76140000 - 0x00007ffd7623a000 	C:\Windows\SYSTEM32\WINHTTP.dll
0x00007ffd80090000 - 0x00007ffd800f7000 	C:\Windows\system32\mswsock.dll
0x00007ffd3ab90000 - 0x00007ffd3aba6000 	C:\Program Files\Java\jdk-17\bin\nio.dll
0x00007ffd75030000 - 0x00007ffd75040000 	C:\Program Files\Java\jdk-17\bin\verify.dll
0x00007ffd74e30000 - 0x00007ffd74e57000 	C:\Users\admin\.gradle\native\1def1411415f61bf3af743bc5b6707747c0891f09f0c88961ee8f79bc544acac\windows-amd64\native-platform.dll
0x00007ffd573e0000 - 0x00007ffd57458000 	C:\Users\admin\.gradle\native\0.2.7\x86_64-windows-gnu\gradle-fileevents.dll
0x00007ffd75020000 - 0x00007ffd7502a000 	C:\Program Files\Java\jdk-17\bin\management.dll
0x00007ffd696a0000 - 0x00007ffd696ab000 	C:\Program Files\Java\jdk-17\bin\management_ext.dll
0x00007ffd7fda0000 - 0x00007ffd7fdda000 	C:\Windows\SYSTEM32\IPHLPAPI.DLL
0x00007ffd82b90000 - 0x00007ffd82b98000 	C:\Windows\System32\NSI.dll
0x00007ffd7a150000 - 0x00007ffd7a166000 	C:\Windows\SYSTEM32\dhcpcsvc6.DLL
0x00007ffd7a410000 - 0x00007ffd7a42c000 	C:\Windows\SYSTEM32\dhcpcsvc.DLL
0x00007ffd7fde0000 - 0x00007ffd7feab000 	C:\Windows\SYSTEM32\DNSAPI.dll
0x00007ffd7fc10000 - 0x00007ffd7fc43000 	C:\Windows\system32\rsaenh.dll
0x00007ffd80cf0000 - 0x00007ffd80d16000 	C:\Windows\System32\bcrypt.dll
0x00007ffd807d0000 - 0x00007ffd807f5000 	C:\Windows\SYSTEM32\USERENV.dll
0x00007ffd80260000 - 0x00007ffd8026c000 	C:\Windows\SYSTEM32\CRYPTBASE.dll
0x00007ffd69690000 - 0x00007ffd6969e000 	C:\Program Files\Java\jdk-17\bin\sunmscapi.dll
0x00007ffd80b30000 - 0x00007ffd80c81000 	C:\Windows\System32\CRYPT32.dll
0x00007ffd808e0000 - 0x00007ffd808f2000 	C:\Windows\System32\MSASN1.dll
0x00007ffd80370000 - 0x00007ffd80396000 	C:\Windows\SYSTEM32\ncrypt.dll
0x00007ffd80330000 - 0x00007ffd8036b000 	C:\Windows\SYSTEM32\NTASN1.dll
0x00007ffd57640000 - 0x00007ffd57647000 	C:\Windows\system32\wshunix.dll

dbghelp: loaded successfully - version: 4.0.5 - missing functions: none
symbol engine: initialized successfully - sym options: 0x614 - pdb path: .;C:\Program Files\Java\jdk-17\bin;C:\Windows\SYSTEM32;C:\Windows\WinSxS\amd64_microsoft.windows.common-controls_6595b64144ccf1df_6.0.18362.1556_none_9e7e372fe45e41d5;C:\Program Files\Java\jdk-17\bin\server;C:\Users\admin\.gradle\native\1def1411415f61bf3af743bc5b6707747c0891f09f0c88961ee8f79bc544acac\windows-amd64;C:\Users\admin\.gradle\native\0.2.7\x86_64-windows-gnu

VM Arguments:
jvm_args: --add-opens=java.base/java.lang=ALL-UNNAMED --add-opens=java.base/java.lang.invoke=ALL-UNNAMED --add-opens=java.base/java.util=ALL-UNNAMED --add-opens=java.prefs/java.util.prefs=ALL-UNNAMED --add-exports=jdk.compiler/com.sun.tools.javac.api=ALL-UNNAMED --add-exports=jdk.compiler/com.sun.tools.javac.util=ALL-UNNAMED --add-opens=java.base/java.util=ALL-UNNAMED --add-opens=java.prefs/java.util.prefs=ALL-UNNAMED --add-opens=java.base/java.nio.charset=ALL-UNNAMED --add-opens=java.base/java.net=ALL-UNNAMED --add-opens=java.base/java.util.concurrent.atomic=ALL-UNNAMED --add-opens=java.xml/javax.xml.namespace=ALL-UNNAMED -XX:MaxMetaspaceSize=512m -XX:+HeapDumpOnOutOfMemoryError -Xmx2048m -Dfile.encoding=UTF-8 -Duser.country=US -Duser.language=en -Duser.variant -javaagent:C:\Users\admin\.gradle\wrapper\dists\gradle-8.14-all\c2qonpi39x1mddn7hk5gh9iqj\gradle-8.14\lib\agents\gradle-instrumentation-agent-8.14.jar 
java_command: org.gradle.launcher.daemon.bootstrap.GradleDaemon 8.14
java_class_path (initial): C:\Users\admin\.gradle\wrapper\dists\gradle-8.14-all\c2qonpi39x1mddn7hk5gh9iqj\gradle-8.14\lib\gradle-daemon-main-8.14.jar
Launcher Type: SUN_STANDARD

[Global flags]
     intx CICompilerCount                          = 3                                         {product} {ergonomic}
   size_t CompressedClassSpaceSize                 = 436207616                                 {product} {ergonomic}
     uint ConcGCThreads                            = 1                                         {product} {ergonomic}
     uint G1ConcRefinementThreads                  = 4                                         {product} {ergonomic}
   size_t G1HeapRegionSize                         = 1048576                                   {product} {ergonomic}
    uintx GCDrainStackTargetSize                   = 64                                        {product} {ergonomic}
     bool HeapDumpOnOutOfMemoryError               = true                                   {manageable} {command line}
   size_t InitialHeapSize                          = 134217728                                 {product} {ergonomic}
   size_t MarkStackSize                            = 4194304                                   {product} {ergonomic}
   size_t MaxHeapSize                              = 2147483648                                {product} {command line}
   size_t MaxMetaspaceSize                         = 536870912                                 {product} {command line}
   size_t MaxNewSize                               = 1287651328                                {product} {ergonomic}
   size_t MinHeapDeltaBytes                        = 1048576                                   {product} {ergonomic}
   size_t MinHeapSize                              = 8388608                                   {product} {ergonomic}
    uintx NonNMethodCodeHeapSize                   = 5832780                                {pd product} {ergonomic}
    uintx NonProfiledCodeHeapSize                  = 122912730                              {pd product} {ergonomic}
    uintx ProfiledCodeHeapSize                     = 122912730                              {pd product} {ergonomic}
    uintx ReservedCodeCacheSize                    = 251658240                              {pd product} {ergonomic}
     bool SegmentedCodeCache                       = true                                      {product} {ergonomic}
   size_t SoftMaxHeapSize                          = 2147483648                             {manageable} {ergonomic}
     bool UseCompressedClassPointers               = true                           {product lp64_product} {ergonomic}
     bool UseCompressedOops                        = true                           {product lp64_product} {ergonomic}
     bool UseG1GC                                  = true                                      {product} {ergonomic}
     bool UseLargePagesIndividualAllocation        = false                                  {pd product} {ergonomic}

Logging:
Log output configuration:
 #0: stdout all=warning uptime,level,tags
 #1: stderr all=off uptime,level,tags

Environment Variables:
JAVA_HOME=C:\Program Files\Java\jdk-17
PATH=C:\Python314\Scripts\;C:\Python314\;C:\Windows\system32;C:\Windows;C:\Windows\System32\Wbem;C:\Windows\System32\WindowsPowerShell\v1.0\;C:\Windows\System32\OpenSSH\;C:\Program Files (x86)\Microsoft SQL Server\170\Tools\Binn\;C:\Program Files\Microsoft SQL Server\170\Tools\Binn\;C:\Program Files\Microsoft SQL Server\Client SDK\ODBC\180\Tools\Binn\;C:\Program Files\Microsoft SQL Server\170\DTS\Binn\;C:\Program Files\nodejs\;C:\ProgramData\chocolatey\bin;C:\Program Files\dotnet\;C:\Program Files\MySQL\MySQL Server 9.6\bin;C:\Program Files\Git\cmd;C:\Program Files\Java\jdk-17\bin;C:\Program Files\Common Files\Oracle\Java\javapath;C:\Program Files\Java\jdk-17\bin;C:\Users\admin\Downloads\Release-26.02.0-0\poppler-26.02.0\Library\bin;C:\Users\admin\AppData\Local\Microsoft\WindowsApps;d:\Users\admin\AppData\Local\Programs\Microsoft VS Code\bin;C:\Users\admin\AppData\Roaming\npm;C:\Users\admin\.dotnet\tools;C:\flutter\bin;C:\Users\admin\AppData\Local\Programs\Antigravity\bin
USERNAME=admin
OS=Windows_NT
PROCESSOR_IDENTIFIER=Intel64 Family 6 Model 58 Stepping 9, GenuineIntel



---------------  S Y S T E M  ---------------

OS:
 Windows 10 , 64 bit Build 18362 (10.0.18362.1500)
OS uptime: 0 days 0:06 hours

CPU: total 4 (initial active 4) (4 cores per cpu, 1 threads per core) family 6 model 58 stepping 9 microcode 0x20, cx8, cmov, fxsr, mmx, sse, sse2, sse3, ssse3, sse4.1, sse4.2, popcnt, tsc, tscinvbit, avx, aes, erms, clmul, vzeroupper, clflush

Memory: 4k page, system-wide physical 8079M (615M free)
TotalPageFile size 9698M (AvailPageFile size 3M)
current process WorkingSet (physical memory assigned to process): 199M, peak: 199M
current process commit charge ("private bytes"): 269M, peak: 271M

vm_info: Java HotSpot(TM) 64-Bit Server VM (17.0.12+8-LTS-286) for windows-amd64 JRE (17.0.12+8-LTS-286), built on Jun  5 2024 06:46:59 by "mach5one" with MS VC++ 17.6 (VS2022)

END.
